
Optional file libmchp_peripheral.a not found

Optional file libmchp_peripheral_32MX270F256B.a not found
Archive member included because of file (symbol)

c:/program files/microchip/xc32/v2.50/bin/bin/../../lib/gcc/pic32mx/4.8.3\libgcc.a(_udivdi3.o)
                              build/default/debug/UART.o (__udivdi3)
c:/program files/microchip/xc32/v2.50/bin/bin/../../lib/gcc/pic32mx/4.8.3/../../../../pic32mx/lib\libpic32.a(memcmp.o)
                              build/default/debug/FreeRTOS/Core/portable/MPLAB/PIC32MX/port.o (memcmp)
c:/program files/microchip/xc32/v2.50/bin/bin/../../lib/gcc/pic32mx/4.8.3/../../../../pic32mx/lib\libpic32.a(memcpy.o)
                              build/default/debug/FreeRTOS/Core/queue.o (memcpy)
c:/program files/microchip/xc32/v2.50/bin/bin/../../lib/gcc/pic32mx/4.8.3/../../../../pic32mx/lib\libpic32.a(memset.o)
                              build/default/debug/FreeRTOS/Core/stream_buffer.o (memset)
c:/program files/microchip/xc32/v2.50/bin/bin/../../lib/gcc/pic32mx/4.8.3/../../../../pic32mx/lib\libpic32.a(strcmp.o)
                              build/default/debug/FreeRTOS/TCPIP/FreeRTOS_DNS.o (strcmp)
c:/program files/microchip/xc32/v2.50/bin/bin/../../lib/gcc/pic32mx/4.8.3/../../../../pic32mx/lib\libpic32.a(strcpy.o)
                              build/default/debug/FreeRTOS/Core/tasks.o (strcpy)
c:/program files/microchip/xc32/v2.50/bin/bin/../../lib/gcc/pic32mx/4.8.3/../../../../pic32mx/lib\libpic32.a(strlen.o)
                              build/default/debug/FreeRTOS/Core/tasks.o (strlen)
c:/program files/microchip/xc32/v2.50/bin/bin/../../lib/gcc/pic32mx/4.8.3/../../../../pic32mx/lib\libpic32.a(default-bootstrap-exception-handler.o)
                              C:\Users\Thorb\AppData\Local\Temp\ccCSMUoQ.o (_bootstrap_exception_handler)
c:/program files/microchip/xc32/v2.50/bin/bin/../../lib/gcc/pic32mx/4.8.3/../../../../pic32mx/lib\libpic32.a(default-on-reset.o)
                              C:\Users\Thorb\AppData\Local\Temp\ccCSMUoQ.o (_on_reset)
c:/program files/microchip/xc32/v2.50/bin/bin/../../lib/gcc/pic32mx/4.8.3/../../../../pic32mx/lib\libpic32.a(default-on-bootstrap.o)
                              C:\Users\Thorb\AppData\Local\Temp\ccCSMUoQ.o (_on_bootstrap)
c:/program files/microchip/xc32/v2.50/bin/bin/../../lib/gcc/pic32mx/4.8.3/../../../../pic32mx/lib\libpic32.a(default-nmi-handler.o)
                              C:\Users\Thorb\AppData\Local\Temp\ccCSMUoQ.o (_nmi_handler)
c:/program files/microchip/xc32/v2.50/bin/bin/../../lib/gcc/pic32mx/4.8.3/../../../../pic32mx/lib\libpic32.a(pic32_data_init.o)
                              C:\Users\Thorb\AppData\Local\Temp\ccCSMUoQ.o (__pic32_data_init)
c:/program files/microchip/xc32/v2.50/bin/bin/../../lib/gcc/pic32mx/4.8.3/../../../../pic32mx/lib\libpic32.a(general-exception.o)
                              C:\Users\Thorb\AppData\Local\Temp\ccCSMUoQ.o (_general_exception_context)
c:/program files/microchip/xc32/v2.50/bin/bin/../../lib/gcc/pic32mx/4.8.3/../../../../pic32mx/lib\libpic32.a(vector0.o)
                              C:\Users\Thorb\AppData\Local\Temp\cc2RqHEb.o (__vector_dispatch_0)
c:/program files/microchip/xc32/v2.50/bin/bin/../../lib/gcc/pic32mx/4.8.3/../../../../pic32mx/lib\libpic32.a(vector2.o)
                              C:\Users\Thorb\AppData\Local\Temp\cc2RqHEb.o (__vector_dispatch_2)
c:/program files/microchip/xc32/v2.50/bin/bin/../../lib/gcc/pic32mx/4.8.3/../../../../pic32mx/lib\libpic32.a(vector3.o)
                              C:\Users\Thorb\AppData\Local\Temp\cc2RqHEb.o (__vector_dispatch_3)
c:/program files/microchip/xc32/v2.50/bin/bin/../../lib/gcc/pic32mx/4.8.3/../../../../pic32mx/lib\libpic32.a(vector5.o)
                              C:\Users\Thorb\AppData\Local\Temp\cc2RqHEb.o (__vector_dispatch_5)
c:/program files/microchip/xc32/v2.50/bin/bin/../../lib/gcc/pic32mx/4.8.3/../../../../pic32mx/lib\libpic32.a(vector6.o)
                              C:\Users\Thorb\AppData\Local\Temp\cc2RqHEb.o (__vector_dispatch_6)
c:/program files/microchip/xc32/v2.50/bin/bin/../../lib/gcc/pic32mx/4.8.3/../../../../pic32mx/lib\libpic32.a(vector7.o)
                              C:\Users\Thorb\AppData\Local\Temp\cc2RqHEb.o (__vector_dispatch_7)
c:/program files/microchip/xc32/v2.50/bin/bin/../../lib/gcc/pic32mx/4.8.3/../../../../pic32mx/lib\libpic32.a(vector8.o)
                              C:\Users\Thorb\AppData\Local\Temp\cc2RqHEb.o (__vector_dispatch_8)
c:/program files/microchip/xc32/v2.50/bin/bin/../../lib/gcc/pic32mx/4.8.3/../../../../pic32mx/lib\libpic32.a(vector9.o)
                              C:\Users\Thorb\AppData\Local\Temp\cc2RqHEb.o (__vector_dispatch_9)
c:/program files/microchip/xc32/v2.50/bin/bin/../../lib/gcc/pic32mx/4.8.3/../../../../pic32mx/lib\libpic32.a(vector10.o)
                              C:\Users\Thorb\AppData\Local\Temp\cc2RqHEb.o (__vector_dispatch_10)
[...]
Memory Configuration

Name             Origin             Length             Attributes
kseg0_data_mem   0x80000000         0x00000200
kseg1_data_mem   0xa0000000         0x00010000         w !x
kseg0_boot_mem   0x9fc00490         0x00000000
kseg1_boot_mem   0xbfc00000         0x00000490
kseg0_program_mem 0x9d000000         0x0003f000         xr
exception_mem    0x9d03f000         0x00001000
debug_exec_mem   0x9fc00490         0x00000760
config3          0xbfc00bf0         0x00000004
config2          0xbfc00bf4         0x00000004
config1          0xbfc00bf8         0x00000004
config0          0xbfc00bfc         0x00000004
sfrs             0xbf800000         0x00100000
configsfrs       0xbfc00bf0         0x00000010
*default*        0x00000000         0xffffffff

Linker script and memory map


reserve_data_0_kseg0
                0x80000000      0x200
                0x80000000        0x2 SHORT 0x0
                0x000001fd                . = 0x1fd
 *fill*         0x80000002      0x1fb 
                0x80000200                . = ALIGN (0x4)
 *fill*         0x800001fd        0x3 

reserve_data_0_kseg1
                0xa0000000      0x200
                0xa0000000        0x2 SHORT 0x0
                0x000001fd                . = 0x1fd
 *fill*         0xa0000002      0x1fb 
                0xa0000200                . = ALIGN (0x4)
 *fill*         0xa00001fd        0x3 

reserve_boot_0x1fc00490_kseg0
                0x9fc00490      0x760
                0x9fc00490        0x2 SHORT 0x0
                0x00000760                . = 0x760
 *fill*         0x9fc00492      0x75e 
                0x9fc00bf0                . = ALIGN (0x4)

reserve_boot_0x1fc00490_kseg1
                0xbfc00490      0x760
                0xbfc00490        0x2 SHORT 0x0
                0x00000760                . = 0x760
 *fill*         0xbfc00492      0x75e 
                0xbfc00bf0                . = ALIGN (0x4)
LOAD c:/program files/microchip/xc32/v2.50/bin/bin/../../lib/gcc/pic32mx/4.8.3/../../../../pic32mx/lib\software-debug-break.o
LOAD build/default/debug/FreeRTOS/Core/event_groups.o
LOAD build/default/debug/FreeRTOS/Core/list.o
LOAD build/default/debug/FreeRTOS/Core/queue.o
LOAD build/default/debug/FreeRTOS/Core/stream_buffer.o
LOAD build/default/debug/FreeRTOS/Core/tasks.o
LOAD build/default/debug/FreeRTOS/Core/timers.o
LOAD build/default/debug/FreeRTOS/Core/portable/MemMang/heap_4.o
LOAD build/default/debug/FreeRTOS/Core/portable/MPLAB/PIC32MX/port.o
LOAD build/default/debug/FreeRTOS/Core/portable/MPLAB/PIC32MX/port_asm.o
LOAD build/default/debug/FreeRTOS/TCPIP/FreeRTOS_ARP.o
LOAD build/default/debug/FreeRTOS/TCPIP/FreeRTOS_DHCP.o
LOAD build/default/debug/FreeRTOS/TCPIP/FreeRTOS_DNS.o
LOAD build/default/debug/FreeRTOS/TCPIP/FreeRTOS_IP.o
LOAD build/default/debug/FreeRTOS/TCPIP/FreeRTOS_Sockets.o
LOAD build/default/debug/FreeRTOS/TCPIP/FreeRTOS_Stream_Buffer.o
LOAD build/default/debug/FreeRTOS/TCPIP/FreeRTOS_TCP_IP.o
LOAD build/default/debug/FreeRTOS/TCPIP/FreeRTOS_TCP_WIN.o
LOAD build/default/debug/FreeRTOS/TCPIP/FreeRTOS_UDP_IP.o
LOAD build/default/debug/FreeRTOS/TCPIP/portable/BufferManagement/BufferAllocation_2.o
LOAD build/default/debug/ConfigPerformance.o
LOAD build/default/debug/LAN9250.o
LOAD build/default/debug/NetworkInterface_LAN9250.o
LOAD build/default/debug/SPI.o
LOAD build/default/debug/UART.o
LOAD build/default/debug/main.o
LOAD build/default/debug/main_blinky.o
LOAD build/default/debug/LED.o
LOAD build/default/debug/FiberComms.o
LOAD build/default/debug/min.o
                0x00000001                __MPLAB_BUILD = 0x1
                0x00000001                __MPLAB_DEBUG = 0x1
                0x00000001                __DEBUG = 0x1
LOAD C:\Users\Thorb\AppData\Local\Temp\ccCSMUoQ.o
LOAD C:\Users\Thorb\AppData\Local\Temp\ccIshlBp.o
LOAD C:\Users\Thorb\AppData\Local\Temp\cc2RqHEb.o
LOAD c:/program files/microchip/xc32/v2.50/bin/bin/../../lib/gcc/pic32mx/4.8.3/../../../../pic32mx/lib\pic32_software_reset.o
                0x00000400                PROVIDE (_min_stack_size, 0x400)
START GROUP
LOAD c:/program files/microchip/xc32/v2.50/bin/bin/../../lib/gcc/pic32mx/4.8.3/../../../../pic32mx/lib/./proc/32MX270F256B\processor.o
END GROUP
START GROUP
LOAD libmchp_peripheral.a
END GROUP
START GROUP
LOAD libmchp_peripheral_32MX270F256B.a
END GROUP
                0x00000001                PROVIDE (_vector_spacing, 0x1)
                0x9d03f000                PROVIDE (_ebase_address, 0x9d03f000)
                0xbfc00000                _RESET_ADDR = 0xbfc00000
                0xbfc00380                _BEV_EXCPT_ADDR = 0xbfc00380
                0xbfc00480                _DBG_EXCPT_ADDR = 0xbfc00480
                0x9fc00490                _DBG_CODE_ADDR = 0x9fc00490
                0x00000760                _DBG_CODE_SIZE = 0x760
                0x9d03f180                _GEN_EXCPT_ADDR = (_ebase_address + 0x180)

.config_BFC00BF0
                0xbfc00bf0        0x4
 *(.config_BFC00BF0)
 .config_BFC00BF0
                0xbfc00bf0        0x4 build/default/debug/main.o

.config_BFC00BF4
                0xbfc00bf4        0x4
 *(.config_BFC00BF4)
 .config_BFC00BF4
                0xbfc00bf4        0x4 build/default/debug/main.o

.config_BFC00BF8
                0xbfc00bf8        0x4
 *(.config_BFC00BF8)
 .config_BFC00BF8
                0xbfc00bf8        0x4 build/default/debug/main.o

.config_BFC00BFC
                0xbfc00bfc        0x4
 *(.config_BFC00BFC)
 .config_BFC00BFC
                0xbfc00bfc        0x4 build/default/debug/main.o
                0xbfc02000                PROVIDE (_DBG_CODE_ADDR, 0xbfc02000)
                0x00000ff0                PROVIDE (_DBG_CODE_SIZE, 0xff0)

.reset          0xbfc00000      0x178
 *(.reset)
 .reset         0xbfc00000        0x8 C:\Users\Thorb\AppData\Local\Temp\ccCSMUoQ.o
                0xbfc00000                _reset
 *(.reset.startup)
 .reset.startup
                0xbfc00008      0x170 C:\Users\Thorb\AppData\Local\Temp\ccCSMUoQ.o
                0xbfc00008                _startup

.bev_excpt      0xbfc00380       0x10
 *(.bev_handler)
 .bev_handler   0xbfc00380       0x10 C:\Users\Thorb\AppData\Local\Temp\ccCSMUoQ.o

.dbg_excpt      0xbfc00480        0x0
                0xbfc00480                . = (. + DEFINED (_DEBUGGER)?0x8:0x0)

.dbg_code       0x9fc00490        0x0
                0x9fc00490                . = (. + DEFINED (_DEBUGGER)?_DBG_CODE_SIZE:0x0)

.app_excpt      0x9d03f180       0x10
 *(.gen_handler)
 .gen_handler   0x9d03f180       0x10 C:\Users\Thorb\AppData\Local\Temp\ccCSMUoQ.o

.vector_0       0x9d03f200        0x8
 *(.vector_0)
 .vector_0      0x9d03f200        0x8 c:/program files/microchip/xc32/v2.50/bin/bin/../../lib/gcc/pic32mx/4.8.3/../../../../pic32mx/lib\libpic32.a(vector0.o)
                0x9d03f200                __vector_dispatch_0
                0x00000001                ASSERT (((_vector_spacing == 0x0) || (SIZEOF (.vector_0) <= (_vector_spacing << 0x5))), function at exception vector 0 too large)

.vector_1       0x9d03f220        0x8
 *(.vector_1)
 .vector_1      0x9d03f220        0x8 build/default/debug/FreeRTOS/Core/portable/MPLAB/PIC32MX/port.o
                0x9d03f220                __vector_dispatch_1
                0x00000001                ASSERT (((_vector_spacing == 0x0) || (SIZEOF (.vector_1) <= (_vector_spacing << 0x5))), function at exception vector 1 too large)

.vector_2       0x9d03f240        0x8
 *(.vector_2)
 .vector_2      0x9d03f240        0x8 c:/program files/microchip/xc32/v2.50/bin/bin/../../lib/gcc/pic32mx/4.8.3/../../../../pic32mx/lib\libpic32.a(vector2.o)
                0x9d03f240                __vector_dispatch_2
                0x00000001                ASSERT (((_vector_spacing == 0x0) || (SIZEOF (.vector_2) <= (_vector_spacing << 0x5))), function at exception vector 2 too large)

.vector_3       0x9d03f260        0x8
 *(.vector_3)
 .vector_3      0x9d03f260        0x8 c:/program files/microchip/xc32/v2.50/bin/bin/../../lib/gcc/pic32mx/4.8.3/../../../../pic32mx/lib\libpic32.a(vector3.o)
                0x9d03f260                __vector_dispatch_3
                0x00000001                ASSERT (((_vector_spacing == 0x0) || (SIZEOF (.vector_3) <= (_vector_spacing << 0x5))), function at exception vector 3 too large)

.vector_4       0x9d03f280        0x8
 *(.vector_4)
 .vector_4      0x9d03f280        0x8 build/default/debug/FreeRTOS/Core/portable/MPLAB/PIC32MX/port.o
                0x9d03f280                __vector_dispatch_4
                0x00000001                ASSERT (((_vector_spacing == 0x0) || (SIZEOF (.vector_4) <= (_vector_spacing << 0x5))), function at exception vector 4 too large)

.vector_5       0x9d03f2a0        0x8
 *(.vector_5)
 .vector_5      0x9d03f2a0        0x8 c:/program files/microchip/xc32/v2.50/bin/bin/../../lib/gcc/pic32mx/4.8.3/../../../../pic32mx/lib\libpic32.a(vector5.o)
                0x9d03f2a0                __vector_dispatch_5
                0x00000001                ASSERT (((_vector_spacing == 0x0) || (SIZEOF (.vector_5) <= (_vector_spacing << 0x5))), function at exception vector 5 too large)

.vector_6       0x9d03f2c0        0x8
 *(.vector_6)
 .vector_6      0x9d03f2c0        0x8 c:/program files/microchip/xc32/v2.50/bin/bin/../../lib/gcc/pic32mx/4.8.3/../../../../pic32mx/lib\libpic32.a(vector6.o)
                0x9d03f2c0                __vector_dispatch_6
                0x00000001                ASSERT (((_vector_spacing == 0x0) || (SIZEOF (.vector_6) <= (_vector_spacing << 0x5))), function at exception vector 6 too large)

.vector_7       0x9d03f2e0        0x8
 *(.vector_7)
 .vector_7      0x9d03f2e0        0x8 c:/program files/microchip/xc32/v2.50/bin/bin/../../lib/gcc/pic32mx/4.8.3/../../../../pic32mx/lib\libpic32.a(vector7.o)
                0x9d03f2e0                __vector_dispatch_7
                0x00000001                ASSERT (((_vector_spacing == 0x0) || (SIZEOF (.vector_7) <= (_vector_spacing << 0x5))), function at exception vector 7 too large)

.vector_8       0x9d03f300        0x8
 *(.vector_8)
 .vector_8      0x9d03f300        0x8 c:/program files/microchip/xc32/v2.50/bin/bin/../../lib/gcc/pic32mx/4.8.3/../../../../pic32mx/lib\libpic32.a(vector8.o)
                0x9d03f300                __vector_dispatch_8
                0x00000001                ASSERT (((_vector_spacing == 0x0) || (SIZEOF (.vector_8) <= (_vector_spacing << 0x5))), function at exception vector 8 too large)

.vector_9       0x9d03f320        0x8
 *(.vector_9)
 .vector_9      0x9d03f320        0x8 c:/program files/microchip/xc32/v2.50/bin/bin/../../lib/gcc/pic32mx/4.8.3/../../../../pic32mx/lib\libpic32.a(vector9.o)
                0x9d03f320                __vector_dispatch_9
                0x00000001                ASSERT (((_vector_spacing == 0x0) || (SIZEOF (.vector_9) <= (_vector_spacing << 0x5))), function at exception vector 9 too large)

.vector_10      0x9d03f340        0x8
 *(.vector_10)
 .vector_10     0x9d03f340        0x8 c:/program files/microchip/xc32/v2.50/bin/bin/../../lib/gcc/pic32mx/4.8.3/../../../../pic32mx/lib\libpic32.a(vector10.o)
                0x9d03f340                __vector_dispatch_10
                0x00000001                ASSERT (((_vector_spacing == 0x0) || (SIZEOF (.vector_10) <= (_vector_spacing << 0x5))), function at exception vector 10 too large)

.vector_11      0x9d03f360        0x8
 *(.vector_11)
 .vector_11     0x9d03f360        0x8 c:/program files/microchip/xc32/v2.50/bin/bin/../../lib/gcc/pic32mx/4.8.3/../../../../pic32mx/lib\libpic32.a(vector11.o)
                0x9d03f360                __vector_dispatch_11
                0x00000001                ASSERT (((_vector_spacing == 0x0) || (SIZEOF (.vector_11) <= (_vector_spacing << 0x5))), function at exception vector 11 too large)

.vector_12      0x9d03f380        0x8
 *(.vector_12)
 .vector_12     0x9d03f380        0x8 c:/program files/microchip/xc32/v2.50/bin/bin/../../lib/gcc/pic32mx/4.8.3/../../../../pic32mx/lib\libpic32.a(vector12.o)
                0x9d03f380                __vector_dispatch_12
                0x00000001                ASSERT (((_vector_spacing == 0x0) || (SIZEOF (.vector_12) <= (_vector_spacing << 0x5))), function at exception vector 12 too large)

.vector_13      0x9d03f3a0        0x8
 *(.vector_13)
 .vector_13     0x9d03f3a0        0x8 c:/program files/microchip/xc32/v2.50/bin/bin/../../lib/gcc/pic32mx/4.8.3/../../../../pic32mx/lib\libpic32.a(vector13.o)
                0x9d03f3a0                __vector_dispatch_13
                0x00000001                ASSERT (((_vector_spacing == 0x0) || (SIZEOF (.vector_13) <= (_vector_spacing << 0x5))), function at exception vector 13 too large)

.vector_14      0x9d03f3c0        0x8
 *(.vector_14)
 .vector_14     0x9d03f3c0        0x8 c:/program files/microchip/xc32/v2.50/bin/bin/../../lib/gcc/pic32mx/4.8.3/../../../../pic32mx/lib\libpic32.a(vector14.o)
                0x9d03f3c0                __vector_dispatch_14
                0x00000001                ASSERT (((_vector_spacing == 0x0) || (SIZEOF (.vector_14) <= (_vector_spacing << 0x5))), function at exception vector 14 too large)

.vector_15      0x9d03f3e0        0x8
 *(.vector_15)
 .vector_15     0x9d03f3e0        0x8 c:/program files/microchip/xc32/v2.50/bin/bin/../../lib/gcc/pic32mx/4.8.3/../../../../pic32mx/lib\libpic32.a(vector15.o)
                0x9d03f3e0                __vector_dispatch_15
                0x00000001                ASSERT (((_vector_spacing == 0x0) || (SIZEOF (.vector_15) <= (_vector_spacing << 0x5))), function at exception vector 15 too large)

.vector_16      0x9d03f400        0x8
 *(.vector_16)
 .vector_16     0x9d03f400        0x8 c:/program files/microchip/xc32/v2.50/bin/bin/../../lib/gcc/pic32mx/4.8.3/../../../../pic32mx/lib\libpic32.a(vector16.o)
                0x9d03f400                __vector_dispatch_16
                0x00000001                ASSERT (((_vector_spacing == 0x0) || (SIZEOF (.vector_16) <= (_vector_spacing << 0x5))), function at exception vector 16 too large)

.vector_17      0x9d03f420        0x8
 *(.vector_17)
 .vector_17     0x9d03f420        0x8 c:/program files/microchip/xc32/v2.50/bin/bin/../../lib/gcc/pic32mx/4.8.3/../../../../pic32mx/lib\libpic32.a(vector17.o)
                0x9d03f420                __vector_dispatch_17
                0x00000001                ASSERT (((_vector_spacing == 0x0) || (SIZEOF (.vector_17) <= (_vector_spacing << 0x5))), function at exception vector 17 too large)

.vector_18      0x9d03f440        0x8
 *(.vector_18)
 .vector_18     0x9d03f440        0x8 c:/program files/microchip/xc32/v2.50/bin/bin/../../lib/gcc/pic32mx/4.8.3/../../../../pic32mx/lib\libpic32.a(vector18.o)
                0x9d03f440                __vector_dispatch_18
                0x00000001                ASSERT (((_vector_spacing == 0x0) || (SIZEOF (.vector_18) <= (_vector_spacing << 0x5))), function at exception vector 18 too large)

.vector_19      0x9d03f460        0x8
 *(.vector_19)
 .vector_19     0x9d03f460        0x8 c:/program files/microchip/xc32/v2.50/bin/bin/../../lib/gcc/pic32mx/4.8.3/../../../../pic32mx/lib\libpic32.a(vector19.o)
                0x9d03f460                __vector_dispatch_19
                0x00000001                ASSERT (((_vector_spacing == 0x0) || (SIZEOF (.vector_19) <= (_vector_spacing << 0x5))), function at exception vector 19 too large)

.vector_20      0x9d03f480        0x8
 *(.vector_20)
 .vector_20     0x9d03f480        0x8 c:/program files/microchip/xc32/v2.50/bin/bin/../../lib/gcc/pic32mx/4.8.3/../../../../pic32mx/lib\libpic32.a(vector20.o)
                0x9d03f480                __vector_dispatch_20
                0x00000001                ASSERT (((_vector_spacing == 0x0) || (SIZEOF (.vector_20) <= (_vector_spacing << 0x5))), function at exception vector 20 too large)

.vector_21      0x9d03f4a0        0x8
 *(.vector_21)
 .vector_21     0x9d03f4a0        0x8 c:/program files/microchip/xc32/v2.50/bin/bin/../../lib/gcc/pic32mx/4.8.3/../../../../pic32mx/lib\libpic32.a(vector21.o)
                0x9d03f4a0                __vector_dispatch_21
                0x00000001                ASSERT (((_vector_spacing == 0x0) || (SIZEOF (.vector_21) <= (_vector_spacing << 0x5))), function at exception vector 21 too large)

.vector_22      0x9d03f4c0        0x8
 *(.vector_22)
 .vector_22     0x9d03f4c0        0x8 c:/program files/microchip/xc32/v2.50/bin/bin/../../lib/gcc/pic32mx/4.8.3/../../../../pic32mx/lib\libpic32.a(vector22.o)
                0x9d03f4c0                __vector_dispatch_22
                0x00000001                ASSERT (((_vector_spacing == 0x0) || (SIZEOF (.vector_22) <= (_vector_spacing << 0x5))), function at exception vector 22 too large)

.vector_23      0x9d03f4e0        0x8
 *(.vector_23)
 .vector_23     0x9d03f4e0        0x8 c:/program files/microchip/xc32/v2.50/bin/bin/../../lib/gcc/pic32mx/4.8.3/../../../../pic32mx/lib\libpic32.a(vector23.o)
                0x9d03f4e0                __vector_dispatch_23
                0x00000001                ASSERT (((_vector_spacing == 0x0) || (SIZEOF (.vector_23) <= (_vector_spacing << 0x5))), function at exception vector 23 too large)

.vector_24      0x9d03f500        0x8
 *(.vector_24)
 .vector_24     0x9d03f500        0x8 c:/program files/microchip/xc32/v2.50/bin/bin/../../lib/gcc/pic32mx/4.8.3/../../../../pic32mx/lib\libpic32.a(vector24.o)
                0x9d03f500                __vector_dispatch_24
                0x00000001                ASSERT (((_vector_spacing == 0x0) || (SIZEOF (.vector_24) <= (_vector_spacing << 0x5))), function at exception vector 24 too large)

.vector_25      0x9d03f520        0x8
 *(.vector_25)
 .vector_25     0x9d03f520        0x8 c:/program files/microchip/xc32/v2.50/bin/bin/../../lib/gcc/pic32mx/4.8.3/../../../../pic32mx/lib\libpic32.a(vector25.o)
                0x9d03f520                __vector_dispatch_25
                0x00000001                ASSERT (((_vector_spacing == 0x0) || (SIZEOF (.vector_25) <= (_vector_spacing << 0x5))), function at exception vector 25 too large)

.vector_26      0x9d03f540        0x8
 *(.vector_26)
 .vector_26     0x9d03f540        0x8 c:/program files/microchip/xc32/v2.50/bin/bin/../../lib/gcc/pic32mx/4.8.3/../../../../pic32mx/lib\libpic32.a(vector26.o)
                0x9d03f540                __vector_dispatch_26
                0x00000001                ASSERT (((_vector_spacing == 0x0) || (SIZEOF (.vector_26) <= (_vector_spacing << 0x5))), function at exception vector 26 too large)

.vector_27      0x9d03f560        0x8
 *(.vector_27)
 .vector_27     0x9d03f560        0x8 c:/program files/microchip/xc32/v2.50/bin/bin/../../lib/gcc/pic32mx/4.8.3/../../../../pic32mx/lib\libpic32.a(vector27.o)
                0x9d03f560                __vector_dispatch_27
                0x00000001                ASSERT (((_vector_spacing == 0x0) || (SIZEOF (.vector_27) <= (_vector_spacing << 0x5))), function at exception vector 27 too large)

.vector_28      0x9d03f580        0x8
 *(.vector_28)
 .vector_28     0x9d03f580        0x8 c:/program files/microchip/xc32/v2.50/bin/bin/../../lib/gcc/pic32mx/4.8.3/../../../../pic32mx/lib\libpic32.a(vector28.o)
                0x9d03f580                __vector_dispatch_28
                0x00000001                ASSERT (((_vector_spacing == 0x0) || (SIZEOF (.vector_28) <= (_vector_spacing << 0x5))), function at exception vector 28 too large)

.vector_29      0x9d03f5a0        0x8
 *(.vector_29)
 .vector_29     0x9d03f5a0        0x8 c:/program files/microchip/xc32/v2.50/bin/bin/../../lib/gcc/pic32mx/4.8.3/../../../../pic32mx/lib\libpic32.a(vector29.o)
                0x9d03f5a0                __vector_dispatch_29
                0x00000001                ASSERT (((_vector_spacing == 0x0) || (SIZEOF (.vector_29) <= (_vector_spacing << 0x5))), function at exception vector 29 too large)

.vector_30      0x9d03f5c0        0x8
 *(.vector_30)
 .vector_30     0x9d03f5c0        0x8 c:/program files/microchip/xc32/v2.50/bin/bin/../../lib/gcc/pic32mx/4.8.3/../../../../pic32mx/lib\libpic32.a(vector30.o)
                0x9d03f5c0                __vector_dispatch_30
                0x00000001                ASSERT (((_vector_spacing == 0x0) || (SIZEOF (.vector_30) <= (_vector_spacing << 0x5))), function at exception vector 30 too large)

.vector_31      0x9d03f5e0        0x8
 *(.vector_31)
 .vector_31     0x9d03f5e0        0x8 c:/program files/microchip/xc32/v2.50/bin/bin/../../lib/gcc/pic32mx/4.8.3/../../../../pic32mx/lib\libpic32.a(vector31.o)
                0x9d03f5e0                __vector_dispatch_31
                0x00000001                ASSERT (((_vector_spacing == 0x0) || (SIZEOF (.vector_31) <= (_vector_spacing << 0x5))), function at exception vector 31 too large)

.vector_32      0x9d03f600        0x8
 *(.vector_32)
 .vector_32     0x9d03f600        0x8 c:/program files/microchip/xc32/v2.50/bin/bin/../../lib/gcc/pic32mx/4.8.3/../../../../pic32mx/lib\libpic32.a(vector32.o)
                0x9d03f600                __vector_dispatch_32
                0x00000001                ASSERT (((_vector_spacing == 0x0) || (SIZEOF (.vector_32) <= (_vector_spacing << 0x5))), function at exception vector 32 too large)

.vector_33      0x9d03f620        0x8
 *(.vector_33)
 .vector_33     0x9d03f620        0x8 c:/program files/microchip/xc32/v2.50/bin/bin/../../lib/gcc/pic32mx/4.8.3/../../../../pic32mx/lib\libpic32.a(vector33.o)
                0x9d03f620                __vector_dispatch_33
                0x00000001                ASSERT (((_vector_spacing == 0x0) || (SIZEOF (.vector_33) <= (_vector_spacing << 0x5))), function at exception vector 33 too large)

.vector_34      0x9d03f640        0x8
 *(.vector_34)
 .vector_34     0x9d03f640        0x8 c:/program files/microchip/xc32/v2.50/bin/bin/../../lib/gcc/pic32mx/4.8.3/../../../../pic32mx/lib\libpic32.a(vector34.o)
                0x9d03f640                __vector_dispatch_34
                0x00000001                ASSERT (((_vector_spacing == 0x0) || (SIZEOF (.vector_34) <= (_vector_spacing << 0x5))), function at exception vector 34 too large)

.vector_35      0x9d03f660        0x8
 *(.vector_35)
 .vector_35     0x9d03f660        0x8 c:/program files/microchip/xc32/v2.50/bin/bin/../../lib/gcc/pic32mx/4.8.3/../../../../pic32mx/lib\libpic32.a(vector35.o)
                0x9d03f660                __vector_dispatch_35
                0x00000001                ASSERT (((_vector_spacing == 0x0) || (SIZEOF (.vector_35) <= (_vector_spacing << 0x5))), function at exception vector 35 too large)

.vector_36      0x9d03f680        0x8
 *(.vector_36)
 .vector_36     0x9d03f680        0x8 c:/program files/microchip/xc32/v2.50/bin/bin/../../lib/gcc/pic32mx/4.8.3/../../../../pic32mx/lib\libpic32.a(vector36.o)
                0x9d03f680                __vector_dispatch_36
                0x00000001                ASSERT (((_vector_spacing == 0x0) || (SIZEOF (.vector_36) <= (_vector_spacing << 0x5))), function at exception vector 36 too large)

.vector_37      0x9d03f6a0        0x8
 *(.vector_37)
 .vector_37     0x9d03f6a0        0x8 c:/program files/microchip/xc32/v2.50/bin/bin/../../lib/gcc/pic32mx/4.8.3/../../../../pic32mx/lib\libpic32.a(vector37.o)
                0x9d03f6a0                __vector_dispatch_37
                0x00000001                ASSERT (((_vector_spacing == 0x0) || (SIZEOF (.vector_37) <= (_vector_spacing << 0x5))), function at exception vector 37 too large)

.vector_38      0x9d03f6c0        0x8
 *(.vector_38)
 .vector_38     0x9d03f6c0        0x8 c:/program files/microchip/xc32/v2.50/bin/bin/../../lib/gcc/pic32mx/4.8.3/../../../../pic32mx/lib\libpic32.a(vector38.o)
                0x9d03f6c0                __vector_dispatch_38
                0x00000001                ASSERT (((_vector_spacing == 0x0) || (SIZEOF (.vector_38) <= (_vector_spacing << 0x5))), function at exception vector 38 too large)

.vector_39      0x9d03f6e0        0x8
 *(.vector_39)
 .vector_39     0x9d03f6e0        0x8 c:/program files/microchip/xc32/v2.50/bin/bin/../../lib/gcc/pic32mx/4.8.3/../../../../pic32mx/lib\libpic32.a(vector39.o)
                0x9d03f6e0                __vector_dispatch_39
                0x00000001                ASSERT (((_vector_spacing == 0x0) || (SIZEOF (.vector_39) <= (_vector_spacing << 0x5))), function at exception vector 39 too large)

.vector_40      0x9d03f700        0x8
 *(.vector_40)
 .vector_40     0x9d03f700        0x8 build/default/debug/LAN9250.o
                0x9d03f700                __vector_dispatch_40
                0x00000001                ASSERT (((_vector_spacing == 0x0) || (SIZEOF (.vector_40) <= (_vector_spacing << 0x5))), function at exception vector 40 too large)

.vector_41      0x9d03f720        0x8
 *(.vector_41)
 .vector_41     0x9d03f720        0x8 build/default/debug/LAN9250.o
                0x9d03f720                __vector_dispatch_41
                0x00000001                ASSERT (((_vector_spacing == 0x0) || (SIZEOF (.vector_41) <= (_vector_spacing << 0x5))), function at exception vector 41 too large)

.vector_42      0x9d03f740        0x8
 *(.vector_42)
 .vector_42     0x9d03f740        0x8 build/default/debug/UART.o
                0x9d03f740                __vector_dispatch_42
                0x00000001                ASSERT (((_vector_spacing == 0x0) || (SIZEOF (.vector_42) <= (_vector_spacing << 0x5))), function at exception vector 42 too large)

.vector_43      0x9d03f760        0x8
 *(.vector_43)
 .vector_43     0x9d03f760        0x8 build/default/debug/UART.o
                0x9d03f760                __vector_dispatch_43
                0x00000001                ASSERT (((_vector_spacing == 0x0) || (SIZEOF (.vector_43) <= (_vector_spacing << 0x5))), function at exception vector 43 too large)

.vector_44      0x9d03f780        0x0
 *(.vector_44)
                0x00000001                ASSERT (((_vector_spacing == 0x0) || (SIZEOF (.vector_44) <= (_vector_spacing << 0x5))), function at exception vector 44 too large)

.vector_45      0x9d03f7a0        0x0
 *(.vector_45)
                0x00000001                ASSERT (((_vector_spacing == 0x0) || (SIZEOF (.vector_45) <= (_vector_spacing << 0x5))), function at exception vector 45 too large)

.vector_46      0x9d03f7c0        0x0
 *(.vector_46)
                0x00000001                ASSERT (((_vector_spacing == 0x0) || (SIZEOF (.vector_46) <= (_vector_spacing << 0x5))), function at exception vector 46 too large)

.vector_47      0x9d03f7e0        0x0
 *(.vector_47)
                0x00000001                ASSERT (((_vector_spacing == 0x0) || (SIZEOF (.vector_47) <= (_vector_spacing << 0x5))), function at exception vector 47 too large)

.vector_48      0x9d03f800        0x0
 *(.vector_48)
                0x00000001                ASSERT (((_vector_spacing == 0x0) || (SIZEOF (.vector_48) <= (_vector_spacing << 0x5))), function at exception vector 48 too large)

.vector_49      0x9d03f820        0x0
 *(.vector_49)
                0x00000001                ASSERT (((_vector_spacing == 0x0) || (SIZEOF (.vector_49) <= (_vector_spacing << 0x5))), function at exception vector 49 too large)

.vector_50      0x9d03f840        0x0
 *(.vector_50)
                0x00000001                ASSERT (((_vector_spacing == 0x0) || (SIZEOF (.vector_50) <= (_vector_spacing << 0x5))), function at exception vector 50 too large)

.vector_51      0x9d03f860        0x0
 *(.vector_51)
                0x00000001                ASSERT (((_vector_spacing == 0x0) || (SIZEOF (.vector_51) <= (_vector_spacing << 0x5))), function at exception vector 51 too large)

.vector_52      0x9d03f880        0x0
 *(.vector_52)
                0x00000001                ASSERT (((_vector_spacing == 0x0) || (SIZEOF (.vector_52) <= (_vector_spacing << 0x5))), function at exception vector 52 too large)

.vector_53      0x9d03f8a0        0x0
 *(.vector_53)
                0x00000001                ASSERT (((_vector_spacing == 0x0) || (SIZEOF (.vector_53) <= (_vector_spacing << 0x5))), function at exception vector 53 too large)

.vector_54      0x9d03f8c0        0x0
 *(.vector_54)
                0x00000001                ASSERT (((_vector_spacing == 0x0) || (SIZEOF (.vector_54) <= (_vector_spacing << 0x5))), function at exception vector 54 too large)

.vector_55      0x9d03f8e0        0x0
 *(.vector_55)
                0x00000001                ASSERT (((_vector_spacing == 0x0) || (SIZEOF (.vector_55) <= (_vector_spacing << 0x5))), function at exception vector 55 too large)

.vector_56      0x9d03f900        0x0
 *(.vector_56)
                0x00000001                ASSERT (((_vector_spacing == 0x0) || (SIZEOF (.vector_56) <= (_vector_spacing << 0x5))), function at exception vector 56 too large)

.vector_57      0x9d03f920        0x0
 *(.vector_57)
                0x00000001                ASSERT (((_vector_spacing == 0x0) || (SIZEOF (.vector_57) <= (_vector_spacing << 0x5))), function at exception vector 57 too large)

.vector_58      0x9d03f940        0x0
 *(.vector_58)
                0x00000001                ASSERT (((_vector_spacing == 0x0) || (SIZEOF (.vector_58) <= (_vector_spacing << 0x5))), function at exception vector 58 too large)

.vector_59      0x9d03f960        0x0
 *(.vector_59)
                0x00000001                ASSERT (((_vector_spacing == 0x0) || (SIZEOF (.vector_59) <= (_vector_spacing << 0x5))), function at exception vector 59 too large)

.vector_60      0x9d03f980        0x0
 *(.vector_60)
                0x00000001                ASSERT (((_vector_spacing == 0x0) || (SIZEOF (.vector_60) <= (_vector_spacing << 0x5))), function at exception vector 60 too large)

.vector_61      0x9d03f9a0        0x0
 *(.vector_61)
                0x00000001                ASSERT (((_vector_spacing == 0x0) || (SIZEOF (.vector_61) <= (_vector_spacing << 0x5))), function at exception vector 61 too large)

.vector_62      0x9d03f9c0        0x0
 *(.vector_62)
                0x00000001                ASSERT (((_vector_spacing == 0x0) || (SIZEOF (.vector_62) <= (_vector_spacing << 0x5))), function at exception vector 62 too large)

.vector_63      0x9d03f9e0        0x0
 *(.vector_63)
                0x00000001                ASSERT (((_vector_spacing == 0x0) || (SIZEOF (.vector_63) <= (_vector_spacing << 0x5))), function at exception vector 63 too large)

.startup
 *(.startup)

.text           0x9d000000        0x0
 *(.stub .gnu.linkonce.t.*)
 *(.text.*personality*)
 *(.mips16.fn.*)
 *(.mips16.call.*)
 *(.gnu.warning)
                0x9d000000                . = ALIGN (0x4)

.init           0x9d000000        0x0
 *crti.o(.init)
 *crtbegin.o(.init)
 *(EXCLUDE_FILE(*crtn.o *crtend?.o *crtend.o) .init)
 *crtend.o(.init)
 *crtn.o(.init)
                0x9d000000                . = ALIGN (0x4)

.fini           0x9d000000        0x0
 *(.fini)
                0x9d000000                . = ALIGN (0x4)

.preinit_array  0x9d000000        0x0
                0x9d000000                PROVIDE (__preinit_array_start, .)
 *(.preinit_array)
                0x9d000000                PROVIDE (__preinit_array_end, .)
                0x9d000000                . = ALIGN (0x4)

.init_array     0x9d000000        0x0
                0x9d000000                PROVIDE (__init_array_start, .)
 *(SORT(.init_array.*))
 *(.init_array)
                0x9d000000                PROVIDE (__init_array_end, .)
                0x9d000000                . = ALIGN (0x4)

.fini_array     0x9d000000        0x0
                0x9d000000                PROVIDE (__fini_array_start, .)
 *(SORT(.fini_array.*))
 *(.fini_array)
                0x9d000000                PROVIDE (__fini_array_end, .)
                0x9d000000                . = ALIGN (0x4)

.ctors          0x9d000000        0x0
 *crtbegin.o(.ctors)
 *crtbegin?.o(.ctors)
 *(EXCLUDE_FILE(*crtend?.o *crtend.o) .ctors)
 *(SORT(.ctors.*))
 *(.ctors)
                0x9d000000                . = ALIGN (0x4)

.dtors          0x9d000000        0x0
 *crtbegin.o(.dtors)
 *crtbegin?.o(.dtors)
 *(EXCLUDE_FILE(*crtend?.o *crtend.o) .dtors)
 *(SORT(.dtors.*))
 *(.dtors)
                0x9d000000                . = ALIGN (0x4)

.rodata         0x9d000000        0x0
 *(.gnu.linkonce.r.*)
 *(.rodata1)
                0x9d000000                . = ALIGN (0x4)

.sdata2         0x9fc00490        0x0
 *(.sdata2 .sdata2.* .gnu.linkonce.s2.*)
                0x9fc00490                . = ALIGN (0x4)

.sbss2          0x9fc00490        0x0
 *(.sbss2 .sbss2.* .gnu.linkonce.sb2.*)
                0x9fc00490                . = ALIGN (0x4)

.eh_frame_hdr
 *(.eh_frame_hdr)
                0x9fc00490                . = ALIGN (0x4)

.eh_frame
 *(.eh_frame)
                0x9fc00490                . = ALIGN (0x4)

.gcc_except_table
 *(.gcc_except_table .gcc_except_table.*)
                0x9fc00490                . = ALIGN (0x4)

.dbg_data       0xa0000200        0x0
                0xa0000200                . = (. + DEFINED (_DEBUGGER)?0x200:0x0)

.jcr            0xa0000200        0x0
 *(.jcr)
                0xa0000200                . = ALIGN (0x4)

.eh_frame
 *(.eh_frame)
                0xa0000200                . = ALIGN (0x4)

.gcc_except_table
 *(.gcc_except_table .gcc_except_table.*)
                0xa0000200                . = ALIGN (0x4)

.persist        0xa0000200        0x0
                0xa0000200                _persist_begin = .
 *(.persist .persist.*)
 *(.pbss .pbss.*)
                0xa0000200                . = ALIGN (0x4)
                0xa0000200                _persist_end = .

.data           0xa0000200        0x0
 *(.gnu.linkonce.d.*)
 *(.data1)
                0xa0000200                . = ALIGN (0x4)
                0xa0000200                . = .
                0xa00081f0                _gp = (ALIGN (0x10) + 0x7ff0)

.got            0xa0000200        0x0
 *(.got.plt)
 *(.got)
                0xa0000200                . = ALIGN (0x4)

.sdata          0xa0000200       0x18
                0xa0000200                _sdata_begin = .
 *(.sdata .sdata.* .gnu.linkonce.s.*)
 .sdata         0xa0000200        0x4 build/default/debug/FreeRTOS/Core/portable/MPLAB/PIC32MX/port.o
                0xa0000200                uxInterruptNesting
 .sdata         0xa0000204        0x4 build/default/debug/FreeRTOS/TCPIP/FreeRTOS_IP.o
 .sdata         0xa0000208        0x4 build/default/debug/FreeRTOS/TCPIP/FreeRTOS_TCP_WIN.o
 .sdata         0xa000020c        0x4 build/default/debug/LED.o
                0xa000020c                ethError
 .sdata         0xa0000210        0x4 c:/program files/microchip/xc32/v2.50/bin/bin/../../lib/gcc/pic32mx/4.8.3/../../../../pic32mx/lib\liblega-c.a(_iobdata.o)
                0xa0000210                _libc_data
 .sdata         0xa0000214        0x4 c:/program files/microchip/xc32/v2.50/bin/bin/../../lib/gcc/pic32mx/4.8.3/../../../../pic32mx/lib\libpic32.a(xc32_uart.o)
                0xa0000214                __XC_UART
                0xa0000218                . = ALIGN (0x4)
                0xa0000218                _sdata_end = .

.lit8
 *(.lit8)

.lit4
 *(.lit4)
                0xa0000218                . = ALIGN (0x4)
                0xa0000218                _data_end = .
                0xa0000218                _bss_begin = .

.sbss           0xa0000218      0x138
                0xa0000218                _sbss_begin = .
 *(.dynsbss)
 *(.sbss .sbss.* .gnu.linkonce.sb.*)
 .sbss          0xa0000218       0x3c build/default/debug/FreeRTOS/Core/tasks.o
                0xa0000218                ulTotalRunTime
                0xa000021c                ulTaskSwitchedInTime
                0xa0000220                uxSchedulerSuspended
                0xa0000224                xIdleTaskHandle
                0xa0000228                xNextTaskUnblockTime
                0xa000022c                uxTaskNumber
                0xa0000230                xNumOfOverflows
                0xa0000234                xYieldPending
                0xa0000238                xPendedTicks
                0xa000023c                xSchedulerRunning
                0xa0000240                uxTopReadyPriority
                0xa0000244                xTickCount
                0xa0000248                uxCurrentNumberOfTasks
                0xa000024c                uxDeletedTasksWaitingCleanUp
                0xa0000250                pxCurrentTCB
 .sbss          0xa0000254       0x14 build/default/debug/FreeRTOS/Core/timers.o
 .sbss          0xa0000268       0x20 build/default/debug/FreeRTOS/Core/portable/MemMang/heap_4.o
 .sbss          0xa0000288        0x4 build/default/debug/FreeRTOS/Core/portable/MPLAB/PIC32MX/port.o
                0xa0000288                uxSavedTaskStackPointer
 .sbss          0xa000028c        0x4 build/default/debug/FreeRTOS/TCPIP/FreeRTOS_ARP.o
 .sbss          0xa0000290        0x4 build/default/debug/FreeRTOS/TCPIP/FreeRTOS_DHCP.o
 .sbss          0xa0000294        0x4 build/default/debug/FreeRTOS/TCPIP/FreeRTOS_DNS.o
 .sbss          0xa0000298       0x28 build/default/debug/FreeRTOS/TCPIP/FreeRTOS_IP.o
                0xa00002b8                usPacketIdentifier
                0xa00002bc                xNetworkEventQueue
 .sbss          0xa00002c0        0x4 build/default/debug/FreeRTOS/TCPIP/FreeRTOS_Sockets.o
 .sbss          0xa00002c4        0x8 build/default/debug/FreeRTOS/TCPIP/FreeRTOS_TCP_WIN.o
                0xa00002c4                xTCPWindowLoggingLevel
 .sbss          0xa00002cc        0x8 build/default/debug/FreeRTOS/TCPIP/portable/BufferManagement/BufferAllocation_2.o
 .sbss          0xa00002d4        0xc build/default/debug/LAN9250.o
                0xa00002d4                linkCheckDivider
                0xa00002d8                linkState
                0xa00002dc                packetCount
 .sbss          0xa00002e0        0x4 build/default/debug/NetworkInterface_LAN9250.o
 .sbss          0xa00002e4        0xc build/default/debug/UART.o
                0xa00002e4                freeNextData
                0xa00002e8                currPackageOffset
                0xa00002ec                lastScanPosition
 .sbss          0xa00002f0        0x4 build/default/debug/main_blinky.o
 .sbss          0xa00002f4       0x10 build/default/debug/LED.o
                0xa00002f4                ethReady
                0xa00002f8                errLEDTime
                0xa00002fc                ethLEDTime
                0xa0000300                minLEDTime
 .sbss          0xa0000304        0x8 build/default/debug/FiberComms.o
                0xa0000304                currMinBufferLength
                0xa0000308                currMinBuffer
 .sbss          0xa000030c        0x4 c:/program files/microchip/xc32/v2.50/bin/bin/../../lib/gcc/pic32mx/4.8.3/../../../../pic32mx/lib\liblega-c.a(errno.o)
                0xa000030c                errno
 *(.scommon)
 .scommon       0xa0000310        0x8 build/default/debug/FreeRTOS/Core/tasks.o
                0xa0000310                pxDelayedTaskList
                0xa0000314                pxOverflowDelayedTaskList
 .scommon       0xa0000318        0x8 build/default/debug/LAN9250.o
                0xa0000318                ETH_commsSem
                0xa000031c                ETH_commsWaitSem
 .scommon       0xa0000320       0x10 build/default/debug/UART.o
                0xa0000320                UART_rxDMAOverflow
                0xa0000324                UART_sendQueue
                0xa0000328                currBuff
                0xa000032c                UART_txDMA
 .scommon       0xa0000330        0xc build/default/debug/main_blinky.o
                0xa0000330                xSocket
                0xa0000334                xBindAddress
 .scommon       0xa000033c       0x14 build/default/debug/FiberComms.o
                0xa000033c                COMMS_UART
                0xa0000340                xListeningSocket
                0xa0000344                COMMS_UDP
                0xa0000348                lastClient
                0xa0000350                _sbss_end = .
                0xa0000350                . = ALIGN (0x4)

.bss            0xa0000350       0xdc
 *(.dynbss)
 *(COMMON)
 COMMON         0xa0000350       0xc8 build/default/debug/FreeRTOS/Core/tasks.o
                0xa0000350                pxReadyTasksLists
                0xa00003b4                xPendingReadyList
                0xa00003c8                xSuspendedTaskList
                0xa00003dc                xDelayedTaskList1
                0xa00003f0                xTasksWaitingTermination
                0xa0000404                xDelayedTaskList2
 COMMON         0xa0000418       0x14 build/default/debug/FreeRTOS/TCPIP/FreeRTOS_Sockets.o
                0xa0000418                xBoundTCPSocketsList
                0xa000042c                . = ALIGN ((. != 0x0)?0x4:0x1)
                0xa000042c                . = ALIGN (0x4)
                0xa000042c                _end = .
                0xa000042c                _bss_end = .
                0x00010000                _bmxdudba_address = 0x10000
                0x00010000                _bmxdupba_address = 0x10000

/DISCARD/
 *(.pdr)
 *(.rel.dyn)
 *(.note.GNU-stack)
 *(.note.GNU-stack)
 *(.gnu_debuglink)
 *(.gnu.lto_*)
 *(.discard)

.gptab.sdata
 *(.gptab.data)
 *(.gptab.sdata)

.gptab.sbss
 *(.gptab.bss)
 *(.gptab.sbss)

.mdebug.abi32   0xa000042c        0x0
 *(.mdebug.abi32)
 .mdebug.abi32  0xa000042c        0x0 c:/program files/microchip/xc32/v2.50/bin/bin/../../lib/gcc/pic32mx/4.8.3/../../../../pic32mx/lib\software-debug-break.o
 .mdebug.abi32  0xa000042c        0x0 build/default/debug/FreeRTOS/Core/event_groups.o
 .mdebug.abi32  0xa000042c        0x0 build/default/debug/FreeRTOS/Core/list.o
 .mdebug.abi32  0xa000042c        0x0 build/default/debug/FreeRTOS/Core/queue.o
 .mdebug.abi32  0xa000042c        0x0 build/default/debug/FreeRTOS/Core/stream_buffer.o
 .mdebug.abi32  0xa000042c        0x0 build/default/debug/FreeRTOS/Core/tasks.o
 .mdebug.abi32  0xa000042c        0x0 build/default/debug/FreeRTOS/Core/timers.o
 .mdebug.abi32  0xa000042c        0x0 build/default/debug/FreeRTOS/Core/portable/MemMang/heap_4.o
 .mdebug.abi32  0xa000042c        0x0 build/default/debug/FreeRTOS/Core/portable/MPLAB/PIC32MX/port.o
 .mdebug.abi32  0xa000042c        0x0 build/default/debug/FreeRTOS/TCPIP/FreeRTOS_ARP.o
 .mdebug.abi32  0xa000042c        0x0 build/default/debug/FreeRTOS/TCPIP/FreeRTOS_DHCP.o
 .mdebug.abi32  0xa000042c        0x0 build/default/debug/FreeRTOS/TCPIP/FreeRTOS_DNS.o
 .mdebug.abi32  0xa000042c        0x0 build/default/debug/FreeRTOS/TCPIP/FreeRTOS_IP.o
 .mdebug.abi32  0xa000042c        0x0 build/default/debug/FreeRTOS/TCPIP/FreeRTOS_Sockets.o
 .mdebug.abi32  0xa000042c        0x0 build/default/debug/FreeRTOS/TCPIP/FreeRTOS_Stream_Buffer.o
 .mdebug.abi32  0xa000042c        0x0 build/default/debug/FreeRTOS/TCPIP/FreeRTOS_TCP_IP.o
 .mdebug.abi32  0xa000042c        0x0 build/default/debug/FreeRTOS/TCPIP/FreeRTOS_TCP_WIN.o
 .mdebug.abi32  0xa000042c        0x0 build/default/debug/FreeRTOS/TCPIP/FreeRTOS_UDP_IP.o
 .mdebug.abi32  0xa000042c        0x0 build/default/debug/FreeRTOS/TCPIP/portable/BufferManagement/BufferAllocation_2.o
 .mdebug.abi32  0xa000042c        0x0 build/default/debug/ConfigPerformance.o
 .mdebug.abi32  0xa000042c        0x0 build/default/debug/LAN9250.o
 .mdebug.abi32  0xa000042c        0x0 build/default/debug/NetworkInterface_LAN9250.o
 .mdebug.abi32  0xa000042c        0x0 build/default/debug/SPI.o
 .mdebug.abi32  0xa000042c        0x0 build/default/debug/UART.o
 .mdebug.abi32  0xa000042c        0x0 build/default/debug/main.o
 .mdebug.abi32  0xa000042c        0x0 build/default/debug/main_blinky.o
 .mdebug.abi32  0xa000042c        0x0 build/default/debug/LED.o
 .mdebug.abi32  0xa000042c        0x0 build/default/debug/FiberComms.o
 .mdebug.abi32  0xa000042c        0x0 build/default/debug/min.o
 .mdebug.abi32  0xa000042c        0x0 c:/program files/microchip/xc32/v2.50/bin/bin/../../lib/gcc/pic32mx/4.8.3\libgcc.a(_udivdi3.o)
 .mdebug.abi32  0xa000042c        0x0 c:/program files/microchip/xc32/v2.50/bin/bin/../../lib/gcc/pic32mx/4.8.3/../../../../pic32mx/lib\libpic32.a(default-bootstrap-exception-handler.o)
 .mdebug.abi32  0xa000042c        0x0 c:/program files/microchip/xc32/v2.50/bin/bin/../../lib/gcc/pic32mx/4.8.3/../../../../pic32mx/lib\libpic32.a(default-on-reset.o)
 .mdebug.abi32  0xa000042c        0x0 c:/program files/microchip/xc32/v2.50/bin/bin/../../lib/gcc/pic32mx/4.8.3/../../../../pic32mx/lib\libpic32.a(default-on-bootstrap.o)
 .mdebug.abi32  0xa000042c        0x0 c:/program files/microchip/xc32/v2.50/bin/bin/../../lib/gcc/pic32mx/4.8.3/../../../../pic32mx/lib\libpic32.a(defaultinterrupt.o)
 .mdebug.abi32  0xa000042c        0x0 c:/program files/microchip/xc32/v2.50/bin/bin/../../lib/gcc/pic32mx/4.8.3/../../../../pic32mx/lib\liblega-c.a(memmove.o)
 .mdebug.abi32  0xa000042c        0x0 c:/program files/microchip/xc32/v2.50/bin/bin/../../lib/gcc/pic32mx/4.8.3/../../../../pic32mx/lib\liblega-c.a(rand.o)
 .mdebug.abi32  0xa000042c        0x0 c:/program files/microchip/xc32/v2.50/bin/bin/../../lib/gcc/pic32mx/4.8.3/../../../../pic32mx/lib\liblega-c.a(sprintf_cdnopuxX.eo)
 .mdebug.abi32  0xa000042c        0x0 c:/program files/microchip/xc32/v2.50/bin/bin/../../lib/gcc/pic32mx/4.8.3/../../../../pic32mx/lib\liblega-c.a(snprintf_cdnopsuxX.eo)
 .mdebug.abi32  0xa000042c        0x0 c:/program files/microchip/xc32/v2.50/bin/bin/../../lib/gcc/pic32mx/4.8.3/../../../../pic32mx/lib\liblega-c.a(vsprintf.o)
 .mdebug.abi32  0xa000042c        0x0 c:/program files/microchip/xc32/v2.50/bin/bin/../../lib/gcc/pic32mx/4.8.3/../../../../pic32mx/lib\liblega-c.a(stubs.o)
 .mdebug.abi32  0xa000042c        0x0 c:/program files/microchip/xc32/v2.50/bin/bin/../../lib/gcc/pic32mx/4.8.3/../../../../pic32mx/lib\liblega-c.a(_doprnt_cdnopsuxX.eo)
 .mdebug.abi32  0xa000042c        0x0 c:/program files/microchip/xc32/v2.50/bin/bin/../../lib/gcc/pic32mx/4.8.3/../../../../pic32mx/lib\liblega-c.a(_doprnt.o)
 .mdebug.abi32  0xa000042c        0x0 c:/program files/microchip/xc32/v2.50/bin/bin/../../lib/gcc/pic32mx/4.8.3/../../../../pic32mx/lib\liblega-c.a(_iobdata.o)
 .mdebug.abi32  0xa000042c        0x0 c:/program files/microchip/xc32/v2.50/bin/bin/../../lib/gcc/pic32mx/4.8.3/../../../../pic32mx/lib\liblega-c.a(_iobfuncs.o)
 .mdebug.abi32  0xa000042c        0x0 c:/program files/microchip/xc32/v2.50/bin/bin/../../lib/gcc/pic32mx/4.8.3/../../../../pic32mx/lib\liblega-c.a(_iobstring.o)
 .mdebug.abi32  0xa000042c        0x0 c:/program files/microchip/xc32/v2.50/bin/bin/../../lib/gcc/pic32mx/4.8.3/../../../../pic32mx/lib\liblega-c.a(fputc.o)
 .mdebug.abi32  0xa000042c        0x0 c:/program files/microchip/xc32/v2.50/bin/bin/../../lib/gcc/pic32mx/4.8.3/../../../../pic32mx/lib\liblega-c.a(errno.o)
 .mdebug.abi32  0xa000042c        0x0 c:/program files/microchip/xc32/v2.50/bin/bin/../../lib/gcc/pic32mx/4.8.3\libgcc.a(_umoddi3.o)
 .mdebug.abi32  0xa000042c        0x0 c:/program files/microchip/xc32/v2.50/bin/bin/../../lib/gcc/pic32mx/4.8.3/../../../../pic32mx/lib\libpic32.a(_mon_getc.o)
 .mdebug.abi32  0xa000042c        0x0 c:/program files/microchip/xc32/v2.50/bin/bin/../../lib/gcc/pic32mx/4.8.3/../../../../pic32mx/lib\libpic32.a(_mon_write.o)
 .mdebug.abi32  0xa000042c        0x0 c:/program files/microchip/xc32/v2.50/bin/bin/../../lib/gcc/pic32mx/4.8.3/../../../../pic32mx/lib\libpic32.a(xc32_uart.o)
 .mdebug.abi32  0xa000042c        0x0 c:/program files/microchip/xc32/v2.50/bin/bin/../../lib/gcc/pic32mx/4.8.3/../../../../pic32mx/lib\libpic32.a(_mon_putc.o)

.mdebug.abiN32
 *(.mdebug.abiN32)

.mdebug.abi64
 *(.mdebug.abi64)

.mdebug.abiO64
 *(.mdebug.abiO64)

.mdebug.eabi32
 *(.mdebug.eabi32)

.mdebug.eabi64
 *(.mdebug.eabi64)

.gcc_compiled_long32
 *(.gcc_compiled_long32)

.gcc_compiled_long64
 *(.gcc_compiled_long64)

.stab
 *(.stab)

.stabstr
 *(.stabstr)

.stab.excl
 *(.stab.excl)

.stab.exclstr
 *(.stab.exclstr)

.stab.index
 *(.stab.index)

.stab.indexstr
 *(.stab.indexstr)

.comment        0x00000000      0x486
 *(.comment)
 .comment       0x00000000       0x3c c:/program files/microchip/xc32/v2.50/bin/bin/../../lib/gcc/pic32mx/4.8.3/../../../../pic32mx/lib\software-debug-break.o
                                 0x3d (size before relaxing)
 .comment       0x00000000       0x3d build/default/debug/FreeRTOS/Core/event_groups.o
 .comment       0x00000000       0x3d build/default/debug/FreeRTOS/Core/list.o
 .comment       0x00000000       0x3d build/default/debug/FreeRTOS/Core/queue.o
 .comment       0x00000000       0x3d build/default/debug/FreeRTOS/Core/stream_buffer.o
 .comment       0x00000000       0x3d build/default/debug/FreeRTOS/Core/tasks.o
 .comment       0x00000000       0x3d build/default/debug/FreeRTOS/Core/timers.o
 .comment       0x00000000       0x3d build/default/debug/FreeRTOS/Core/portable/MemMang/heap_4.o
 .comment       0x00000000       0x3d build/default/debug/FreeRTOS/Core/portable/MPLAB/PIC32MX/port.o
 .comment       0x00000000       0x3d build/default/debug/FreeRTOS/TCPIP/FreeRTOS_ARP.o
 .comment       0x00000000       0x3d build/default/debug/FreeRTOS/TCPIP/FreeRTOS_DHCP.o
 .comment       0x00000000       0x3d build/default/debug/FreeRTOS/TCPIP/FreeRTOS_DNS.o
 .comment       0x00000000       0x3d build/default/debug/FreeRTOS/TCPIP/FreeRTOS_IP.o
 .comment       0x00000000       0x3d build/default/debug/FreeRTOS/TCPIP/FreeRTOS_Sockets.o
 .comment       0x00000000       0x3d build/default/debug/FreeRTOS/TCPIP/FreeRTOS_Stream_Buffer.o
 .comment       0x00000000       0x3d build/default/debug/FreeRTOS/TCPIP/FreeRTOS_TCP_IP.o
 .comment       0x00000000       0x3d build/default/debug/FreeRTOS/TCPIP/FreeRTOS_TCP_WIN.o
 .comment       0x00000000       0x3d build/default/debug/FreeRTOS/TCPIP/FreeRTOS_UDP_IP.o
 .comment       0x00000000       0x3d build/default/debug/FreeRTOS/TCPIP/portable/BufferManagement/BufferAllocation_2.o
 .comment       0x00000000       0x3d build/default/debug/ConfigPerformance.o
 .comment       0x00000000       0x3d build/default/debug/LAN9250.o
 .comment       0x00000000       0x3d build/default/debug/NetworkInterface_LAN9250.o
 .comment       0x00000000       0x3d build/default/debug/SPI.o
 .comment       0x00000000       0x3d build/default/debug/UART.o
 .comment       0x00000000       0x3d build/default/debug/main.o
 .comment       0x00000000       0x3d build/default/debug/main_blinky.o
 .comment       0x00000000       0x3d build/default/debug/LED.o
 .comment       0x00000000       0x3d build/default/debug/FiberComms.o
 .comment       0x00000000       0x3d build/default/debug/min.o
 .comment       0x00000000       0x3d c:/program files/microchip/xc32/v2.50/bin/bin/../../lib/gcc/pic32mx/4.8.3\libgcc.a(_udivdi3.o)
 .comment       0x0000003c       0x18 c:/program files/microchip/xc32/v2.50/bin/bin/../../lib/gcc/pic32mx/4.8.3/../../../../pic32mx/lib\libpic32.a(memcmp.o)
                                 0x19 (size before relaxing)
 .comment       0x00000054       0x18 c:/program files/microchip/xc32/v2.50/bin/bin/../../lib/gcc/pic32mx/4.8.3/../../../../pic32mx/lib\libpic32.a(memset.o)
                                 0x19 (size before relaxing)
 .comment       0x0000006c       0x19 c:/program files/microchip/xc32/v2.50/bin/bin/../../lib/gcc/pic32mx/4.8.3/../../../../pic32mx/lib\libpic32.a(strcmp.o)
                                 0x1a (size before relaxing)
 .comment       0x00000085       0x19 c:/program files/microchip/xc32/v2.50/bin/bin/../../lib/gcc/pic32mx/4.8.3/../../../../pic32mx/lib\libpic32.a(strcpy.o)
                                 0x1a (size before relaxing)
 .comment       0x0000009e       0x19 c:/program files/microchip/xc32/v2.50/bin/bin/../../lib/gcc/pic32mx/4.8.3/../../../../pic32mx/lib\libpic32.a(strlen.o)
                                 0x1a (size before relaxing)
 .comment       0x00000000       0x3d c:/program files/microchip/xc32/v2.50/bin/bin/../../lib/gcc/pic32mx/4.8.3/../../../../pic32mx/lib\libpic32.a(default-bootstrap-exception-handler.o)
 .comment       0x00000000       0x3d c:/program files/microchip/xc32/v2.50/bin/bin/../../lib/gcc/pic32mx/4.8.3/../../../../pic32mx/lib\libpic32.a(default-on-reset.o)
 .comment       0x00000000       0x3d c:/program files/microchip/xc32/v2.50/bin/bin/../../lib/gcc/pic32mx/4.8.3/../../../../pic32mx/lib\libpic32.a(default-on-bootstrap.o)
 .comment       0x00000000       0x3d c:/program files/microchip/xc32/v2.50/bin/bin/../../lib/gcc/pic32mx/4.8.3/../../../../pic32mx/lib\libpic32.a(defaultinterrupt.o)
 .comment       0x000000b7       0x50 c:/program files/microchip/xc32/v2.50/bin/bin/../../lib/gcc/pic32mx/4.8.3/../../../../pic32mx/lib\liblega-c.a(memmove.o)
                                 0x8d (size before relaxing)
 .comment       0x00000107       0x4d c:/program files/microchip/xc32/v2.50/bin/bin/../../lib/gcc/pic32mx/4.8.3/../../../../pic32mx/lib\liblega-c.a(rand.o)
                                 0x8a (size before relaxing)
 .comment       0x00000154       0x52 c:/program files/microchip/xc32/v2.50/bin/bin/../../lib/gcc/pic32mx/4.8.3/../../../../pic32mx/lib\liblega-c.a(sprintf_cdnopuxX.eo)
                                 0x8f (size before relaxing)
 .comment       0x000001a6       0x53 c:/program files/microchip/xc32/v2.50/bin/bin/../../lib/gcc/pic32mx/4.8.3/../../../../pic32mx/lib\liblega-c.a(snprintf_cdnopsuxX.eo)
                                 0x90 (size before relaxing)
 .comment       0x000001f9       0x53 c:/program files/microchip/xc32/v2.50/bin/bin/../../lib/gcc/pic32mx/4.8.3/../../../../pic32mx/lib\liblega-c.a(vsprintf.o)
                                 0x90 (size before relaxing)
 .comment       0x0000024c       0x4e c:/program files/microchip/xc32/v2.50/bin/bin/../../lib/gcc/pic32mx/4.8.3/../../../../pic32mx/lib\liblega-c.a(stubs.o)
                                 0x8b (size before relaxing)
 .comment       0x0000029a       0x52 c:/program files/microchip/xc32/v2.50/bin/bin/../../lib/gcc/pic32mx/4.8.3/../../../../pic32mx/lib\liblega-c.a(_doprnt_cdnopsuxX.eo)
                                 0x8f (size before relaxing)
 .comment       0x00000000       0x8f c:/program files/microchip/xc32/v2.50/bin/bin/../../lib/gcc/pic32mx/4.8.3/../../../../pic32mx/lib\liblega-c.a(_doprnt.o)
 .comment       0x000002ec       0x53 c:/program files/microchip/xc32/v2.50/bin/bin/../../lib/gcc/pic32mx/4.8.3/../../../../pic32mx/lib\liblega-c.a(_iobdata.o)
                                 0x90 (size before relaxing)
 .comment       0x0000033f       0x54 c:/program files/microchip/xc32/v2.50/bin/bin/../../lib/gcc/pic32mx/4.8.3/../../../../pic32mx/lib\liblega-c.a(_iobfuncs.o)
                                 0x91 (size before relaxing)
 .comment       0x00000393       0x55 c:/program files/microchip/xc32/v2.50/bin/bin/../../lib/gcc/pic32mx/4.8.3/../../../../pic32mx/lib\liblega-c.a(_iobstring.o)
                                 0x92 (size before relaxing)
 .comment       0x000003e8       0x50 c:/program files/microchip/xc32/v2.50/bin/bin/../../lib/gcc/pic32mx/4.8.3/../../../../pic32mx/lib\liblega-c.a(fputc.o)
                                 0x8d (size before relaxing)
 .comment       0x00000438       0x4e c:/program files/microchip/xc32/v2.50/bin/bin/../../lib/gcc/pic32mx/4.8.3/../../../../pic32mx/lib\liblega-c.a(errno.o)
                                 0x8b (size before relaxing)
 .comment       0x00000000       0x3d c:/program files/microchip/xc32/v2.50/bin/bin/../../lib/gcc/pic32mx/4.8.3\libgcc.a(_umoddi3.o)
 .comment       0x00000000       0x3d c:/program files/microchip/xc32/v2.50/bin/bin/../../lib/gcc/pic32mx/4.8.3/../../../../pic32mx/lib\libpic32.a(_mon_getc.o)
 .comment       0x00000000       0x3d c:/program files/microchip/xc32/v2.50/bin/bin/../../lib/gcc/pic32mx/4.8.3/../../../../pic32mx/lib\libpic32.a(_mon_write.o)
 .comment       0x00000000       0x3d c:/program files/microchip/xc32/v2.50/bin/bin/../../lib/gcc/pic32mx/4.8.3/../../../../pic32mx/lib\libpic32.a(xc32_uart.o)
 .comment       0x00000000       0x3d c:/program files/microchip/xc32/v2.50/bin/bin/../../lib/gcc/pic32mx/4.8.3/../../../../pic32mx/lib\libpic32.a(_mon_putc.o)

.debug
 *(.debug)

.line
 *(.line)

.debug_srcinfo
 *(.debug_srcinfo)

.debug_sfnames
 *(.debug_sfnames)

.debug_aranges  0x00000000      0x520
 *(.debug_aranges)
 .debug_aranges
                0x00000000       0x20 c:/program files/microchip/xc32/v2.50/bin/bin/../../lib/gcc/pic32mx/4.8.3/../../../../pic32mx/lib\software-debug-break.o
 .debug_aranges
                0x00000020       0x20 build/default/debug/FreeRTOS/Core/event_groups.o
 .debug_aranges
                0x00000040       0x20 build/default/debug/FreeRTOS/Core/list.o
 .debug_aranges
                0x00000060       0x20 build/default/debug/FreeRTOS/Core/queue.o
 .debug_aranges
                0x00000080       0x20 build/default/debug/FreeRTOS/Core/stream_buffer.o
 .debug_aranges
                0x000000a0       0x20 build/default/debug/FreeRTOS/Core/tasks.o
 .debug_aranges
                0x000000c0       0x20 build/default/debug/FreeRTOS/Core/timers.o
 .debug_aranges
                0x000000e0       0x20 build/default/debug/FreeRTOS/Core/portable/MemMang/heap_4.o
 .debug_aranges
                0x00000100       0x20 build/default/debug/FreeRTOS/Core/portable/MPLAB/PIC32MX/port.o
 .debug_aranges
                0x00000120       0x20 build/default/debug/FreeRTOS/Core/portable/MPLAB/PIC32MX/port_asm.o
 .debug_aranges
                0x00000140       0x20 build/default/debug/FreeRTOS/TCPIP/FreeRTOS_ARP.o
 .debug_aranges
                0x00000160       0x20 build/default/debug/FreeRTOS/TCPIP/FreeRTOS_DHCP.o
 .debug_aranges
                0x00000180       0x20 build/default/debug/FreeRTOS/TCPIP/FreeRTOS_DNS.o
 .debug_aranges
                0x000001a0       0x20 build/default/debug/FreeRTOS/TCPIP/FreeRTOS_IP.o
 .debug_aranges
                0x000001c0       0x20 build/default/debug/FreeRTOS/TCPIP/FreeRTOS_Sockets.o
 .debug_aranges
                0x000001e0       0x20 build/default/debug/FreeRTOS/TCPIP/FreeRTOS_Stream_Buffer.o
 .debug_aranges
                0x00000200       0x20 build/default/debug/FreeRTOS/TCPIP/FreeRTOS_TCP_IP.o
 .debug_aranges
                0x00000220       0x20 build/default/debug/FreeRTOS/TCPIP/FreeRTOS_TCP_WIN.o
 .debug_aranges
                0x00000240       0x20 build/default/debug/FreeRTOS/TCPIP/FreeRTOS_UDP_IP.o
 .debug_aranges
                0x00000260       0x20 build/default/debug/FreeRTOS/TCPIP/portable/BufferManagement/BufferAllocation_2.o
 .debug_aranges
                0x00000280       0x20 build/default/debug/ConfigPerformance.o
 .debug_aranges
                0x000002a0       0x20 build/default/debug/LAN9250.o
 .debug_aranges
                0x000002c0       0x20 build/default/debug/NetworkInterface_LAN9250.o
 .debug_aranges
                0x000002e0       0x20 build/default/debug/SPI.o
 .debug_aranges
                0x00000300       0x20 build/default/debug/UART.o
 .debug_aranges
                0x00000320       0x20 build/default/debug/main.o
 .debug_aranges
                0x00000340       0x20 build/default/debug/main_blinky.o
 .debug_aranges
                0x00000360       0x20 build/default/debug/LED.o
 .debug_aranges
                0x00000380       0x20 build/default/debug/FiberComms.o
 .debug_aranges
                0x000003a0       0x20 build/default/debug/min.o
 .debug_aranges
                0x000003c0       0x40 C:\Users\Thorb\AppData\Local\Temp\ccCSMUoQ.o
 .debug_aranges
                0x00000400       0x20 c:/program files/microchip/xc32/v2.50/bin/bin/../../lib/gcc/pic32mx/4.8.3\libgcc.a(_udivdi3.o)
 .debug_aranges
                0x00000420       0x20 c:/program files/microchip/xc32/v2.50/bin/bin/../../lib/gcc/pic32mx/4.8.3/../../../../pic32mx/lib\libpic32.a(default-bootstrap-exception-handler.o)
 .debug_aranges
                0x00000440       0x20 c:/program files/microchip/xc32/v2.50/bin/bin/../../lib/gcc/pic32mx/4.8.3/../../../../pic32mx/lib\libpic32.a(default-on-reset.o)
 .debug_aranges
                0x00000460       0x20 c:/program files/microchip/xc32/v2.50/bin/bin/../../lib/gcc/pic32mx/4.8.3/../../../../pic32mx/lib\libpic32.a(default-on-bootstrap.o)
 .debug_aranges
                0x00000480       0x20 c:/program files/microchip/xc32/v2.50/bin/bin/../../lib/gcc/pic32mx/4.8.3/../../../../pic32mx/lib\libpic32.a(defaultinterrupt.o)
 .debug_aranges
                0x000004a0       0x20 c:/program files/microchip/xc32/v2.50/bin/bin/../../lib/gcc/pic32mx/4.8.3\libgcc.a(_umoddi3.o)
 .debug_aranges
                0x000004c0       0x20 c:/program files/microchip/xc32/v2.50/bin/bin/../../lib/gcc/pic32mx/4.8.3/../../../../pic32mx/lib\libpic32.a(_mon_getc.o)
 .debug_aranges
                0x000004e0       0x20 c:/program files/microchip/xc32/v2.50/bin/bin/../../lib/gcc/pic32mx/4.8.3/../../../../pic32mx/lib\libpic32.a(_mon_write.o)
 .debug_aranges
                0x00000500       0x20 c:/program files/microchip/xc32/v2.50/bin/bin/../../lib/gcc/pic32mx/4.8.3/../../../../pic32mx/lib\libpic32.a(_mon_putc.o)

.debug_pubnames
 *(.debug_pubnames)

.debug_info     0x00000000    0x32d7f
 *(.debug_info .gnu.linkonce.wi.*)
 .debug_info    0x00000000       0xe3 c:/program files/microchip/xc32/v2.50/bin/bin/../../lib/gcc/pic32mx/4.8.3/../../../../pic32mx/lib\software-debug-break.o
 .debug_info    0x000000e3      0xe07 build/default/debug/FreeRTOS/Core/event_groups.o
 .debug_info    0x00000eea      0x43f build/default/debug/FreeRTOS/Core/list.o
 .debug_info    0x00001329     0x21a6 build/default/debug/FreeRTOS/Core/queue.o
 .debug_info    0x000034cf     0x1a90 build/default/debug/FreeRTOS/Core/stream_buffer.o
 .debug_info    0x00004f5f     0x37f1 build/default/debug/FreeRTOS/Core/tasks.o
 .debug_info    0x00008750     0x1740 build/default/debug/FreeRTOS/Core/timers.o
 .debug_info    0x00009e90      0x7f9 build/default/debug/FreeRTOS/Core/portable/MemMang/heap_4.o
 .debug_info    0x0000a689      0xf3b build/default/debug/FreeRTOS/Core/portable/MPLAB/PIC32MX/port.o
 .debug_info    0x0000b5c4       0x83 build/default/debug/FreeRTOS/Core/portable/MPLAB/PIC32MX/port_asm.o
 .debug_info    0x0000b647     0x17c3 build/default/debug/FreeRTOS/TCPIP/FreeRTOS_ARP.o
 .debug_info    0x0000ce0a     0x2660 build/default/debug/FreeRTOS/TCPIP/FreeRTOS_DHCP.o
 .debug_info    0x0000f46a     0x359a build/default/debug/FreeRTOS/TCPIP/FreeRTOS_DNS.o
 .debug_info    0x00012a04     0x4a7b build/default/debug/FreeRTOS/TCPIP/FreeRTOS_IP.o
 .debug_info    0x0001747f     0x57a1 build/default/debug/FreeRTOS/TCPIP/FreeRTOS_Sockets.o
 .debug_info    0x0001cc20      0x836 build/default/debug/FreeRTOS/TCPIP/FreeRTOS_Stream_Buffer.o
 .debug_info    0x0001d456     0x58e0 build/default/debug/FreeRTOS/TCPIP/FreeRTOS_TCP_IP.o
 .debug_info    0x00022d36     0x2719 build/default/debug/FreeRTOS/TCPIP/FreeRTOS_TCP_WIN.o
 .debug_info    0x0002544f     0x1eee build/default/debug/FreeRTOS/TCPIP/FreeRTOS_UDP_IP.o
 .debug_info    0x0002733d      0xb5f build/default/debug/FreeRTOS/TCPIP/portable/BufferManagement/BufferAllocation_2.o
 .debug_info    0x00027e9c      0x7a1 build/default/debug/ConfigPerformance.o
 .debug_info    0x0002863d     0x3eab build/default/debug/LAN9250.o
 .debug_info    0x0002c4e8      0xaf2 build/default/debug/NetworkInterface_LAN9250.o
 .debug_info    0x0002cfda      0x720 build/default/debug/SPI.o
 .debug_info    0x0002d6fa     0x191d build/default/debug/UART.o
 .debug_info    0x0002f017      0x741 build/default/debug/main.o
 .debug_info    0x0002f758      0x328 build/default/debug/main_blinky.o
 .debug_info    0x0002fa80      0x440 build/default/debug/LED.o
 .debug_info    0x0002fec0      0xd19 build/default/debug/FiberComms.o
 .debug_info    0x00030bd9      0xc4a build/default/debug/min.o
 .debug_info    0x00031823       0xb5 C:\Users\Thorb\AppData\Local\Temp\ccCSMUoQ.o
 .debug_info    0x000318d8      0x74b c:/program files/microchip/xc32/v2.50/bin/bin/../../lib/gcc/pic32mx/4.8.3\libgcc.a(_udivdi3.o)
 .debug_info    0x00032023       0xf4 c:/program files/microchip/xc32/v2.50/bin/bin/../../lib/gcc/pic32mx/4.8.3/../../../../pic32mx/lib\libpic32.a(default-bootstrap-exception-handler.o)
 .debug_info    0x00032117       0xcd c:/program files/microchip/xc32/v2.50/bin/bin/../../lib/gcc/pic32mx/4.8.3/../../../../pic32mx/lib\libpic32.a(default-on-reset.o)
 .debug_info    0x000321e4       0xd5 c:/program files/microchip/xc32/v2.50/bin/bin/../../lib/gcc/pic32mx/4.8.3/../../../../pic32mx/lib\libpic32.a(default-on-bootstrap.o)
 .debug_info    0x000322b9       0xe7 c:/program files/microchip/xc32/v2.50/bin/bin/../../lib/gcc/pic32mx/4.8.3/../../../../pic32mx/lib\libpic32.a(defaultinterrupt.o)
 .debug_info    0x000323a0      0x788 c:/program files/microchip/xc32/v2.50/bin/bin/../../lib/gcc/pic32mx/4.8.3\libgcc.a(_umoddi3.o)
 .debug_info    0x00032b28       0xc7 c:/program files/microchip/xc32/v2.50/bin/bin/../../lib/gcc/pic32mx/4.8.3/../../../../pic32mx/lib\libpic32.a(_mon_getc.o)
 .debug_info    0x00032bef       0xc9 c:/program files/microchip/xc32/v2.50/bin/bin/../../lib/gcc/pic32mx/4.8.3/../../../../pic32mx/lib\libpic32.a(_mon_write.o)
 .debug_info    0x00032cb8       0xc7 c:/program files/microchip/xc32/v2.50/bin/bin/../../lib/gcc/pic32mx/4.8.3/../../../../pic32mx/lib\libpic32.a(_mon_putc.o)

.debug_abbrev   0x00000000     0x5d73
 *(.debug_abbrev)
 .debug_abbrev  0x00000000       0x28 c:/program files/microchip/xc32/v2.50/bin/bin/../../lib/gcc/pic32mx/4.8.3/../../../../pic32mx/lib\software-debug-break.o
 .debug_abbrev  0x00000028      0x2ed build/default/debug/FreeRTOS/Core/event_groups.o
 .debug_abbrev  0x00000315       0xf6 build/default/debug/FreeRTOS/Core/list.o
 .debug_abbrev  0x0000040b      0x390 build/default/debug/FreeRTOS/Core/queue.o
 .debug_abbrev  0x0000079b      0x395 build/default/debug/FreeRTOS/Core/stream_buffer.o
 .debug_abbrev  0x00000b30      0x436 build/default/debug/FreeRTOS/Core/tasks.o
 .debug_abbrev  0x00000f66      0x3c5 build/default/debug/FreeRTOS/Core/timers.o
 .debug_abbrev  0x0000132b      0x22d build/default/debug/FreeRTOS/Core/portable/MemMang/heap_4.o
 .debug_abbrev  0x00001558      0x330 build/default/debug/FreeRTOS/Core/portable/MPLAB/PIC32MX/port.o
 .debug_abbrev  0x00001888       0x14 build/default/debug/FreeRTOS/Core/portable/MPLAB/PIC32MX/port_asm.o
 .debug_abbrev  0x0000189c      0x3a0 build/default/debug/FreeRTOS/TCPIP/FreeRTOS_ARP.o
 .debug_abbrev  0x00001c3c      0x454 build/default/debug/FreeRTOS/TCPIP/FreeRTOS_DHCP.o
 .debug_abbrev  0x00002090      0x4b7 build/default/debug/FreeRTOS/TCPIP/FreeRTOS_DNS.o
 .debug_abbrev  0x00002547      0x5b7 build/default/debug/FreeRTOS/TCPIP/FreeRTOS_IP.o
 .debug_abbrev  0x00002afe      0x652 build/default/debug/FreeRTOS/TCPIP/FreeRTOS_Sockets.o
 .debug_abbrev  0x00003150      0x1be build/default/debug/FreeRTOS/TCPIP/FreeRTOS_Stream_Buffer.o
 .debug_abbrev  0x0000330e      0x54a build/default/debug/FreeRTOS/TCPIP/FreeRTOS_TCP_IP.o
 .debug_abbrev  0x00003858      0x44b build/default/debug/FreeRTOS/TCPIP/FreeRTOS_TCP_WIN.o
 .debug_abbrev  0x00003ca3      0x38b build/default/debug/FreeRTOS/TCPIP/FreeRTOS_UDP_IP.o
 .debug_abbrev  0x0000402e      0x26c build/default/debug/FreeRTOS/TCPIP/portable/BufferManagement/BufferAllocation_2.o
 .debug_abbrev  0x0000429a      0x12e build/default/debug/ConfigPerformance.o
 .debug_abbrev  0x000043c8      0x4db build/default/debug/LAN9250.o
 .debug_abbrev  0x000048a3      0x222 build/default/debug/NetworkInterface_LAN9250.o
 .debug_abbrev  0x00004ac5      0x171 build/default/debug/SPI.o
 .debug_abbrev  0x00004c36      0x3e7 build/default/debug/UART.o
 .debug_abbrev  0x0000501d      0x251 build/default/debug/main.o
 .debug_abbrev  0x0000526e       0xdd build/default/debug/main_blinky.o
 .debug_abbrev  0x0000534b      0x132 build/default/debug/LED.o
 .debug_abbrev  0x0000547d      0x299 build/default/debug/FiberComms.o
 .debug_abbrev  0x00005716      0x2b4 build/default/debug/min.o
 .debug_abbrev  0x000059ca       0x12 C:\Users\Thorb\AppData\Local\Temp\ccCSMUoQ.o
 .debug_abbrev  0x000059dc      0x138 c:/program files/microchip/xc32/v2.50/bin/bin/../../lib/gcc/pic32mx/4.8.3\libgcc.a(_udivdi3.o)
 .debug_abbrev  0x00005b14       0x28 c:/program files/microchip/xc32/v2.50/bin/bin/../../lib/gcc/pic32mx/4.8.3/../../../../pic32mx/lib\libpic32.a(default-bootstrap-exception-handler.o)
 .debug_abbrev  0x00005b3c       0x28 c:/program files/microchip/xc32/v2.50/bin/bin/../../lib/gcc/pic32mx/4.8.3/../../../../pic32mx/lib\libpic32.a(default-on-reset.o)
 .debug_abbrev  0x00005b64       0x28 c:/program files/microchip/xc32/v2.50/bin/bin/../../lib/gcc/pic32mx/4.8.3/../../../../pic32mx/lib\libpic32.a(default-on-bootstrap.o)
 .debug_abbrev  0x00005b8c       0x28 c:/program files/microchip/xc32/v2.50/bin/bin/../../lib/gcc/pic32mx/4.8.3/../../../../pic32mx/lib\libpic32.a(defaultinterrupt.o)
 .debug_abbrev  0x00005bb4      0x147 c:/program files/microchip/xc32/v2.50/bin/bin/../../lib/gcc/pic32mx/4.8.3\libgcc.a(_umoddi3.o)
 .debug_abbrev  0x00005cfb       0x28 c:/program files/microchip/xc32/v2.50/bin/bin/../../lib/gcc/pic32mx/4.8.3/../../../../pic32mx/lib\libpic32.a(_mon_getc.o)
 .debug_abbrev  0x00005d23       0x28 c:/program files/microchip/xc32/v2.50/bin/bin/../../lib/gcc/pic32mx/4.8.3/../../../../pic32mx/lib\libpic32.a(_mon_write.o)
 .debug_abbrev  0x00005d4b       0x28 c:/program files/microchip/xc32/v2.50/bin/bin/../../lib/gcc/pic32mx/4.8.3/../../../../pic32mx/lib\libpic32.a(_mon_putc.o)

.debug_line     0x00000000     0x7472
 *(.debug_line)
 .debug_line    0x00000000       0x99 c:/program files/microchip/xc32/v2.50/bin/bin/../../lib/gcc/pic32mx/4.8.3/../../../../pic32mx/lib\software-debug-break.o
 .debug_line    0x00000099      0x2cf build/default/debug/FreeRTOS/Core/event_groups.o
 .debug_line    0x00000368      0x19c build/default/debug/FreeRTOS/Core/list.o
 .debug_line    0x00000504      0x4d3 build/default/debug/FreeRTOS/Core/queue.o
 .debug_line    0x000009d7      0x383 build/default/debug/FreeRTOS/Core/stream_buffer.o
 .debug_line    0x00000d5a      0x749 build/default/debug/FreeRTOS/Core/tasks.o
 .debug_line    0x000014a3      0x346 build/default/debug/FreeRTOS/Core/timers.o
 .debug_line    0x000017e9      0x272 build/default/debug/FreeRTOS/Core/portable/MemMang/heap_4.o
 .debug_line    0x00001a5b      0x231 build/default/debug/FreeRTOS/Core/portable/MPLAB/PIC32MX/port.o
 .debug_line    0x00001c8c       0xe2 build/default/debug/FreeRTOS/Core/portable/MPLAB/PIC32MX/port_asm.o
 .debug_line    0x00001d6e      0x3d5 build/default/debug/FreeRTOS/TCPIP/FreeRTOS_ARP.o
 .debug_line    0x00002143      0x431 build/default/debug/FreeRTOS/TCPIP/FreeRTOS_DHCP.o
 .debug_line    0x00002574      0x555 build/default/debug/FreeRTOS/TCPIP/FreeRTOS_DNS.o
 .debug_line    0x00002ac9      0x6c4 build/default/debug/FreeRTOS/TCPIP/FreeRTOS_IP.o
 .debug_line    0x0000318d      0x976 build/default/debug/FreeRTOS/TCPIP/FreeRTOS_Sockets.o
 .debug_line    0x00003b03      0x279 build/default/debug/FreeRTOS/TCPIP/FreeRTOS_Stream_Buffer.o
 .debug_line    0x00003d7c      0x910 build/default/debug/FreeRTOS/TCPIP/FreeRTOS_TCP_IP.o
 .debug_line    0x0000468c      0x575 build/default/debug/FreeRTOS/TCPIP/FreeRTOS_TCP_WIN.o
 .debug_line    0x00004c01      0x392 build/default/debug/FreeRTOS/TCPIP/FreeRTOS_UDP_IP.o
 .debug_line    0x00004f93      0x2d0 build/default/debug/FreeRTOS/TCPIP/portable/BufferManagement/BufferAllocation_2.o
 .debug_line    0x00005263      0x14c build/default/debug/ConfigPerformance.o
 .debug_line    0x000053af      0x60e build/default/debug/LAN9250.o
 .debug_line    0x000059bd      0x2a0 build/default/debug/NetworkInterface_LAN9250.o
 .debug_line    0x00005c5d      0x155 build/default/debug/SPI.o
 .debug_line    0x00005db2      0x44e build/default/debug/UART.o
 .debug_line    0x00006200      0x2d6 build/default/debug/main.o
 .debug_line    0x000064d6      0x1cb build/default/debug/main_blinky.o
 .debug_line    0x000066a1      0x15f build/default/debug/LED.o
 .debug_line    0x00006800      0x2bf build/default/debug/FiberComms.o
 .debug_line    0x00006abf      0x24c build/default/debug/min.o
 .debug_line    0x00006d0b      0x14d C:\Users\Thorb\AppData\Local\Temp\ccCSMUoQ.o
 .debug_line    0x00006e58       0xf7 c:/program files/microchip/xc32/v2.50/bin/bin/../../lib/gcc/pic32mx/4.8.3\libgcc.a(_udivdi3.o)
 .debug_line    0x00006f4f       0xa6 c:/program files/microchip/xc32/v2.50/bin/bin/../../lib/gcc/pic32mx/4.8.3/../../../../pic32mx/lib\libpic32.a(default-bootstrap-exception-handler.o)
 .debug_line    0x00006ff5       0x93 c:/program files/microchip/xc32/v2.50/bin/bin/../../lib/gcc/pic32mx/4.8.3/../../../../pic32mx/lib\libpic32.a(default-on-reset.o)
 .debug_line    0x00007088       0x97 c:/program files/microchip/xc32/v2.50/bin/bin/../../lib/gcc/pic32mx/4.8.3/../../../../pic32mx/lib\libpic32.a(default-on-bootstrap.o)
 .debug_line    0x0000711f       0xa5 c:/program files/microchip/xc32/v2.50/bin/bin/../../lib/gcc/pic32mx/4.8.3/../../../../pic32mx/lib\libpic32.a(defaultinterrupt.o)
 .debug_line    0x000071c4      0x109 c:/program files/microchip/xc32/v2.50/bin/bin/../../lib/gcc/pic32mx/4.8.3\libgcc.a(_umoddi3.o)
 .debug_line    0x000072cd       0x8c c:/program files/microchip/xc32/v2.50/bin/bin/../../lib/gcc/pic32mx/4.8.3/../../../../pic32mx/lib\libpic32.a(_mon_getc.o)
 .debug_line    0x00007359       0x8d c:/program files/microchip/xc32/v2.50/bin/bin/../../lib/gcc/pic32mx/4.8.3/../../../../pic32mx/lib\libpic32.a(_mon_write.o)
 .debug_line    0x000073e6        0x0 c:/program files/microchip/xc32/v2.50/bin/bin/../../lib/gcc/pic32mx/4.8.3/../../../../pic32mx/lib\libpic32.a(xc32_uart.o)
 .debug_line    0x000073e6       0x8c c:/program files/microchip/xc32/v2.50/bin/bin/../../lib/gcc/pic32mx/4.8.3/../../../../pic32mx/lib\libpic32.a(_mon_putc.o)

.debug_frame    0x00000000     0x3394
 *(.debug_frame)
 .debug_frame   0x00000000       0x20 c:/program files/microchip/xc32/v2.50/bin/bin/../../lib/gcc/pic32mx/4.8.3/../../../../pic32mx/lib\software-debug-break.o
 .debug_frame   0x00000020      0x144 build/default/debug/FreeRTOS/Core/event_groups.o
 .debug_frame   0x00000164       0x60 build/default/debug/FreeRTOS/Core/list.o
 .debug_frame   0x000001c4      0x338 build/default/debug/FreeRTOS/Core/queue.o
 .debug_frame   0x000004fc      0x274 build/default/debug/FreeRTOS/Core/stream_buffer.o
 .debug_frame   0x00000770      0x7a0 build/default/debug/FreeRTOS/Core/tasks.o
 .debug_frame   0x00000f10      0x1dc build/default/debug/FreeRTOS/Core/timers.o
 .debug_frame   0x000010ec       0xb8 build/default/debug/FreeRTOS/Core/portable/MemMang/heap_4.o
 .debug_frame   0x000011a4       0xd0 build/default/debug/FreeRTOS/Core/portable/MPLAB/PIC32MX/port.o
 .debug_frame   0x00001274      0x150 build/default/debug/FreeRTOS/TCPIP/FreeRTOS_ARP.o
 .debug_frame   0x000013c4      0x130 build/default/debug/FreeRTOS/TCPIP/FreeRTOS_DHCP.o
 .debug_frame   0x000014f4      0x138 build/default/debug/FreeRTOS/TCPIP/FreeRTOS_DNS.o
 .debug_frame   0x0000162c      0x394 build/default/debug/FreeRTOS/TCPIP/FreeRTOS_IP.o
 .debug_frame   0x000019c0      0x5d4 build/default/debug/FreeRTOS/TCPIP/FreeRTOS_Sockets.o
 .debug_frame   0x00001f94       0x5c build/default/debug/FreeRTOS/TCPIP/FreeRTOS_Stream_Buffer.o
 .debug_frame   0x00001ff0      0x1f4 build/default/debug/FreeRTOS/TCPIP/FreeRTOS_TCP_IP.o
 .debug_frame   0x000021e4      0x238 build/default/debug/FreeRTOS/TCPIP/FreeRTOS_TCP_WIN.o
 .debug_frame   0x0000241c       0x68 build/default/debug/FreeRTOS/TCPIP/FreeRTOS_UDP_IP.o
 .debug_frame   0x00002484       0xe0 build/default/debug/FreeRTOS/TCPIP/portable/BufferManagement/BufferAllocation_2.o
 .debug_frame   0x00002564       0x48 build/default/debug/ConfigPerformance.o
 .debug_frame   0x000025ac      0x558 build/default/debug/LAN9250.o
 .debug_frame   0x00002b04       0xec build/default/debug/NetworkInterface_LAN9250.o
 .debug_frame   0x00002bf0       0x98 build/default/debug/SPI.o
 .debug_frame   0x00002c88      0x284 build/default/debug/UART.o
 .debug_frame   0x00002f0c       0xa4 build/default/debug/main.o
 .debug_frame   0x00002fb0       0x2c build/default/debug/main_blinky.o
 .debug_frame   0x00002fdc       0x98 build/default/debug/LED.o
 .debug_frame   0x00003074      0x120 build/default/debug/FiberComms.o
 .debug_frame   0x00003194       0xac build/default/debug/min.o
 .debug_frame   0x00003240       0x20 c:/program files/microchip/xc32/v2.50/bin/bin/../../lib/gcc/pic32mx/4.8.3\libgcc.a(_udivdi3.o)
 .debug_frame   0x00003260       0x2c c:/program files/microchip/xc32/v2.50/bin/bin/../../lib/gcc/pic32mx/4.8.3/../../../../pic32mx/lib\libpic32.a(default-bootstrap-exception-handler.o)
 .debug_frame   0x0000328c       0x20 c:/program files/microchip/xc32/v2.50/bin/bin/../../lib/gcc/pic32mx/4.8.3/../../../../pic32mx/lib\libpic32.a(default-on-reset.o)
 .debug_frame   0x000032ac       0x20 c:/program files/microchip/xc32/v2.50/bin/bin/../../lib/gcc/pic32mx/4.8.3/../../../../pic32mx/lib\libpic32.a(default-on-bootstrap.o)
 .debug_frame   0x000032cc       0x20 c:/program files/microchip/xc32/v2.50/bin/bin/../../lib/gcc/pic32mx/4.8.3/../../../../pic32mx/lib\libpic32.a(defaultinterrupt.o)
 .debug_frame   0x000032ec       0x20 c:/program files/microchip/xc32/v2.50/bin/bin/../../lib/gcc/pic32mx/4.8.3\libgcc.a(_umoddi3.o)
 .debug_frame   0x0000330c       0x2c c:/program files/microchip/xc32/v2.50/bin/bin/../../lib/gcc/pic32mx/4.8.3/../../../../pic32mx/lib\libpic32.a(_mon_getc.o)
 .debug_frame   0x00003338       0x30 c:/program files/microchip/xc32/v2.50/bin/bin/../../lib/gcc/pic32mx/4.8.3/../../../../pic32mx/lib\libpic32.a(_mon_write.o)
 .debug_frame   0x00003368       0x2c c:/program files/microchip/xc32/v2.50/bin/bin/../../lib/gcc/pic32mx/4.8.3/../../../../pic32mx/lib\libpic32.a(_mon_putc.o)

.debug_str      0x00000000     0x145a
 *(.debug_str)
 .debug_str     0x00000000        0x0 c:/program files/microchip/xc32/v2.50/bin/bin/../../lib/gcc/pic32mx/4.8.3/../../../../pic32mx/lib\software-debug-break.o
 .debug_str     0x00000000       0xf9 build/default/debug/FreeRTOS/Core/event_groups.o
 .debug_str     0x000000f9       0x2b build/default/debug/FreeRTOS/Core/list.o
 .debug_str     0x00000124      0x149 build/default/debug/FreeRTOS/Core/queue.o
 .debug_str     0x0000026d      0x157 build/default/debug/FreeRTOS/Core/stream_buffer.o
 .debug_str     0x000003c4      0x242 build/default/debug/FreeRTOS/Core/tasks.o
 .debug_str     0x00000606       0xe0 build/default/debug/FreeRTOS/Core/timers.o
 .debug_str     0x000006e6       0x74 build/default/debug/FreeRTOS/Core/portable/MemMang/heap_4.o
 .debug_str     0x0000075a       0x37 build/default/debug/FreeRTOS/Core/portable/MPLAB/PIC32MX/port.o
 .debug_str     0x00000791       0x9c build/default/debug/FreeRTOS/TCPIP/FreeRTOS_ARP.o
 .debug_str     0x0000082d       0x74 build/default/debug/FreeRTOS/TCPIP/FreeRTOS_DHCP.o
 .debug_str     0x000008a1      0x141 build/default/debug/FreeRTOS/TCPIP/FreeRTOS_DNS.o
 .debug_str     0x000009e2      0x1e7 build/default/debug/FreeRTOS/TCPIP/FreeRTOS_IP.o
 .debug_str     0x00000bc9      0x255 build/default/debug/FreeRTOS/TCPIP/FreeRTOS_Sockets.o
 .debug_str     0x00000e1e       0x28 build/default/debug/FreeRTOS/TCPIP/FreeRTOS_Stream_Buffer.o
 .debug_str     0x00000e46      0x219 build/default/debug/FreeRTOS/TCPIP/FreeRTOS_TCP_IP.o
 .debug_str     0x0000105f      0x10e build/default/debug/FreeRTOS/TCPIP/FreeRTOS_TCP_WIN.o
 .debug_str     0x0000116d       0x6d build/default/debug/FreeRTOS/TCPIP/FreeRTOS_UDP_IP.o
 .debug_str     0x000011da       0x38 build/default/debug/FreeRTOS/TCPIP/portable/BufferManagement/BufferAllocation_2.o
 .debug_str     0x00001212       0x18 build/default/debug/ConfigPerformance.o
 .debug_str     0x0000122a       0xd0 build/default/debug/LAN9250.o
 .debug_str     0x000012fa       0x7a build/default/debug/NetworkInterface_LAN9250.o
 .debug_str     0x00001374        0x0 build/default/debug/SPI.o
 .debug_str     0x00001374       0x46 build/default/debug/UART.o
 .debug_str     0x000013ba       0x23 build/default/debug/main.o
 .debug_str     0x000013dd        0x0 build/default/debug/main_blinky.o
 .debug_str     0x000013dd       0x20 build/default/debug/LED.o
 .debug_str     0x000013fd       0x39 build/default/debug/FiberComms.o
 .debug_str     0x00001436       0x24 build/default/debug/min.o
 .debug_str     0x0000145a        0x0 c:/program files/microchip/xc32/v2.50/bin/bin/../../lib/gcc/pic32mx/4.8.3\libgcc.a(_udivdi3.o)
 .debug_str     0x0000145a        0x0 c:/program files/microchip/xc32/v2.50/bin/bin/../../lib/gcc/pic32mx/4.8.3/../../../../pic32mx/lib\libpic32.a(default-bootstrap-exception-handler.o)
 .debug_str     0x0000145a        0x0 c:/program files/microchip/xc32/v2.50/bin/bin/../../lib/gcc/pic32mx/4.8.3/../../../../pic32mx/lib\libpic32.a(default-on-reset.o)
 .debug_str     0x0000145a        0x0 c:/program files/microchip/xc32/v2.50/bin/bin/../../lib/gcc/pic32mx/4.8.3/../../../../pic32mx/lib\libpic32.a(default-on-bootstrap.o)
 .debug_str     0x0000145a        0x0 c:/program files/microchip/xc32/v2.50/bin/bin/../../lib/gcc/pic32mx/4.8.3/../../../../pic32mx/lib\libpic32.a(defaultinterrupt.o)
 .debug_str     0x0000145a        0x0 c:/program files/microchip/xc32/v2.50/bin/bin/../../lib/gcc/pic32mx/4.8.3\libgcc.a(_umoddi3.o)
 .debug_str     0x0000145a        0x0 c:/program files/microchip/xc32/v2.50/bin/bin/../../lib/gcc/pic32mx/4.8.3/../../../../pic32mx/lib\libpic32.a(_mon_getc.o)
 .debug_str     0x0000145a        0x0 c:/program files/microchip/xc32/v2.50/bin/bin/../../lib/gcc/pic32mx/4.8.3/../../../../pic32mx/lib\libpic32.a(_mon_write.o)
 .debug_str     0x0000145a        0x0 c:/program files/microchip/xc32/v2.50/bin/bin/../../lib/gcc/pic32mx/4.8.3/../../../../pic32mx/lib\libpic32.a(xc32_uart.o)
 .debug_str     0x0000145a        0x0 c:/program files/microchip/xc32/v2.50/bin/bin/../../lib/gcc/pic32mx/4.8.3/../../../../pic32mx/lib\libpic32.a(_mon_putc.o)

.debug_loc      0x00000000    0x178f2
 *(.debug_loc)
 .debug_loc     0x00000000      0xaaa build/default/debug/FreeRTOS/Core/event_groups.o
 .debug_loc     0x00000aaa       0x5c build/default/debug/FreeRTOS/Core/list.o
 .debug_loc     0x00000b06     0x1949 build/default/debug/FreeRTOS/Core/queue.o
 .debug_loc     0x0000244f     0x13d7 build/default/debug/FreeRTOS/Core/stream_buffer.o
 .debug_loc     0x00003826     0x2710 build/default/debug/FreeRTOS/Core/tasks.o
 .debug_loc     0x00005f36      0xa9b build/default/debug/FreeRTOS/Core/timers.o
 .debug_loc     0x000069d1      0x413 build/default/debug/FreeRTOS/Core/portable/MemMang/heap_4.o
 .debug_loc     0x00006de4      0x1de build/default/debug/FreeRTOS/Core/portable/MPLAB/PIC32MX/port.o
 .debug_loc     0x00006fc2      0x649 build/default/debug/FreeRTOS/TCPIP/FreeRTOS_ARP.o
 .debug_loc     0x0000760b      0x489 build/default/debug/FreeRTOS/TCPIP/FreeRTOS_DHCP.o
 .debug_loc     0x00007a94     0x10bf build/default/debug/FreeRTOS/TCPIP/FreeRTOS_DNS.o
 .debug_loc     0x00008b53     0x16f6 build/default/debug/FreeRTOS/TCPIP/FreeRTOS_IP.o
 .debug_loc     0x0000a249     0x3418 build/default/debug/FreeRTOS/TCPIP/FreeRTOS_Sockets.o
 .debug_loc     0x0000d661      0x479 build/default/debug/FreeRTOS/TCPIP/FreeRTOS_Stream_Buffer.o
 .debug_loc     0x0000dada     0x2bc9 build/default/debug/FreeRTOS/TCPIP/FreeRTOS_TCP_IP.o
 .debug_loc     0x000106a3     0x1b7f build/default/debug/FreeRTOS/TCPIP/FreeRTOS_TCP_WIN.o
 .debug_loc     0x00012222      0x25b build/default/debug/FreeRTOS/TCPIP/FreeRTOS_UDP_IP.o
 .debug_loc     0x0001247d      0x33e build/default/debug/FreeRTOS/TCPIP/portable/BufferManagement/BufferAllocation_2.o
 .debug_loc     0x000127bb       0xf8 build/default/debug/ConfigPerformance.o
 .debug_loc     0x000128b3     0x25b2 build/default/debug/LAN9250.o
 .debug_loc     0x00014e65      0x25d build/default/debug/NetworkInterface_LAN9250.o
 .debug_loc     0x000150c2      0x205 build/default/debug/SPI.o
 .debug_loc     0x000152c7      0x549 build/default/debug/UART.o
 .debug_loc     0x00015810      0x138 build/default/debug/main.o
 .debug_loc     0x00015948       0x2c build/default/debug/main_blinky.o
 .debug_loc     0x00015974       0x8e build/default/debug/LED.o
 .debug_loc     0x00015a02      0x38d build/default/debug/FiberComms.o
 .debug_loc     0x00015d8f      0x624 build/default/debug/min.o
 .debug_loc     0x000163b3      0xa6a c:/program files/microchip/xc32/v2.50/bin/bin/../../lib/gcc/pic32mx/4.8.3\libgcc.a(_udivdi3.o)
 .debug_loc     0x00016e1d       0x2c c:/program files/microchip/xc32/v2.50/bin/bin/../../lib/gcc/pic32mx/4.8.3/../../../../pic32mx/lib\libpic32.a(default-bootstrap-exception-handler.o)
 .debug_loc     0x00016e49      0xa3d c:/program files/microchip/xc32/v2.50/bin/bin/../../lib/gcc/pic32mx/4.8.3\libgcc.a(_umoddi3.o)
 .debug_loc     0x00017886       0x20 c:/program files/microchip/xc32/v2.50/bin/bin/../../lib/gcc/pic32mx/4.8.3/../../../../pic32mx/lib\libpic32.a(_mon_getc.o)
 .debug_loc     0x000178a6       0x2c c:/program files/microchip/xc32/v2.50/bin/bin/../../lib/gcc/pic32mx/4.8.3/../../../../pic32mx/lib\libpic32.a(_mon_write.o)
 .debug_loc     0x000178d2       0x20 c:/program files/microchip/xc32/v2.50/bin/bin/../../lib/gcc/pic32mx/4.8.3/../../../../pic32mx/lib\libpic32.a(_mon_putc.o)

.debug_macinfo
 *(.debug_macinfo)

.debug_weaknames
 *(.debug_weaknames)

.debug_funcnames
 *(.debug_funcnames)

.debug_typenames
 *(.debug_typenames)

.debug_varnames
 *(.debug_varnames)

.debug_pubtypes
 *(.debug_pubtypes)

.debug_ranges   0x00000000     0x1178
 *(.debug_ranges)
 .debug_ranges  0x00000000       0x10 c:/program files/microchip/xc32/v2.50/bin/bin/../../lib/gcc/pic32mx/4.8.3/../../../../pic32mx/lib\software-debug-break.o
 .debug_ranges  0x00000010       0x20 build/default/debug/FreeRTOS/Core/event_groups.o
 .debug_ranges  0x00000030       0xc0 build/default/debug/FreeRTOS/Core/queue.o
 .debug_ranges  0x000000f0       0x30 build/default/debug/FreeRTOS/Core/tasks.o
 .debug_ranges  0x00000120       0x90 build/default/debug/FreeRTOS/Core/timers.o
 .debug_ranges  0x000001b0       0x18 build/default/debug/FreeRTOS/Core/portable/MemMang/heap_4.o
 .debug_ranges  0x000001c8       0x30 build/default/debug/FreeRTOS/TCPIP/FreeRTOS_ARP.o
 .debug_ranges  0x000001f8       0x80 build/default/debug/FreeRTOS/TCPIP/FreeRTOS_DHCP.o
 .debug_ranges  0x00000278      0x208 build/default/debug/FreeRTOS/TCPIP/FreeRTOS_DNS.o
 .debug_ranges  0x00000480      0x168 build/default/debug/FreeRTOS/TCPIP/FreeRTOS_IP.o
 .debug_ranges  0x000005e8      0x258 build/default/debug/FreeRTOS/TCPIP/FreeRTOS_Sockets.o
 .debug_ranges  0x00000840       0x18 build/default/debug/FreeRTOS/TCPIP/FreeRTOS_Stream_Buffer.o
 .debug_ranges  0x00000858      0x410 build/default/debug/FreeRTOS/TCPIP/FreeRTOS_TCP_IP.o
 .debug_ranges  0x00000c68      0x128 build/default/debug/FreeRTOS/TCPIP/FreeRTOS_TCP_WIN.o
 .debug_ranges  0x00000d90       0xb8 build/default/debug/LAN9250.o
 .debug_ranges  0x00000e48       0x18 build/default/debug/UART.o
 .debug_ranges  0x00000e60       0x20 build/default/debug/LED.o
 .debug_ranges  0x00000e80       0x30 build/default/debug/FiberComms.o
 .debug_ranges  0x00000eb0       0xb0 build/default/debug/min.o
 .debug_ranges  0x00000f60       0x38 C:\Users\Thorb\AppData\Local\Temp\ccCSMUoQ.o
 .debug_ranges  0x00000f98       0x98 c:/program files/microchip/xc32/v2.50/bin/bin/../../lib/gcc/pic32mx/4.8.3\libgcc.a(_udivdi3.o)
 .debug_ranges  0x00001030       0x10 c:/program files/microchip/xc32/v2.50/bin/bin/../../lib/gcc/pic32mx/4.8.3/../../../../pic32mx/lib\libpic32.a(default-bootstrap-exception-handler.o)
 .debug_ranges  0x00001040       0x10 c:/program files/microchip/xc32/v2.50/bin/bin/../../lib/gcc/pic32mx/4.8.3/../../../../pic32mx/lib\libpic32.a(default-on-reset.o)
 .debug_ranges  0x00001050       0x10 c:/program files/microchip/xc32/v2.50/bin/bin/../../lib/gcc/pic32mx/4.8.3/../../../../pic32mx/lib\libpic32.a(default-on-bootstrap.o)
 .debug_ranges  0x00001060       0x10 c:/program files/microchip/xc32/v2.50/bin/bin/../../lib/gcc/pic32mx/4.8.3/../../../../pic32mx/lib\libpic32.a(defaultinterrupt.o)
 .debug_ranges  0x00001070       0xd8 c:/program files/microchip/xc32/v2.50/bin/bin/../../lib/gcc/pic32mx/4.8.3\libgcc.a(_umoddi3.o)
 .debug_ranges  0x00001148       0x10 c:/program files/microchip/xc32/v2.50/bin/bin/../../lib/gcc/pic32mx/4.8.3/../../../../pic32mx/lib\libpic32.a(_mon_getc.o)
 .debug_ranges  0x00001158       0x10 c:/program files/microchip/xc32/v2.50/bin/bin/../../lib/gcc/pic32mx/4.8.3/../../../../pic32mx/lib\libpic32.a(_mon_write.o)
 .debug_ranges  0x00001168       0x10 c:/program files/microchip/xc32/v2.50/bin/bin/../../lib/gcc/pic32mx/4.8.3/../../../../pic32mx/lib\libpic32.a(_mon_putc.o)

.gnu.attributes
                0x00000000       0x10
 *(.gnu.attributes)
 .gnu.attributes
                0x00000000       0x10 c:/program files/microchip/xc32/v2.50/bin/bin/../../lib/gcc/pic32mx/4.8.3/../../../../pic32mx/lib\software-debug-break.o
 .gnu.attributes
                0x00000010       0x10 build/default/debug/FreeRTOS/Core/event_groups.o
 .gnu.attributes
                0x00000020       0x10 build/default/debug/FreeRTOS/Core/list.o
 .gnu.attributes
                0x00000030       0x10 build/default/debug/FreeRTOS/Core/queue.o
 .gnu.attributes
                0x00000040       0x10 build/default/debug/FreeRTOS/Core/stream_buffer.o
 .gnu.attributes
                0x00000050       0x10 build/default/debug/FreeRTOS/Core/tasks.o
 .gnu.attributes
                0x00000060       0x10 build/default/debug/FreeRTOS/Core/timers.o
 .gnu.attributes
                0x00000070       0x10 build/default/debug/FreeRTOS/Core/portable/MemMang/heap_4.o
 .gnu.attributes
                0x00000080       0x10 build/default/debug/FreeRTOS/Core/portable/MPLAB/PIC32MX/port.o
 .gnu.attributes
                0x00000090       0x10 build/default/debug/FreeRTOS/TCPIP/FreeRTOS_ARP.o
 .gnu.attributes
                0x000000a0       0x10 build/default/debug/FreeRTOS/TCPIP/FreeRTOS_DHCP.o
 .gnu.attributes
                0x000000b0       0x10 build/default/debug/FreeRTOS/TCPIP/FreeRTOS_DNS.o
 .gnu.attributes
                0x000000c0       0x10 build/default/debug/FreeRTOS/TCPIP/FreeRTOS_IP.o
 .gnu.attributes
                0x000000d0       0x10 build/default/debug/FreeRTOS/TCPIP/FreeRTOS_Sockets.o
 .gnu.attributes
                0x000000e0       0x10 build/default/debug/FreeRTOS/TCPIP/FreeRTOS_Stream_Buffer.o
 .gnu.attributes
                0x000000f0       0x10 build/default/debug/FreeRTOS/TCPIP/FreeRTOS_TCP_IP.o
 .gnu.attributes
                0x00000100       0x10 build/default/debug/FreeRTOS/TCPIP/FreeRTOS_TCP_WIN.o
 .gnu.attributes
                0x00000110       0x10 build/default/debug/FreeRTOS/TCPIP/FreeRTOS_UDP_IP.o
 .gnu.attributes
                0x00000120       0x10 build/default/debug/FreeRTOS/TCPIP/portable/BufferManagement/BufferAllocation_2.o
 .gnu.attributes
                0x00000130       0x10 build/default/debug/ConfigPerformance.o
 .gnu.attributes
                0x00000140       0x10 build/default/debug/LAN9250.o
 .gnu.attributes
                0x00000150       0x10 build/default/debug/NetworkInterface_LAN9250.o
 .gnu.attributes
                0x00000160       0x10 build/default/debug/SPI.o
 .gnu.attributes
                0x00000170       0x10 build/default/debug/UART.o
 .gnu.attributes
                0x00000180       0x10 build/default/debug/main.o
 .gnu.attributes
                0x00000190       0x10 build/default/debug/main_blinky.o
 .gnu.attributes
                0x000001a0       0x10 build/default/debug/LED.o
 .gnu.attributes
                0x000001b0       0x10 build/default/debug/FiberComms.o
 .gnu.attributes
                0x000001c0       0x10 build/default/debug/min.o
 .gnu.attributes
                0x000001d0       0x10 c:/program files/microchip/xc32/v2.50/bin/bin/../../lib/gcc/pic32mx/4.8.3\libgcc.a(_udivdi3.o)
 .gnu.attributes
                0x000001e0       0x10 c:/program files/microchip/xc32/v2.50/bin/bin/../../lib/gcc/pic32mx/4.8.3/../../../../pic32mx/lib\libpic32.a(default-bootstrap-exception-handler.o)
 .gnu.attributes
                0x000001f0       0x10 c:/program files/microchip/xc32/v2.50/bin/bin/../../lib/gcc/pic32mx/4.8.3/../../../../pic32mx/lib\libpic32.a(default-on-reset.o)
 .gnu.attributes
                0x00000200       0x10 c:/program files/microchip/xc32/v2.50/bin/bin/../../lib/gcc/pic32mx/4.8.3/../../../../pic32mx/lib\libpic32.a(default-on-bootstrap.o)
 .gnu.attributes
                0x00000210       0x10 c:/program files/microchip/xc32/v2.50/bin/bin/../../lib/gcc/pic32mx/4.8.3/../../../../pic32mx/lib\libpic32.a(defaultinterrupt.o)
 .gnu.attributes
                0x00000220       0x10 c:/program files/microchip/xc32/v2.50/bin/bin/../../lib/gcc/pic32mx/4.8.3/../../../../pic32mx/lib\liblega-c.a(memmove.o)
 .gnu.attributes
                0x00000230       0x10 c:/program files/microchip/xc32/v2.50/bin/bin/../../lib/gcc/pic32mx/4.8.3/../../../../pic32mx/lib\liblega-c.a(rand.o)
 .gnu.attributes
                0x00000240       0x10 c:/program files/microchip/xc32/v2.50/bin/bin/../../lib/gcc/pic32mx/4.8.3/../../../../pic32mx/lib\liblega-c.a(sprintf_cdnopuxX.eo)
 .gnu.attributes
                0x00000250       0x10 c:/program files/microchip/xc32/v2.50/bin/bin/../../lib/gcc/pic32mx/4.8.3/../../../../pic32mx/lib\liblega-c.a(snprintf_cdnopsuxX.eo)
 .gnu.attributes
                0x00000260       0x10 c:/program files/microchip/xc32/v2.50/bin/bin/../../lib/gcc/pic32mx/4.8.3/../../../../pic32mx/lib\liblega-c.a(vsprintf.o)
 .gnu.attributes
                0x00000270       0x10 c:/program files/microchip/xc32/v2.50/bin/bin/../../lib/gcc/pic32mx/4.8.3/../../../../pic32mx/lib\liblega-c.a(stubs.o)
 .gnu.attributes
                0x00000280       0x10 c:/program files/microchip/xc32/v2.50/bin/bin/../../lib/gcc/pic32mx/4.8.3/../../../../pic32mx/lib\liblega-c.a(_doprnt_cdnopsuxX.eo)
 .gnu.attributes
                0x00000290       0x10 c:/program files/microchip/xc32/v2.50/bin/bin/../../lib/gcc/pic32mx/4.8.3/../../../../pic32mx/lib\liblega-c.a(_doprnt.o)
 .gnu.attributes
                0x000002a0       0x10 c:/program files/microchip/xc32/v2.50/bin/bin/../../lib/gcc/pic32mx/4.8.3/../../../../pic32mx/lib\liblega-c.a(_iobdata.o)
 .gnu.attributes
                0x000002b0       0x10 c:/program files/microchip/xc32/v2.50/bin/bin/../../lib/gcc/pic32mx/4.8.3/../../../../pic32mx/lib\liblega-c.a(_iobfuncs.o)
 .gnu.attributes
                0x000002c0       0x10 c:/program files/microchip/xc32/v2.50/bin/bin/../../lib/gcc/pic32mx/4.8.3/../../../../pic32mx/lib\liblega-c.a(_iobstring.o)
 .gnu.attributes
                0x000002d0       0x10 c:/program files/microchip/xc32/v2.50/bin/bin/../../lib/gcc/pic32mx/4.8.3/../../../../pic32mx/lib\liblega-c.a(fputc.o)
 .gnu.attributes