
Optional file libmchp_peripheral.a not found

Optional file libmchp_peripheral_32MX270F256B.a not found
Archive member included because of file (symbol)

c:/program files/microchip/xc32/v2.50/bin/bin/../../lib/gcc/pic32mx/4.8.3\libgcc.a(_udivdi3.o)
                              build/default/debug/UART.o (__udivdi3)
c:/program files/microchip/xc32/v2.50/bin/bin/../../lib/gcc/pic32mx/4.8.3/../../../../pic32mx/lib\libpic32.a(memcmp.o)
                              build/default/debug/FreeRTOS/Core/portable/MPLAB/PIC32MX/port.o (memcmp)
c:/program files/microchip/xc32/v2.50/bin/bin/../../lib/gcc/pic32mx/4.8.3/../../../../pic32mx/lib\libpic32.a(memcpy.o)
                              build/default/debug/FreeRTOS/Core/queue.o (memcpy)
c:/program files/microchip/xc32/v2.50/bin/bin/../../lib/gcc/pic32mx/4.8.3/../../../../pic32mx/lib\libpic32.a(memset.o)
                              build/default/debug/FreeRTOS/Core/stream_buffer.o (memset)
c:/program files/microchip/xc32/v2.50/bin/bin/../../lib/gcc/pic32mx/4.8.3/../../../../pic32mx/lib\libpic32.a(strcmp.o)
                              build/default/debug/FreeRTOS/TCPIP/FreeRTOS_DNS.o (strcmp)
c:/program files/microchip/xc32/v2.50/bin/bin/../../lib/gcc/pic32mx/4.8.3/../../../../pic32mx/lib\libpic32.a(strcpy.o)
                              build/default/debug/FreeRTOS/TCPIP/FreeRTOS_DNS.o (strcpy)
c:/program files/microchip/xc32/v2.50/bin/bin/../../lib/gcc/pic32mx/4.8.3/../../../../pic32mx/lib\libpic32.a(strlen.o)
                              build/default/debug/FreeRTOS/TCPIP/FreeRTOS_DNS.o (strlen)
c:/program files/microchip/xc32/v2.50/bin/bin/../../lib/gcc/pic32mx/4.8.3/../../../../pic32mx/lib\libpic32.a(default-bootstrap-exception-handler.o)
                              C:\Users\Thorb\AppData\Local\Temp\ccn5qpOr.o (_bootstrap_exception_handler)
c:/program files/microchip/xc32/v2.50/bin/bin/../../lib/gcc/pic32mx/4.8.3/../../../../pic32mx/lib\libpic32.a(default-on-reset.o)
                              C:\Users\Thorb\AppData\Local\Temp\ccn5qpOr.o (_on_reset)
c:/program files/microchip/xc32/v2.50/bin/bin/../../lib/gcc/pic32mx/4.8.3/../../../../pic32mx/lib\libpic32.a(default-on-bootstrap.o)
                              C:\Users\Thorb\AppData\Local\Temp\ccn5qpOr.o (_on_bootstrap)
c:/program files/microchip/xc32/v2.50/bin/bin/../../lib/gcc/pic32mx/4.8.3/../../../../pic32mx/lib\libpic32.a(default-nmi-handler.o)
                              C:\Users\Thorb\AppData\Local\Temp\ccn5qpOr.o (_nmi_handler)
c:/program files/microchip/xc32/v2.50/bin/bin/../../lib/gcc/pic32mx/4.8.3/../../../../pic32mx/lib\libpic32.a(pic32_data_init.o)
                              C:\Users\Thorb\AppData\Local\Temp\ccn5qpOr.o (__pic32_data_init)
c:/program files/microchip/xc32/v2.50/bin/bin/../../lib/gcc/pic32mx/4.8.3/../../../../pic32mx/lib\libpic32.a(general-exception.o)
                              C:\Users\Thorb\AppData\Local\Temp\ccn5qpOr.o (_general_exception_context)
c:/program files/microchip/xc32/v2.50/bin/bin/../../lib/gcc/pic32mx/4.8.3/../../../../pic32mx/lib\libpic32.a(vector0.o)
                              C:\Users\Thorb\AppData\Local\Temp\cc15xvvi.o (__vector_dispatch_0)
c:/program files/microchip/xc32/v2.50/bin/bin/../../lib/gcc/pic32mx/4.8.3/../../../../pic32mx/lib\libpic32.a(vector2.o)
                              C:\Users\Thorb\AppData\Local\Temp\cc15xvvi.o (__vector_dispatch_2)
c:/program files/microchip/xc32/v2.50/bin/bin/../../lib/gcc/pic32mx/4.8.3/../../../../pic32mx/lib\libpic32.a(vector3.o)
                              C:\Users\Thorb\AppData\Local\Temp\cc15xvvi.o (__vector_dispatch_3)
c:/program files/microchip/xc32/v2.50/bin/bin/../../lib/gcc/pic32mx/4.8.3/../../../../pic32mx/lib\libpic32.a(vector5.o)
                              C:\Users\Thorb\AppData\Local\Temp\cc15xvvi.o (__vector_dispatch_5)
c:/program files/microchip/xc32/v2.50/bin/bin/../../lib/gcc/pic32mx/4.8.3/../../../../pic32mx/lib\libpic32.a(vector6.o)
                              C:\Users\Thorb\AppData\Local\Temp\cc15xvvi.o (__vector_dispatch_6)
c:/program files/microchip/xc32/v2.50/bin/bin/../../lib/gcc/pic32mx/4.8.3/../../../../pic32mx/lib\libpic32.a(vector7.o)
                              C:\Users\Thorb\AppData\Local\Temp\cc15xvvi.o (__vector_dispatch_7)
c:/program files/microchip/xc32/v2.50/bin/bin/../../lib/gcc/pic32mx/4.8.3/../../../../pic32mx/lib\libpic32.a(vector8.o)
                              C:\Users\Thorb\AppData\Local\Temp\cc15xvvi.o (__vector_dispatch_8)
c:/program files/microchip/xc32/v2.50/bin/bin/../../lib/gcc/pic32mx/4.8.3/../../../../pic32mx/lib\libpic32.a(vector9.o)
                              C:\Users\Thorb\AppData\Local\Temp\cc15xvvi.o (__vector_dispatch_9)
c:/program files/microchip/xc32/v2.50/bin/bin/../../lib/gcc/pic32mx/4.8.3/../../../../pic32mx/lib\libpic32.a(vector10.o)
                              C:\Users\Thorb\AppData\Local\Temp\cc15xvvi.o (__vector_dispatch_10)
[...]
Memory Configuration

Name             Origin             Length             Attributes
kseg0_data_mem   0x80000000         0x00000200
kseg1_data_mem   0xa0000000         0x00010000         w !x
kseg0_boot_mem   0x9fc00490         0x00000000
kseg1_boot_mem   0xbfc00000         0x00000490
kseg0_program_mem 0x9d000000         0x0003f000         xr
exception_mem    0x9d03f000         0x00001000
debug_exec_mem   0x9fc00490         0x00000760
config3          0xbfc00bf0         0x00000004
config2          0xbfc00bf4         0x00000004
config1          0xbfc00bf8         0x00000004
config0          0xbfc00bfc         0x00000004
sfrs             0xbf800000         0x00100000
configsfrs       0xbfc00bf0         0x00000010
*default*        0x00000000         0xffffffff

Linker script and memory map


reserve_data_0_kseg0
                0x80000000      0x200
                0x80000000        0x2 SHORT 0x0
                0x000001fd                . = 0x1fd
 *fill*         0x80000002      0x1fb 
                0x80000200                . = ALIGN (0x4)
 *fill*         0x800001fd        0x3 

reserve_data_0_kseg1
                0xa0000000      0x200
                0xa0000000        0x2 SHORT 0x0
                0x000001fd                . = 0x1fd
 *fill*         0xa0000002      0x1fb 
                0xa0000200                . = ALIGN (0x4)
 *fill*         0xa00001fd        0x3 

reserve_boot_0x1fc00490_kseg0
                0x9fc00490      0x760
                0x9fc00490        0x2 SHORT 0x0
                0x00000760                . = 0x760
 *fill*         0x9fc00492      0x75e 
                0x9fc00bf0                . = ALIGN (0x4)

reserve_boot_0x1fc00490_kseg1
                0xbfc00490      0x760
                0xbfc00490        0x2 SHORT 0x0
                0x00000760                . = 0x760
 *fill*         0xbfc00492      0x75e 
                0xbfc00bf0                . = ALIGN (0x4)
LOAD c:/program files/microchip/xc32/v2.50/bin/bin/../../lib/gcc/pic32mx/4.8.3/../../../../pic32mx/lib\software-debug-break.o
LOAD build/default/debug/FreeRTOS/Core/event_groups.o
LOAD build/default/debug/FreeRTOS/Core/list.o
LOAD build/default/debug/FreeRTOS/Core/queue.o
LOAD build/default/debug/FreeRTOS/Core/stream_buffer.o
LOAD build/default/debug/FreeRTOS/Core/tasks.o
LOAD build/default/debug/FreeRTOS/Core/timers.o
LOAD build/default/debug/FreeRTOS/Core/portable/MemMang/heap_4.o
LOAD build/default/debug/FreeRTOS/Core/portable/MPLAB/PIC32MX/port.o
LOAD build/default/debug/FreeRTOS/Core/portable/MPLAB/PIC32MX/port_asm.o
LOAD build/default/debug/FreeRTOS/TCPIP/FreeRTOS_ARP.o
LOAD build/default/debug/FreeRTOS/TCPIP/FreeRTOS_DHCP.o
LOAD build/default/debug/FreeRTOS/TCPIP/FreeRTOS_DNS.o
LOAD build/default/debug/FreeRTOS/TCPIP/FreeRTOS_IP.o
LOAD build/default/debug/FreeRTOS/TCPIP/FreeRTOS_Sockets.o
LOAD build/default/debug/FreeRTOS/TCPIP/FreeRTOS_Stream_Buffer.o
LOAD build/default/debug/FreeRTOS/TCPIP/FreeRTOS_TCP_IP.o
LOAD build/default/debug/FreeRTOS/TCPIP/FreeRTOS_TCP_WIN.o
LOAD build/default/debug/FreeRTOS/TCPIP/FreeRTOS_UDP_IP.o
LOAD build/default/debug/FreeRTOS/TCPIP/portable/BufferManagement/BufferAllocation_2.o
LOAD build/default/debug/ConfigPerformance.o
LOAD build/default/debug/LAN9250.o
LOAD build/default/debug/NetworkInterface_LAN9250.o
LOAD build/default/debug/SPI.o
LOAD build/default/debug/UART.o
LOAD build/default/debug/main.o
LOAD build/default/debug/main_blinky.o
LOAD build/default/debug/LED.o
LOAD build/default/debug/FiberComms.o
LOAD build/default/debug/min.o
                0x00000001                __MPLAB_BUILD = 0x1
                0x00000001                __MPLAB_DEBUG = 0x1
                0x00000001                __DEBUG = 0x1
LOAD C:\Users\Thorb\AppData\Local\Temp\ccn5qpOr.o
LOAD C:\Users\Thorb\AppData\Local\Temp\ccVT63GL.o
LOAD C:\Users\Thorb\AppData\Local\Temp\cc15xvvi.o
LOAD c:/program files/microchip/xc32/v2.50/bin/bin/../../lib/gcc/pic32mx/4.8.3/../../../../pic32mx/lib\pic32_software_reset.o
                0x00000400                PROVIDE (_min_stack_size, 0x400)
START GROUP
LOAD c:/program files/microchip/xc32/v2.50/bin/bin/../../lib/gcc/pic32mx/4.8.3/../../../../pic32mx/lib/./proc/32MX270F256B\processor.o
END GROUP
START GROUP
LOAD libmchp_peripheral.a
END GROUP
START GROUP
LOAD libmchp_peripheral_32MX270F256B.a
END GROUP
                0x00000001                PROVIDE (_vector_spacing, 0x1)
                0x9d03f000                PROVIDE (_ebase_address, 0x9d03f000)
                0xbfc00000                _RESET_ADDR = 0xbfc00000
                0xbfc00380                _BEV_EXCPT_ADDR = 0xbfc00380
                0xbfc00480                _DBG_EXCPT_ADDR = 0xbfc00480
                0x9fc00490                _DBG_CODE_ADDR = 0x9fc00490
                0x00000760                _DBG_CODE_SIZE = 0x760
                0x9d03f180                _GEN_EXCPT_ADDR = (_ebase_address + 0x180)

.config_BFC00BF0
                0xbfc00bf0        0x4
 *(.config_BFC00BF0)
 .config_BFC00BF0
                0xbfc00bf0        0x4 build/default/debug/main.o

.config_BFC00BF4
                0xbfc00bf4        0x4
 *(.config_BFC00BF4)
 .config_BFC00BF4
                0xbfc00bf4        0x4 build/default/debug/main.o

.config_BFC00BF8
                0xbfc00bf8        0x4
 *(.config_BFC00BF8)
 .config_BFC00BF8
                0xbfc00bf8        0x4 build/default/debug/main.o

.config_BFC00BFC
                0xbfc00bfc        0x4
 *(.config_BFC00BFC)
 .config_BFC00BFC
                0xbfc00bfc        0x4 build/default/debug/main.o
                0xbfc02000                PROVIDE (_DBG_CODE_ADDR, 0xbfc02000)
                0x00000ff0                PROVIDE (_DBG_CODE_SIZE, 0xff0)

.reset          0xbfc00000      0x178
 *(.reset)
 .reset         0xbfc00000        0x8 C:\Users\Thorb\AppData\Local\Temp\ccn5qpOr.o
                0xbfc00000                _reset
 *(.reset.startup)
 .reset.startup
                0xbfc00008      0x170 C:\Users\Thorb\AppData\Local\Temp\ccn5qpOr.o
                0xbfc00008                _startup

.bev_excpt      0xbfc00380       0x10
 *(.bev_handler)
 .bev_handler   0xbfc00380       0x10 C:\Users\Thorb\AppData\Local\Temp\ccn5qpOr.o

.dbg_excpt      0xbfc00480        0x0
                0xbfc00480                . = (. + DEFINED (_DEBUGGER)?0x8:0x0)

.dbg_code       0x9fc00490        0x0
                0x9fc00490                . = (. + DEFINED (_DEBUGGER)?_DBG_CODE_SIZE:0x0)

.app_excpt      0x9d03f180       0x10
 *(.gen_handler)
 .gen_handler   0x9d03f180       0x10 C:\Users\Thorb\AppData\Local\Temp\ccn5qpOr.o

.vector_0       0x9d03f200        0x8
 *(.vector_0)
 .vector_0      0x9d03f200        0x8 c:/program files/microchip/xc32/v2.50/bin/bin/../../lib/gcc/pic32mx/4.8.3/../../../../pic32mx/lib\libpic32.a(vector0.o)
                0x9d03f200                __vector_dispatch_0
                0x00000001                ASSERT (((_vector_spacing == 0x0) || (SIZEOF (.vector_0) <= (_vector_spacing << 0x5))), function at exception vector 0 too large)

.vector_1       0x9d03f220        0x8
 *(.vector_1)
 .vector_1      0x9d03f220        0x8 build/default/debug/FreeRTOS/Core/portable/MPLAB/PIC32MX/port.o
                0x9d03f220                __vector_dispatch_1
                0x00000001                ASSERT (((_vector_spacing == 0x0) || (SIZEOF (.vector_1) <= (_vector_spacing << 0x5))), function at exception vector 1 too large)

.vector_2       0x9d03f240        0x8
 *(.vector_2)
 .vector_2      0x9d03f240        0x8 c:/program files/microchip/xc32/v2.50/bin/bin/../../lib/gcc/pic32mx/4.8.3/../../../../pic32mx/lib\libpic32.a(vector2.o)
                0x9d03f240                __vector_dispatch_2
                0x00000001                ASSERT (((_vector_spacing == 0x0) || (SIZEOF (.vector_2) <= (_vector_spacing << 0x5))), function at exception vector 2 too large)

.vector_3       0x9d03f260        0x8
 *(.vector_3)
 .vector_3      0x9d03f260        0x8 c:/program files/microchip/xc32/v2.50/bin/bin/../../lib/gcc/pic32mx/4.8.3/../../../../pic32mx/lib\libpic32.a(vector3.o)
                0x9d03f260                __vector_dispatch_3
                0x00000001                ASSERT (((_vector_spacing == 0x0) || (SIZEOF (.vector_3) <= (_vector_spacing << 0x5))), function at exception vector 3 too large)

.vector_4       0x9d03f280        0x8
 *(.vector_4)
 .vector_4      0x9d03f280        0x8 build/default/debug/FreeRTOS/Core/portable/MPLAB/PIC32MX/port.o
                0x9d03f280                __vector_dispatch_4
                0x00000001                ASSERT (((_vector_spacing == 0x0) || (SIZEOF (.vector_4) <= (_vector_spacing << 0x5))), function at exception vector 4 too large)

.vector_5       0x9d03f2a0        0x8
 *(.vector_5)
 .vector_5      0x9d03f2a0        0x8 c:/program files/microchip/xc32/v2.50/bin/bin/../../lib/gcc/pic32mx/4.8.3/../../../../pic32mx/lib\libpic32.a(vector5.o)
                0x9d03f2a0                __vector_dispatch_5
                0x00000001                ASSERT (((_vector_spacing == 0x0) || (SIZEOF (.vector_5) <= (_vector_spacing << 0x5))), function at exception vector 5 too large)

.vector_6       0x9d03f2c0        0x8
 *(.vector_6)
 .vector_6      0x9d03f2c0        0x8 c:/program files/microchip/xc32/v2.50/bin/bin/../../lib/gcc/pic32mx/4.8.3/../../../../pic32mx/lib\libpic32.a(vector6.o)
                0x9d03f2c0                __vector_dispatch_6
                0x00000001                ASSERT (((_vector_spacing == 0x0) || (SIZEOF (.vector_6) <= (_vector_spacing << 0x5))), function at exception vector 6 too large)

.vector_7       0x9d03f2e0        0x8
 *(.vector_7)
 .vector_7      0x9d03f2e0        0x8 c:/program files/microchip/xc32/v2.50/bin/bin/../../lib/gcc/pic32mx/4.8.3/../../../../pic32mx/lib\libpic32.a(vector7.o)
                0x9d03f2e0                __vector_dispatch_7
                0x00000001                ASSERT (((_vector_spacing == 0x0) || (SIZEOF (.vector_7) <= (_vector_spacing << 0x5))), function at exception vector 7 too large)

.vector_8       0x9d03f300        0x8
 *(.vector_8)
 .vector_8      0x9d03f300        0x8 c:/program files/microchip/xc32/v2.50/bin/bin/../../lib/gcc/pic32mx/4.8.3/../../../../pic32mx/lib\libpic32.a(vector8.o)
                0x9d03f300                __vector_dispatch_8
                0x00000001                ASSERT (((_vector_spacing == 0x0) || (SIZEOF (.vector_8) <= (_vector_spacing << 0x5))), function at exception vector 8 too large)

.vector_9       0x9d03f320        0x8
 *(.vector_9)
 .vector_9      0x9d03f320        0x8 c:/program files/microchip/xc32/v2.50/bin/bin/../../lib/gcc/pic32mx/4.8.3/../../../../pic32mx/lib\libpic32.a(vector9.o)
                0x9d03f320                __vector_dispatch_9
                0x00000001                ASSERT (((_vector_spacing == 0x0) || (SIZEOF (.vector_9) <= (_vector_spacing << 0x5))), function at exception vector 9 too large)

.vector_10      0x9d03f340        0x8
 *(.vector_10)
 .vector_10     0x9d03f340        0x8 c:/program files/microchip/xc32/v2.50/bin/bin/../../lib/gcc/pic32mx/4.8.3/../../../../pic32mx/lib\libpic32.a(vector10.o)
                0x9d03f340                __vector_dispatch_10
                0x00000001                ASSERT (((_vector_spacing == 0x0) || (SIZEOF (.vector_10) <= (_vector_spacing << 0x5))), function at exception vector 10 too large)

.vector_11      0x9d03f360        0x8
 *(.vector_11)
 .vector_11     0x9d03f360        0x8 c:/program files/microchip/xc32/v2.50/bin/bin/../../lib/gcc/pic32mx/4.8.3/../../../../pic32mx/lib\libpic32.a(vector11.o)
                0x9d03f360                __vector_dispatch_11
                0x00000001                ASSERT (((_vector_spacing == 0x0) || (SIZEOF (.vector_11) <= (_vector_spacing << 0x5))), function at exception vector 11 too large)

.vector_12      0x9d03f380        0x8
 *(.vector_12)
 .vector_12     0x9d03f380        0x8 c:/program files/microchip/xc32/v2.50/bin/bin/../../lib/gcc/pic32mx/4.8.3/../../../../pic32mx/lib\libpic32.a(vector12.o)
                0x9d03f380                __vector_dispatch_12
                0x00000001                ASSERT (((_vector_spacing == 0x0) || (SIZEOF (.vector_12) <= (_vector_spacing << 0x5))), function at exception vector 12 too large)

.vector_13      0x9d03f3a0        0x8
 *(.vector_13)
 .vector_13     0x9d03f3a0        0x8 c:/program files/microchip/xc32/v2.50/bin/bin/../../lib/gcc/pic32mx/4.8.3/../../../../pic32mx/lib\libpic32.a(vector13.o)
                0x9d03f3a0                __vector_dispatch_13
                0x00000001                ASSERT (((_vector_spacing == 0x0) || (SIZEOF (.vector_13) <= (_vector_spacing << 0x5))), function at exception vector 13 too large)

.vector_14      0x9d03f3c0        0x8
 *(.vector_14)
 .vector_14     0x9d03f3c0        0x8 c:/program files/microchip/xc32/v2.50/bin/bin/../../lib/gcc/pic32mx/4.8.3/../../../../pic32mx/lib\libpic32.a(vector14.o)
                0x9d03f3c0                __vector_dispatch_14
                0x00000001                ASSERT (((_vector_spacing == 0x0) || (SIZEOF (.vector_14) <= (_vector_spacing << 0x5))), function at exception vector 14 too large)

.vector_15      0x9d03f3e0        0x8
 *(.vector_15)
 .vector_15     0x9d03f3e0        0x8 c:/program files/microchip/xc32/v2.50/bin/bin/../../lib/gcc/pic32mx/4.8.3/../../../../pic32mx/lib\libpic32.a(vector15.o)
                0x9d03f3e0                __vector_dispatch_15
                0x00000001                ASSERT (((_vector_spacing == 0x0) || (SIZEOF (.vector_15) <= (_vector_spacing << 0x5))), function at exception vector 15 too large)

.vector_16      0x9d03f400        0x8
 *(.vector_16)
 .vector_16     0x9d03f400        0x8 c:/program files/microchip/xc32/v2.50/bin/bin/../../lib/gcc/pic32mx/4.8.3/../../../../pic32mx/lib\libpic32.a(vector16.o)
                0x9d03f400                __vector_dispatch_16
                0x00000001                ASSERT (((_vector_spacing == 0x0) || (SIZEOF (.vector_16) <= (_vector_spacing << 0x5))), function at exception vector 16 too large)

.vector_17      0x9d03f420        0x8
 *(.vector_17)
 .vector_17     0x9d03f420        0x8 c:/program files/microchip/xc32/v2.50/bin/bin/../../lib/gcc/pic32mx/4.8.3/../../../../pic32mx/lib\libpic32.a(vector17.o)
                0x9d03f420                __vector_dispatch_17
                0x00000001                ASSERT (((_vector_spacing == 0x0) || (SIZEOF (.vector_17) <= (_vector_spacing << 0x5))), function at exception vector 17 too large)

.vector_18      0x9d03f440        0x8
 *(.vector_18)
 .vector_18     0x9d03f440        0x8 c:/program files/microchip/xc32/v2.50/bin/bin/../../lib/gcc/pic32mx/4.8.3/../../../../pic32mx/lib\libpic32.a(vector18.o)
                0x9d03f440                __vector_dispatch_18
                0x00000001                ASSERT (((_vector_spacing == 0x0) || (SIZEOF (.vector_18) <= (_vector_spacing << 0x5))), function at exception vector 18 too large)

.vector_19      0x9d03f460        0x8
 *(.vector_19)
 .vector_19     0x9d03f460        0x8 c:/program files/microchip/xc32/v2.50/bin/bin/../../lib/gcc/pic32mx/4.8.3/../../../../pic32mx/lib\libpic32.a(vector19.o)
                0x9d03f460                __vector_dispatch_19
                0x00000001                ASSERT (((_vector_spacing == 0x0) || (SIZEOF (.vector_19) <= (_vector_spacing << 0x5))), function at exception vector 19 too large)

.vector_20      0x9d03f480        0x8
 *(.vector_20)
 .vector_20     0x9d03f480        0x8 c:/program files/microchip/xc32/v2.50/bin/bin/../../lib/gcc/pic32mx/4.8.3/../../../../pic32mx/lib\libpic32.a(vector20.o)
                0x9d03f480                __vector_dispatch_20
                0x00000001                ASSERT (((_vector_spacing == 0x0) || (SIZEOF (.vector_20) <= (_vector_spacing << 0x5))), function at exception vector 20 too large)

.vector_21      0x9d03f4a0        0x8
 *(.vector_21)
 .vector_21     0x9d03f4a0        0x8 c:/program files/microchip/xc32/v2.50/bin/bin/../../lib/gcc/pic32mx/4.8.3/../../../../pic32mx/lib\libpic32.a(vector21.o)
                0x9d03f4a0                __vector_dispatch_21
                0x00000001                ASSERT (((_vector_spacing == 0x0) || (SIZEOF (.vector_21) <= (_vector_spacing << 0x5))), function at exception vector 21 too large)

.vector_22      0x9d03f4c0        0x8
 *(.vector_22)
 .vector_22     0x9d03f4c0        0x8 c:/program files/microchip/xc32/v2.50/bin/bin/../../lib/gcc/pic32mx/4.8.3/../../../../pic32mx/lib\libpic32.a(vector22.o)
                0x9d03f4c0                __vector_dispatch_22
                0x00000001                ASSERT (((_vector_spacing == 0x0) || (SIZEOF (.vector_22) <= (_vector_spacing << 0x5))), function at exception vector 22 too large)

.vector_23      0x9d03f4e0        0x8
 *(.vector_23)
 .vector_23     0x9d03f4e0        0x8 c:/program files/microchip/xc32/v2.50/bin/bin/../../lib/gcc/pic32mx/4.8.3/../../../../pic32mx/lib\libpic32.a(vector23.o)
                0x9d03f4e0                __vector_dispatch_23
                0x00000001                ASSERT (((_vector_spacing == 0x0) || (SIZEOF (.vector_23) <= (_vector_spacing << 0x5))), function at exception vector 23 too large)

.vector_24      0x9d03f500        0x8
 *(.vector_24)
 .vector_24     0x9d03f500        0x8 c:/program files/microchip/xc32/v2.50/bin/bin/../../lib/gcc/pic32mx/4.8.3/../../../../pic32mx/lib\libpic32.a(vector24.o)
                0x9d03f500                __vector_dispatch_24
                0x00000001                ASSERT (((_vector_spacing == 0x0) || (SIZEOF (.vector_24) <= (_vector_spacing << 0x5))), function at exception vector 24 too large)

.vector_25      0x9d03f520        0x8
 *(.vector_25)
 .vector_25     0x9d03f520        0x8 c:/program files/microchip/xc32/v2.50/bin/bin/../../lib/gcc/pic32mx/4.8.3/../../../../pic32mx/lib\libpic32.a(vector25.o)
                0x9d03f520                __vector_dispatch_25
                0x00000001                ASSERT (((_vector_spacing == 0x0) || (SIZEOF (.vector_25) <= (_vector_spacing << 0x5))), function at exception vector 25 too large)

.vector_26      0x9d03f540        0x8
 *(.vector_26)
 .vector_26     0x9d03f540        0x8 c:/program files/microchip/xc32/v2.50/bin/bin/../../lib/gcc/pic32mx/4.8.3/../../../../pic32mx/lib\libpic32.a(vector26.o)
                0x9d03f540                __vector_dispatch_26
                0x00000001                ASSERT (((_vector_spacing == 0x0) || (SIZEOF (.vector_26) <= (_vector_spacing << 0x5))), function at exception vector 26 too large)

.vector_27      0x9d03f560        0x8
 *(.vector_27)
 .vector_27     0x9d03f560        0x8 c:/program files/microchip/xc32/v2.50/bin/bin/../../lib/gcc/pic32mx/4.8.3/../../../../pic32mx/lib\libpic32.a(vector27.o)
                0x9d03f560                __vector_dispatch_27
                0x00000001                ASSERT (((_vector_spacing == 0x0) || (SIZEOF (.vector_27) <= (_vector_spacing << 0x5))), function at exception vector 27 too large)

.vector_28      0x9d03f580        0x8
 *(.vector_28)
 .vector_28     0x9d03f580        0x8 c:/program files/microchip/xc32/v2.50/bin/bin/../../lib/gcc/pic32mx/4.8.3/../../../../pic32mx/lib\libpic32.a(vector28.o)
                0x9d03f580                __vector_dispatch_28
                0x00000001                ASSERT (((_vector_spacing == 0x0) || (SIZEOF (.vector_28) <= (_vector_spacing << 0x5))), function at exception vector 28 too large)

.vector_29      0x9d03f5a0        0x8
 *(.vector_29)
 .vector_29     0x9d03f5a0        0x8 c:/program files/microchip/xc32/v2.50/bin/bin/../../lib/gcc/pic32mx/4.8.3/../../../../pic32mx/lib\libpic32.a(vector29.o)
                0x9d03f5a0                __vector_dispatch_29
                0x00000001                ASSERT (((_vector_spacing == 0x0) || (SIZEOF (.vector_29) <= (_vector_spacing << 0x5))), function at exception vector 29 too large)

.vector_30      0x9d03f5c0        0x8
 *(.vector_30)
 .vector_30     0x9d03f5c0        0x8 c:/program files/microchip/xc32/v2.50/bin/bin/../../lib/gcc/pic32mx/4.8.3/../../../../pic32mx/lib\libpic32.a(vector30.o)
                0x9d03f5c0                __vector_dispatch_30
                0x00000001                ASSERT (((_vector_spacing == 0x0) || (SIZEOF (.vector_30) <= (_vector_spacing << 0x5))), function at exception vector 30 too large)

.vector_31      0x9d03f5e0        0x8
 *(.vector_31)
 .vector_31     0x9d03f5e0        0x8 c:/program files/microchip/xc32/v2.50/bin/bin/../../lib/gcc/pic32mx/4.8.3/../../../../pic32mx/lib\libpic32.a(vector31.o)
                0x9d03f5e0                __vector_dispatch_31
                0x00000001                ASSERT (((_vector_spacing == 0x0) || (SIZEOF (.vector_31) <= (_vector_spacing << 0x5))), function at exception vector 31 too large)

.vector_32      0x9d03f600        0x8
 *(.vector_32)
 .vector_32     0x9d03f600        0x8 c:/program files/microchip/xc32/v2.50/bin/bin/../../lib/gcc/pic32mx/4.8.3/../../../../pic32mx/lib\libpic32.a(vector32.o)
                0x9d03f600                __vector_dispatch_32
                0x00000001                ASSERT (((_vector_spacing == 0x0) || (SIZEOF (.vector_32) <= (_vector_spacing << 0x5))), function at exception vector 32 too large)

.vector_33      0x9d03f620        0x8
 *(.vector_33)
 .vector_33     0x9d03f620        0x8 c:/program files/microchip/xc32/v2.50/bin/bin/../../lib/gcc/pic32mx/4.8.3/../../../../pic32mx/lib\libpic32.a(vector33.o)
                0x9d03f620                __vector_dispatch_33
                0x00000001                ASSERT (((_vector_spacing == 0x0) || (SIZEOF (.vector_33) <= (_vector_spacing << 0x5))), function at exception vector 33 too large)

.vector_34      0x9d03f640        0x8
 *(.vector_34)
 .vector_34     0x9d03f640        0x8 c:/program files/microchip/xc32/v2.50/bin/bin/../../lib/gcc/pic32mx/4.8.3/../../../../pic32mx/lib\libpic32.a(vector34.o)
                0x9d03f640                __vector_dispatch_34
                0x00000001                ASSERT (((_vector_spacing == 0x0) || (SIZEOF (.vector_34) <= (_vector_spacing << 0x5))), function at exception vector 34 too large)

.vector_35      0x9d03f660        0x8
 *(.vector_35)
 .vector_35     0x9d03f660        0x8 c:/program files/microchip/xc32/v2.50/bin/bin/../../lib/gcc/pic32mx/4.8.3/../../../../pic32mx/lib\libpic32.a(vector35.o)
                0x9d03f660                __vector_dispatch_35
                0x00000001                ASSERT (((_vector_spacing == 0x0) || (SIZEOF (.vector_35) <= (_vector_spacing << 0x5))), function at exception vector 35 too large)

.vector_36      0x9d03f680        0x8
 *(.vector_36)
 .vector_36     0x9d03f680        0x8 c:/program files/microchip/xc32/v2.50/bin/bin/../../lib/gcc/pic32mx/4.8.3/../../../../pic32mx/lib\libpic32.a(vector36.o)
                0x9d03f680                __vector_dispatch_36
                0x00000001                ASSERT (((_vector_spacing == 0x0) || (SIZEOF (.vector_36) <= (_vector_spacing << 0x5))), function at exception vector 36 too large)

.vector_37      0x9d03f6a0        0x8
 *(.vector_37)
 .vector_37     0x9d03f6a0        0x8 c:/program files/microchip/xc32/v2.50/bin/bin/../../lib/gcc/pic32mx/4.8.3/../../../../pic32mx/lib\libpic32.a(vector37.o)
                0x9d03f6a0                __vector_dispatch_37
                0x00000001                ASSERT (((_vector_spacing == 0x0) || (SIZEOF (.vector_37) <= (_vector_spacing << 0x5))), function at exception vector 37 too large)

.vector_38      0x9d03f6c0        0x8
 *(.vector_38)
 .vector_38     0x9d03f6c0        0x8 c:/program files/microchip/xc32/v2.50/bin/bin/../../lib/gcc/pic32mx/4.8.3/../../../../pic32mx/lib\libpic32.a(vector38.o)
                0x9d03f6c0                __vector_dispatch_38
                0x00000001                ASSERT (((_vector_spacing == 0x0) || (SIZEOF (.vector_38) <= (_vector_spacing << 0x5))), function at exception vector 38 too large)

.vector_39      0x9d03f6e0        0x8
 *(.vector_39)
 .vector_39     0x9d03f6e0        0x8 c:/program files/microchip/xc32/v2.50/bin/bin/../../lib/gcc/pic32mx/4.8.3/../../../../pic32mx/lib\libpic32.a(vector39.o)
                0x9d03f6e0                __vector_dispatch_39
                0x00000001                ASSERT (((_vector_spacing == 0x0) || (SIZEOF (.vector_39) <= (_vector_spacing << 0x5))), function at exception vector 39 too large)

.vector_40      0x9d03f700        0x8
 *(.vector_40)
 .vector_40     0x9d03f700        0x8 build/default/debug/LAN9250.o
                0x9d03f700                __vector_dispatch_40
                0x00000001                ASSERT (((_vector_spacing == 0x0) || (SIZEOF (.vector_40) <= (_vector_spacing << 0x5))), function at exception vector 40 too large)

.vector_41      0x9d03f720        0x8
 *(.vector_41)
 .vector_41     0x9d03f720        0x8 build/default/debug/LAN9250.o
                0x9d03f720                __vector_dispatch_41
                0x00000001                ASSERT (((_vector_spacing == 0x0) || (SIZEOF (.vector_41) <= (_vector_spacing << 0x5))), function at exception vector 41 too large)

.vector_42      0x9d03f740        0x8
 *(.vector_42)
 .vector_42     0x9d03f740        0x8 build/default/debug/UART.o
                0x9d03f740                __vector_dispatch_42
                0x00000001                ASSERT (((_vector_spacing == 0x0) || (SIZEOF (.vector_42) <= (_vector_spacing << 0x5))), function at exception vector 42 too large)

.vector_43      0x9d03f760        0x8
 *(.vector_43)
 .vector_43     0x9d03f760        0x8 build/default/debug/UART.o
                0x9d03f760                __vector_dispatch_43
                0x00000001                ASSERT (((_vector_spacing == 0x0) || (SIZEOF (.vector_43) <= (_vector_spacing << 0x5))), function at exception vector 43 too large)

.vector_44      0x9d03f780        0x0
 *(.vector_44)
                0x00000001                ASSERT (((_vector_spacing == 0x0) || (SIZEOF (.vector_44) <= (_vector_spacing << 0x5))), function at exception vector 44 too large)

.vector_45      0x9d03f7a0        0x0
 *(.vector_45)
                0x00000001                ASSERT (((_vector_spacing == 0x0) || (SIZEOF (.vector_45) <= (_vector_spacing << 0x5))), function at exception vector 45 too large)

.vector_46      0x9d03f7c0        0x0
 *(.vector_46)
                0x00000001                ASSERT (((_vector_spacing == 0x0) || (SIZEOF (.vector_46) <= (_vector_spacing << 0x5))), function at exception vector 46 too large)

.vector_47      0x9d03f7e0        0x0
 *(.vector_47)
                0x00000001                ASSERT (((_vector_spacing == 0x0) || (SIZEOF (.vector_47) <= (_vector_spacing << 0x5))), function at exception vector 47 too large)

.vector_48      0x9d03f800        0x0
 *(.vector_48)
                0x00000001                ASSERT (((_vector_spacing == 0x0) || (SIZEOF (.vector_48) <= (_vector_spacing << 0x5))), function at exception vector 48 too large)

.vector_49      0x9d03f820        0x0
 *(.vector_49)
                0x00000001                ASSERT (((_vector_spacing == 0x0) || (SIZEOF (.vector_49) <= (_vector_spacing << 0x5))), function at exception vector 49 too large)

.vector_50      0x9d03f840        0x0
 *(.vector_50)
                0x00000001                ASSERT (((_vector_spacing == 0x0) || (SIZEOF (.vector_50) <= (_vector_spacing << 0x5))), function at exception vector 50 too large)

.vector_51      0x9d03f860        0x0
 *(.vector_51)
                0x00000001                ASSERT (((_vector_spacing == 0x0) || (SIZEOF (.vector_51) <= (_vector_spacing << 0x5))), function at exception vector 51 too large)

.vector_52      0x9d03f880        0x0
 *(.vector_52)
                0x00000001                ASSERT (((_vector_spacing == 0x0) || (SIZEOF (.vector_52) <= (_vector_spacing << 0x5))), function at exception vector 52 too large)

.vector_53      0x9d03f8a0        0x0
 *(.vector_53)
                0x00000001                ASSERT (((_vector_spacing == 0x0) || (SIZEOF (.vector_53) <= (_vector_spacing << 0x5))), function at exception vector 53 too large)

.vector_54      0x9d03f8c0        0x0
 *(.vector_54)
                0x00000001                ASSERT (((_vector_spacing == 0x0) || (SIZEOF (.vector_54) <= (_vector_spacing << 0x5))), function at exception vector 54 too large)

.vector_55      0x9d03f8e0        0x0
 *(.vector_55)
                0x00000001                ASSERT (((_vector_spacing == 0x0) || (SIZEOF (.vector_55) <= (_vector_spacing << 0x5))), function at exception vector 55 too large)

.vector_56      0x9d03f900        0x0
 *(.vector_56)
                0x00000001                ASSERT (((_vector_spacing == 0x0) || (SIZEOF (.vector_56) <= (_vector_spacing << 0x5))), function at exception vector 56 too large)

.vector_57      0x9d03f920        0x0
 *(.vector_57)
                0x00000001                ASSERT (((_vector_spacing == 0x0) || (SIZEOF (.vector_57) <= (_vector_spacing << 0x5))), function at exception vector 57 too large)

.vector_58      0x9d03f940        0x0
 *(.vector_58)
                0x00000001                ASSERT (((_vector_spacing == 0x0) || (SIZEOF (.vector_58) <= (_vector_spacing << 0x5))), function at exception vector 58 too large)

.vector_59      0x9d03f960        0x0
 *(.vector_59)
                0x00000001                ASSERT (((_vector_spacing == 0x0) || (SIZEOF (.vector_59) <= (_vector_spacing << 0x5))), function at exception vector 59 too large)

.vector_60      0x9d03f980        0x0
 *(.vector_60)
                0x00000001                ASSERT (((_vector_spacing == 0x0) || (SIZEOF (.vector_60) <= (_vector_spacing << 0x5))), function at exception vector 60 too large)

.vector_61      0x9d03f9a0        0x0
 *(.vector_61)
                0x00000001                ASSERT (((_vector_spacing == 0x0) || (SIZEOF (.vector_61) <= (_vector_spacing << 0x5))), function at exception vector 61 too large)

.vector_62      0x9d03f9c0        0x0
 *(.vector_62)
                0x00000001                ASSERT (((_vector_spacing == 0x0) || (SIZEOF (.vector_62) <= (_vector_spacing << 0x5))), function at exception vector 62 too large)

.vector_63      0x9d03f9e0        0x0
 *(.vector_63)
                0x00000001                ASSERT (((_vector_spacing == 0x0) || (SIZEOF (.vector_63) <= (_vector_spacing << 0x5))), function at exception vector 63 too large)

.startup
 *(.startup)

.text           0x9d000000        0x0
 *(.stub .gnu.linkonce.t.*)
 *(.text.*personality*)
 *(.mips16.fn.*)
 *(.mips16.call.*)
 *(.gnu.warning)
                0x9d000000                . = ALIGN (0x4)

.init           0x9d000000        0x0
 *crti.o(.init)
 *crtbegin.o(.init)
 *(EXCLUDE_FILE(*crtn.o *crtend?.o *crtend.o) .init)
 *crtend.o(.init)
 *crtn.o(.init)
                0x9d000000                . = ALIGN (0x4)

.fini           0x9d000000        0x0
 *(.fini)
                0x9d000000                . = ALIGN (0x4)

.preinit_array  0x9d000000        0x0
                0x9d000000                PROVIDE (__preinit_array_start, .)
 *(.preinit_array)
                0x9d000000                PROVIDE (__preinit_array_end, .)
                0x9d000000                . = ALIGN (0x4)

.init_array     0x9d000000        0x0
                0x9d000000                PROVIDE (__init_array_start, .)
 *(SORT(.init_array.*))
 *(.init_array)
                0x9d000000                PROVIDE (__init_array_end, .)
                0x9d000000                . = ALIGN (0x4)

.fini_array     0x9d000000        0x0
                0x9d000000                PROVIDE (__fini_array_start, .)
 *(SORT(.fini_array.*))
 *(.fini_array)
                0x9d000000                PROVIDE (__fini_array_end, .)
                0x9d000000                . = ALIGN (0x4)

.ctors          0x9d000000        0x0
 *crtbegin.o(.ctors)
 *crtbegin?.o(.ctors)
 *(EXCLUDE_FILE(*crtend?.o *crtend.o) .ctors)
 *(SORT(.ctors.*))
 *(.ctors)
                0x9d000000                . = ALIGN (0x4)

.dtors          0x9d000000        0x0
 *crtbegin.o(.dtors)
 *crtbegin?.o(.dtors)
 *(EXCLUDE_FILE(*crtend?.o *crtend.o) .dtors)
 *(SORT(.dtors.*))
 *(.dtors)
                0x9d000000                . = ALIGN (0x4)

.rodata         0x9d000000        0x0
 *(.gnu.linkonce.r.*)
 *(.rodata1)
                0x9d000000                . = ALIGN (0x4)

.sdata2         0x9fc00490        0x0
 *(.sdata2 .sdata2.* .gnu.linkonce.s2.*)
                0x9fc00490                . = ALIGN (0x4)

.sbss2          0x9fc00490        0x0
 *(.sbss2 .sbss2.* .gnu.linkonce.sb2.*)
                0x9fc00490                . = ALIGN (0x4)

.eh_frame_hdr
 *(.eh_frame_hdr)
                0x9fc00490                . = ALIGN (0x4)

.eh_frame
 *(.eh_frame)
                0x9fc00490                . = ALIGN (0x4)

.gcc_except_table
 *(.gcc_except_table .gcc_except_table.*)
                0x9fc00490                . = ALIGN (0x4)

.dbg_data       0xa0000200        0x0
                0xa0000200                . = (. + DEFINED (_DEBUGGER)?0x200:0x0)

.jcr            0xa0000200        0x0
 *(.jcr)
                0xa0000200                . = ALIGN (0x4)

.eh_frame
 *(.eh_frame)
                0xa0000200                . = ALIGN (0x4)

.gcc_except_table
 *(.gcc_except_table .gcc_except_table.*)
                0xa0000200                . = ALIGN (0x4)

.persist        0xa0000200        0x0
                0xa0000200                _persist_begin = .
 *(.persist .persist.*)
 *(.pbss .pbss.*)
                0xa0000200                . = ALIGN (0x4)
                0xa0000200                _persist_end = .

.data           0xa0000200        0x0
 *(.gnu.linkonce.d.*)
 *(.data1)
                0xa0000200                . = ALIGN (0x4)
                0xa0000200                . = .
                0xa00081f0                _gp = (ALIGN (0x10) + 0x7ff0)

.got            0xa0000200        0x0
 *(.got.plt)
 *(.got)
                0xa0000200                . = ALIGN (0x4)

.sdata          0xa0000200       0x18
                0xa0000200                _sdata_begin = .
 *(.sdata .sdata.* .gnu.linkonce.s.*)
 .sdata         0xa0000200        0x4 build/default/debug/FreeRTOS/Core/portable/MPLAB/PIC32MX/port.o
                0xa0000200                uxInterruptNesting
 .sdata         0xa0000204        0x4 build/default/debug/FreeRTOS/TCPIP/FreeRTOS_IP.o
 .sdata         0xa0000208        0x4 build/default/debug/FreeRTOS/TCPIP/FreeRTOS_TCP_WIN.o
 .sdata         0xa000020c        0x4 build/default/debug/LED.o
                0xa000020c                ethError
 .sdata         0xa0000210        0x4 c:/program files/microchip/xc32/v2.50/bin/bin/../../lib/gcc/pic32mx/4.8.3/../../../../pic32mx/lib\liblega-c.a(_iobdata.o)
                0xa0000210                _libc_data
 .sdata         0xa0000214        0x4 c:/program files/microchip/xc32/v2.50/bin/bin/../../lib/gcc/pic32mx/4.8.3/../../../../pic32mx/lib\libpic32.a(xc32_uart.o)
                0xa0000214                __XC_UART
                0xa0000218                . = ALIGN (0x4)
                0xa0000218                _sdata_end = .

.lit8
 *(.lit8)

.lit4
 *(.lit4)
                0xa0000218                . = ALIGN (0x4)
                0xa0000218                _data_end = .
                0xa0000218                _bss_begin = .

.sbss           0xa0000218      0x12c
                0xa0000218                _sbss_begin = .
 *(.dynsbss)
 *(.sbss .sbss.* .gnu.linkonce.sb.*)
 .sbss          0xa0000218       0x34 build/default/debug/FreeRTOS/Core/tasks.o
                0xa0000218                pxCurrentTCB
                0xa000021c                uxDeletedTasksWaitingCleanUp
                0xa0000220                uxCurrentNumberOfTasks
                0xa0000224                xTickCount
                0xa0000228                uxTopReadyPriority
                0xa000022c                xSchedulerRunning
                0xa0000230                xPendedTicks
                0xa0000234                xYieldPending
                0xa0000238                xNumOfOverflows
                0xa000023c                uxTaskNumber
                0xa0000240                xNextTaskUnblockTime
                0xa0000244                xIdleTaskHandle
                0xa0000248                uxSchedulerSuspended
 .sbss          0xa000024c       0x14 build/default/debug/FreeRTOS/Core/timers.o
 .sbss          0xa0000260       0x20 build/default/debug/FreeRTOS/Core/portable/MemMang/heap_4.o
 .sbss          0xa0000280        0x4 build/default/debug/FreeRTOS/Core/portable/MPLAB/PIC32MX/port.o
                0xa0000280                uxSavedTaskStackPointer
 .sbss          0xa0000284        0x4 build/default/debug/FreeRTOS/TCPIP/FreeRTOS_ARP.o
 .sbss          0xa0000288        0x4 build/default/debug/FreeRTOS/TCPIP/FreeRTOS_DHCP.o
 .sbss          0xa000028c        0x4 build/default/debug/FreeRTOS/TCPIP/FreeRTOS_DNS.o
 .sbss          0xa0000290       0x28 build/default/debug/FreeRTOS/TCPIP/FreeRTOS_IP.o
                0xa0000290                xNetworkEventQueue
                0xa0000294                usPacketIdentifier
 .sbss          0xa00002b8        0x4 build/default/debug/FreeRTOS/TCPIP/FreeRTOS_Sockets.o
 .sbss          0xa00002bc        0x8 build/default/debug/FreeRTOS/TCPIP/FreeRTOS_TCP_WIN.o
                0xa00002c0                xTCPWindowLoggingLevel
 .sbss          0xa00002c4        0x8 build/default/debug/FreeRTOS/TCPIP/portable/BufferManagement/BufferAllocation_2.o
 .sbss          0xa00002cc        0xc build/default/debug/LAN9250.o
                0xa00002d0                packetCount
                0xa00002d4                linkState
 .sbss          0xa00002d8        0x4 build/default/debug/NetworkInterface_LAN9250.o
 .sbss          0xa00002dc        0xc build/default/debug/UART.o
                0xa00002dc                freeNextData
                0xa00002e0                lastScanPosition
                0xa00002e4                currPackageOffset
 .sbss          0xa00002e8        0x8 build/default/debug/main_blinky.o
 .sbss          0xa00002f0       0x10 build/default/debug/LED.o
                0xa00002f0                minLEDTime
                0xa00002f4                ethLEDTime
                0xa00002f8                errLEDTime
                0xa00002fc                ethReady
 .sbss          0xa0000300        0x4 c:/program files/microchip/xc32/v2.50/bin/bin/../../lib/gcc/pic32mx/4.8.3/../../../../pic32mx/lib\liblega-c.a(errno.o)
                0xa0000300                errno
 *(.scommon)
 .scommon       0xa0000304        0x8 build/default/debug/FreeRTOS/Core/tasks.o
                0xa0000304                pxDelayedTaskList
                0xa0000308                pxOverflowDelayedTaskList
 .scommon       0xa000030c        0x8 build/default/debug/LAN9250.o
                0xa000030c                ETH_commsSem
                0xa0000310                ETH_commsWaitSem
 .scommon       0xa0000314       0x10 build/default/debug/UART.o
                0xa0000314                UART_rxDMAOverflow
                0xa0000318                UART_sendQueue
                0xa000031c                currBuff
                0xa0000320                UART_txDMA
 .scommon       0xa0000324        0xc build/default/debug/main_blinky.o
                0xa0000324                xSocket
                0xa0000328                xBindAddress
 .scommon       0xa0000330       0x14 build/default/debug/FiberComms.o
                0xa0000330                COMMS_UART
                0xa0000334                xListeningSocket
                0xa0000338                COMMS_UDP
                0xa000033c                lastClient
                0xa0000344                _sbss_end = .
                0xa0000344                . = ALIGN (0x4)

.bss            0xa0000344       0xdc
 *(.dynbss)
 *(COMMON)
 COMMON         0xa0000344       0xc8 build/default/debug/FreeRTOS/Core/tasks.o
                0xa0000344                pxReadyTasksLists
                0xa00003a8                xPendingReadyList
                0xa00003bc                xSuspendedTaskList
                0xa00003d0                xDelayedTaskList1
                0xa00003e4                xTasksWaitingTermination
                0xa00003f8                xDelayedTaskList2
 COMMON         0xa000040c       0x14 build/default/debug/FreeRTOS/TCPIP/FreeRTOS_Sockets.o
                0xa000040c                xBoundTCPSocketsList
                0xa0000420                . = ALIGN ((. != 0x0)?0x4:0x1)
                0xa0000420                . = ALIGN (0x4)
                0xa0000420                _end = .
                0xa0000420                _bss_end = .
                0x00010000                _bmxdudba_address = 0x10000
                0x00010000                _bmxdupba_address = 0x10000

/DISCARD/
 *(.pdr)
 *(.rel.dyn)
 *(.note.GNU-stack)
 *(.note.GNU-stack)
 *(.gnu_debuglink)
 *(.gnu.lto_*)
 *(.discard)

.gptab.sdata
 *(.gptab.data)
 *(.gptab.sdata)

.gptab.sbss
 *(.gptab.bss)
 *(.gptab.sbss)

.mdebug.abi32   0xa0000420        0x0
 *(.mdebug.abi32)
 .mdebug.abi32  0xa0000420        0x0 c:/program files/microchip/xc32/v2.50/bin/bin/../../lib/gcc/pic32mx/4.8.3/../../../../pic32mx/lib\software-debug-break.o
 .mdebug.abi32  0xa0000420        0x0 build/default/debug/FreeRTOS/Core/event_groups.o
 .mdebug.abi32  0xa0000420        0x0 build/default/debug/FreeRTOS/Core/list.o
 .mdebug.abi32  0xa0000420        0x0 build/default/debug/FreeRTOS/Core/queue.o
 .mdebug.abi32  0xa0000420        0x0 build/default/debug/FreeRTOS/Core/stream_buffer.o
 .mdebug.abi32  0xa0000420        0x0 build/default/debug/FreeRTOS/Core/tasks.o
 .mdebug.abi32  0xa0000420        0x0 build/default/debug/FreeRTOS/Core/timers.o
 .mdebug.abi32  0xa0000420        0x0 build/default/debug/FreeRTOS/Core/portable/MemMang/heap_4.o
 .mdebug.abi32  0xa0000420        0x0 build/default/debug/FreeRTOS/Core/portable/MPLAB/PIC32MX/port.o
 .mdebug.abi32  0xa0000420        0x0 build/default/debug/FreeRTOS/TCPIP/FreeRTOS_ARP.o
 .mdebug.abi32  0xa0000420        0x0 build/default/debug/FreeRTOS/TCPIP/FreeRTOS_DHCP.o
 .mdebug.abi32  0xa0000420        0x0 build/default/debug/FreeRTOS/TCPIP/FreeRTOS_DNS.o
 .mdebug.abi32  0xa0000420        0x0 build/default/debug/FreeRTOS/TCPIP/FreeRTOS_IP.o
 .mdebug.abi32  0xa0000420        0x0 build/default/debug/FreeRTOS/TCPIP/FreeRTOS_Sockets.o
 .mdebug.abi32  0xa0000420        0x0 build/default/debug/FreeRTOS/TCPIP/FreeRTOS_Stream_Buffer.o
 .mdebug.abi32  0xa0000420        0x0 build/default/debug/FreeRTOS/TCPIP/FreeRTOS_TCP_IP.o
 .mdebug.abi32  0xa0000420        0x0 build/default/debug/FreeRTOS/TCPIP/FreeRTOS_TCP_WIN.o
 .mdebug.abi32  0xa0000420        0x0 build/default/debug/FreeRTOS/TCPIP/FreeRTOS_UDP_IP.o
 .mdebug.abi32  0xa0000420        0x0 build/default/debug/FreeRTOS/TCPIP/portable/BufferManagement/BufferAllocation_2.o
 .mdebug.abi32  0xa0000420        0x0 build/default/debug/ConfigPerformance.o
 .mdebug.abi32  0xa0000420        0x0 build/default/debug/LAN9250.o
 .mdebug.abi32  0xa0000420        0x0 build/default/debug/NetworkInterface_LAN9250.o
 .mdebug.abi32  0xa0000420        0x0 build/default/debug/SPI.o
 .mdebug.abi32  0xa0000420        0x0 build/default/debug/UART.o
 .mdebug.abi32  0xa0000420        0x0 build/default/debug/main.o
 .mdebug.abi32  0xa0000420        0x0 build/default/debug/main_blinky.o
 .mdebug.abi32  0xa0000420        0x0 build/default/debug/LED.o
 .mdebug.abi32  0xa0000420        0x0 build/default/debug/FiberComms.o
 .mdebug.abi32  0xa0000420        0x0 build/default/debug/min.o
 .mdebug.abi32  0xa0000420        0x0 c:/program files/microchip/xc32/v2.50/bin/bin/../../lib/gcc/pic32mx/4.8.3\libgcc.a(_udivdi3.o)
 .mdebug.abi32  0xa0000420        0x0 c:/program files/microchip/xc32/v2.50/bin/bin/../../lib/gcc/pic32mx/4.8.3/../../../../pic32mx/lib\libpic32.a(default-bootstrap-exception-handler.o)
 .mdebug.abi32  0xa0000420        0x0 c:/program files/microchip/xc32/v2.50/bin/bin/../../lib/gcc/pic32mx/4.8.3/../../../../pic32mx/lib\libpic32.a(default-on-reset.o)
 .mdebug.abi32  0xa0000420        0x0 c:/program files/microchip/xc32/v2.50/bin/bin/../../lib/gcc/pic32mx/4.8.3/../../../../pic32mx/lib\libpic32.a(default-on-bootstrap.o)
 .mdebug.abi32  0xa0000420        0x0 c:/program files/microchip/xc32/v2.50/bin/bin/../../lib/gcc/pic32mx/4.8.3/../../../../pic32mx/lib\libpic32.a(defaultinterrupt.o)
 .mdebug.abi32  0xa0000420        0x0 c:/program files/microchip/xc32/v2.50/bin/bin/../../lib/gcc/pic32mx/4.8.3/../../../../pic32mx/lib\liblega-c.a(memmove.o)
 .mdebug.abi32  0xa0000420        0x0 c:/program files/microchip/xc32/v2.50/bin/bin/../../lib/gcc/pic32mx/4.8.3/../../../../pic32mx/lib\liblega-c.a(rand.o)
 .mdebug.abi32  0xa0000420        0x0 c:/program files/microchip/xc32/v2.50/bin/bin/../../lib/gcc/pic32mx/4.8.3/../../../../pic32mx/lib\liblega-c.a(snprintf_cdnopsuxX.eo)
 .mdebug.abi32  0xa0000420        0x0 c:/program files/microchip/xc32/v2.50/bin/bin/../../lib/gcc/pic32mx/4.8.3/../../../../pic32mx/lib\liblega-c.a(stubs.o)
 .mdebug.abi32  0xa0000420        0x0 c:/program files/microchip/xc32/v2.50/bin/bin/../../lib/gcc/pic32mx/4.8.3/../../../../pic32mx/lib\liblega-c.a(_doprnt_cdnopsuxX.eo)
 .mdebug.abi32  0xa0000420        0x0 c:/program files/microchip/xc32/v2.50/bin/bin/../../lib/gcc/pic32mx/4.8.3/../../../../pic32mx/lib\liblega-c.a(_iobdata.o)
 .mdebug.abi32  0xa0000420        0x0 c:/program files/microchip/xc32/v2.50/bin/bin/../../lib/gcc/pic32mx/4.8.3/../../../../pic32mx/lib\liblega-c.a(_iobfuncs.o)
 .mdebug.abi32  0xa0000420        0x0 c:/program files/microchip/xc32/v2.50/bin/bin/../../lib/gcc/pic32mx/4.8.3/../../../../pic32mx/lib\liblega-c.a(_iobstring.o)
 .mdebug.abi32  0xa0000420        0x0 c:/program files/microchip/xc32/v2.50/bin/bin/../../lib/gcc/pic32mx/4.8.3/../../../../pic32mx/lib\liblega-c.a(fputc.o)
 .mdebug.abi32  0xa0000420        0x0 c:/program files/microchip/xc32/v2.50/bin/bin/../../lib/gcc/pic32mx/4.8.3/../../../../pic32mx/lib\liblega-c.a(errno.o)
 .mdebug.abi32  0xa0000420        0x0 c:/program files/microchip/xc32/v2.50/bin/bin/../../lib/gcc/pic32mx/4.8.3\libgcc.a(_umoddi3.o)
 .mdebug.abi32  0xa0000420        0x0 c:/program files/microchip/xc32/v2.50/bin/bin/../../lib/gcc/pic32mx/4.8.3/../../../../pic32mx/lib\libpic32.a(_mon_getc.o)
 .mdebug.abi32  0xa0000420        0x0 c:/program files/microchip/xc32/v2.50/bin/bin/../../lib/gcc/pic32mx/4.8.3/../../../../pic32mx/lib\libpic32.a(_mon_write.o)
 .mdebug.abi32  0xa0000420        0x0 c:/program files/microchip/xc32/v2.50/bin/bin/../../lib/gcc/pic32mx/4.8.3/../../../../pic32mx/lib\libpic32.a(xc32_uart.o)
 .mdebug.abi32  0xa0000420        0x0 c:/program files/microchip/xc32/v2.50/bin/bin/../../lib/gcc/pic32mx/4.8.3/../../../../pic32mx/lib\libpic32.a(_mon_putc.o)

.mdebug.abiN32
 *(.mdebug.abiN32)

.mdebug.abi64
 *(.mdebug.abi64)

.mdebug.abiO64
 *(.mdebug.abiO64)

.mdebug.eabi32
 *(.mdebug.eabi32)

.mdebug.eabi64
 *(.mdebug.eabi64)

.gcc_compiled_long32
 *(.gcc_compiled_long32)

.gcc_compiled_long64
 *(.gcc_compiled_long64)

.stab
 *(.stab)

.stabstr
 *(.stabstr)

.stab.excl
 *(.stab.excl)

.stab.exclstr
 *(.stab.exclstr)

.stab.index
 *(.stab.index)

.stab.indexstr
 *(.stab.indexstr)

.comment        0x00000000      0x3e1
 *(.comment)
 .comment       0x00000000       0x3c c:/program files/microchip/xc32/v2.50/bin/bin/../../lib/gcc/pic32mx/4.8.3/../../../../pic32mx/lib\software-debug-break.o
                                 0x3d (size before relaxing)
 .comment       0x00000000       0x3d build/default/debug/FreeRTOS/Core/event_groups.o
 .comment       0x00000000       0x3d build/default/debug/FreeRTOS/Core/list.o
 .comment       0x00000000       0x3d build/default/debug/FreeRTOS/Core/queue.o
 .comment       0x00000000       0x3d build/default/debug/FreeRTOS/Core/stream_buffer.o
 .comment       0x00000000       0x3d build/default/debug/FreeRTOS/Core/tasks.o
 .comment       0x00000000       0x3d build/default/debug/FreeRTOS/Core/timers.o
 .comment       0x00000000       0x3d build/default/debug/FreeRTOS/Core/portable/MemMang/heap_4.o
 .comment       0x00000000       0x3d build/default/debug/FreeRTOS/Core/portable/MPLAB/PIC32MX/port.o
 .comment       0x00000000       0x3d build/default/debug/FreeRTOS/TCPIP/FreeRTOS_ARP.o
 .comment       0x00000000       0x3d build/default/debug/FreeRTOS/TCPIP/FreeRTOS_DHCP.o
 .comment       0x00000000       0x3d build/default/debug/FreeRTOS/TCPIP/FreeRTOS_DNS.o
 .comment       0x00000000       0x3d build/default/debug/FreeRTOS/TCPIP/FreeRTOS_IP.o
 .comment       0x00000000       0x3d build/default/debug/FreeRTOS/TCPIP/FreeRTOS_Sockets.o
 .comment       0x00000000       0x3d build/default/debug/FreeRTOS/TCPIP/FreeRTOS_Stream_Buffer.o
 .comment       0x00000000       0x3d build/default/debug/FreeRTOS/TCPIP/FreeRTOS_TCP_IP.o
 .comment       0x00000000       0x3d build/default/debug/FreeRTOS/TCPIP/FreeRTOS_TCP_WIN.o
 .comment       0x00000000       0x3d build/default/debug/FreeRTOS/TCPIP/FreeRTOS_UDP_IP.o
 .comment       0x00000000       0x3d build/default/debug/FreeRTOS/TCPIP/portable/BufferManagement/BufferAllocation_2.o
 .comment       0x00000000       0x3d build/default/debug/ConfigPerformance.o
 .comment       0x00000000       0x3d build/default/debug/LAN9250.o
 .comment       0x00000000       0x3d build/default/debug/NetworkInterface_LAN9250.o
 .comment       0x00000000       0x3d build/default/debug/SPI.o
 .comment       0x00000000       0x3d build/default/debug/UART.o
 .comment       0x00000000       0x3d build/default/debug/main.o
 .comment       0x00000000       0x3d build/default/debug/main_blinky.o
 .comment       0x00000000       0x3d build/default/debug/LED.o
 .comment       0x00000000       0x3d build/default/debug/FiberComms.o
 .comment       0x00000000       0x3d build/default/debug/min.o
 .comment       0x00000000       0x3d c:/program files/microchip/xc32/v2.50/bin/bin/../../lib/gcc/pic32mx/4.8.3\libgcc.a(_udivdi3.o)
 .comment       0x0000003c       0x18 c:/program files/microchip/xc32/v2.50/bin/bin/../../lib/gcc/pic32mx/4.8.3/../../../../pic32mx/lib\libpic32.a(memcmp.o)
                                 0x19 (size before relaxing)
 .comment       0x00000054       0x18 c:/program files/microchip/xc32/v2.50/bin/bin/../../lib/gcc/pic32mx/4.8.3/../../../../pic32mx/lib\libpic32.a(memset.o)
                                 0x19 (size before relaxing)
 .comment       0x0000006c       0x19 c:/program files/microchip/xc32/v2.50/bin/bin/../../lib/gcc/pic32mx/4.8.3/../../../../pic32mx/lib\libpic32.a(strcmp.o)
                                 0x1a (size before relaxing)
 .comment       0x00000085       0x19 c:/program files/microchip/xc32/v2.50/bin/bin/../../lib/gcc/pic32mx/4.8.3/../../../../pic32mx/lib\libpic32.a(strcpy.o)
                                 0x1a (size before relaxing)
 .comment       0x0000009e       0x19 c:/program files/microchip/xc32/v2.50/bin/bin/../../lib/gcc/pic32mx/4.8.3/../../../../pic32mx/lib\libpic32.a(strlen.o)
                                 0x1a (size before relaxing)
 .comment       0x00000000       0x3d c:/program files/microchip/xc32/v2.50/bin/bin/../../lib/gcc/pic32mx/4.8.3/../../../../pic32mx/lib\libpic32.a(default-bootstrap-exception-handler.o)
 .comment       0x00000000       0x3d c:/program files/microchip/xc32/v2.50/bin/bin/../../lib/gcc/pic32mx/4.8.3/../../../../pic32mx/lib\libpic32.a(default-on-reset.o)
 .comment       0x00000000       0x3d c:/program files/microchip/xc32/v2.50/bin/bin/../../lib/gcc/pic32mx/4.8.3/../../../../pic32mx/lib\libpic32.a(default-on-bootstrap.o)
 .comment       0x00000000       0x3d c:/program files/microchip/xc32/v2.50/bin/bin/../../lib/gcc/pic32mx/4.8.3/../../../../pic32mx/lib\libpic32.a(defaultinterrupt.o)
 .comment       0x000000b7       0x50 c:/program files/microchip/xc32/v2.50/bin/bin/../../lib/gcc/pic32mx/4.8.3/../../../../pic32mx/lib\liblega-c.a(memmove.o)
                                 0x8d (size before relaxing)
 .comment       0x00000107       0x4d c:/program files/microchip/xc32/v2.50/bin/bin/../../lib/gcc/pic32mx/4.8.3/../../../../pic32mx/lib\liblega-c.a(rand.o)
                                 0x8a (size before relaxing)
 .comment       0x00000154       0x53 c:/program files/microchip/xc32/v2.50/bin/bin/../../lib/gcc/pic32mx/4.8.3/../../../../pic32mx/lib\liblega-c.a(snprintf_cdnopsuxX.eo)
                                 0x90 (size before relaxing)
 .comment       0x000001a7       0x4e c:/program files/microchip/xc32/v2.50/bin/bin/../../lib/gcc/pic32mx/4.8.3/../../../../pic32mx/lib\liblega-c.a(stubs.o)
                                 0x8b (size before relaxing)
 .comment       0x000001f5       0x52 c:/program files/microchip/xc32/v2.50/bin/bin/../../lib/gcc/pic32mx/4.8.3/../../../../pic32mx/lib\liblega-c.a(_doprnt_cdnopsuxX.eo)
                                 0x8f (size before relaxing)
 .comment       0x00000247       0x53 c:/program files/microchip/xc32/v2.50/bin/bin/../../lib/gcc/pic32mx/4.8.3/../../../../pic32mx/lib\liblega-c.a(_iobdata.o)
                                 0x90 (size before relaxing)
 .comment       0x0000029a       0x54 c:/program files/microchip/xc32/v2.50/bin/bin/../../lib/gcc/pic32mx/4.8.3/../../../../pic32mx/lib\liblega-c.a(_iobfuncs.o)
                                 0x91 (size before relaxing)
 .comment       0x000002ee       0x55 c:/program files/microchip/xc32/v2.50/bin/bin/../../lib/gcc/pic32mx/4.8.3/../../../../pic32mx/lib\liblega-c.a(_iobstring.o)
                                 0x92 (size before relaxing)
 .comment       0x00000343       0x50 c:/program files/microchip/xc32/v2.50/bin/bin/../../lib/gcc/pic32mx/4.8.3/../../../../pic32mx/lib\liblega-c.a(fputc.o)
                                 0x8d (size before relaxing)
 .comment       0x00000393       0x4e c:/program files/microchip/xc32/v2.50/bin/bin/../../lib/gcc/pic32mx/4.8.3/../../../../pic32mx/lib\liblega-c.a(errno.o)
                                 0x8b (size before relaxing)
 .comment       0x00000000       0x3d c:/program files/microchip/xc32/v2.50/bin/bin/../../lib/gcc/pic32mx/4.8.3\libgcc.a(_umoddi3.o)
 .comment       0x00000000       0x3d c:/program files/microchip/xc32/v2.50/bin/bin/../../lib/gcc/pic32mx/4.8.3/../../../../pic32mx/lib\libpic32.a(_mon_getc.o)
 .comment       0x00000000       0x3d c:/program files/microchip/xc32/v2.50/bin/bin/../../lib/gcc/pic32mx/4.8.3/../../../../pic32mx/lib\libpic32.a(_mon_write.o)
 .comment       0x00000000       0x3d c:/program files/microchip/xc32/v2.50/bin/bin/../../lib/gcc/pic32mx/4.8.3/../../../../pic32mx/lib\libpic32.a(xc32_uart.o)
 .comment       0x00000000       0x3d c:/program files/microchip/xc32/v2.50/bin/bin/../../lib/gcc/pic32mx/4.8.3/../../../../pic32mx/lib\libpic32.a(_mon_putc.o)

.debug
 *(.debug)

.line
 *(.line)

.debug_srcinfo
 *(.debug_srcinfo)

.debug_sfnames
 *(.debug_sfnames)

.debug_aranges  0x00000000      0x520
 *(.debug_aranges)
 .debug_aranges
                0x00000000       0x20 c:/program files/microchip/xc32/v2.50/bin/bin/../../lib/gcc/pic32mx/4.8.3/../../../../pic32mx/lib\software-debug-break.o
 .debug_aranges
                0x00000020       0x20 build/default/debug/FreeRTOS/Core/event_groups.o
 .debug_aranges
                0x00000040       0x20 build/default/debug/FreeRTOS/Core/list.o
 .debug_aranges
                0x00000060       0x20 build/default/debug/FreeRTOS/Core/queue.o
 .debug_aranges
                0x00000080       0x20 build/default/debug/FreeRTOS/Core/stream_buffer.o
 .debug_aranges
                0x000000a0       0x20 build/default/debug/FreeRTOS/Core/tasks.o
 .debug_aranges
                0x000000c0       0x20 build/default/debug/FreeRTOS/Core/timers.o
 .debug_aranges
                0x000000e0       0x20 build/default/debug/FreeRTOS/Core/portable/MemMang/heap_4.o
 .debug_aranges
                0x00000100       0x20 build/default/debug/FreeRTOS/Core/portable/MPLAB/PIC32MX/port.o
 .debug_aranges
                0x00000120       0x20 build/default/debug/FreeRTOS/Core/portable/MPLAB/PIC32MX/port_asm.o
 .debug_aranges
                0x00000140       0x20 build/default/debug/FreeRTOS/TCPIP/FreeRTOS_ARP.o
 .debug_aranges
                0x00000160       0x20 build/default/debug/FreeRTOS/TCPIP/FreeRTOS_DHCP.o
 .debug_aranges
                0x00000180       0x20 build/default/debug/FreeRTOS/TCPIP/FreeRTOS_DNS.o
 .debug_aranges
                0x000001a0       0x20 build/default/debug/FreeRTOS/TCPIP/FreeRTOS_IP.o
 .debug_aranges
                0x000001c0       0x20 build/default/debug/FreeRTOS/TCPIP/FreeRTOS_Sockets.o
 .debug_aranges
                0x000001e0       0x20 build/default/debug/FreeRTOS/TCPIP/FreeRTOS_Stream_Buffer.o
 .debug_aranges
                0x00000200       0x20 build/default/debug/FreeRTOS/TCPIP/FreeRTOS_TCP_IP.o
 .debug_aranges
                0x00000220       0x20 build/default/debug/FreeRTOS/TCPIP/FreeRTOS_TCP_WIN.o
 .debug_aranges
                0x00000240       0x20 build/default/debug/FreeRTOS/TCPIP/FreeRTOS_UDP_IP.o
 .debug_aranges
                0x00000260       0x20 build/default/debug/FreeRTOS/TCPIP/portable/BufferManagement/BufferAllocation_2.o
 .debug_aranges
                0x00000280       0x20 build/default/debug/ConfigPerformance.o
 .debug_aranges
                0x000002a0       0x20 build/default/debug/LAN9250.o
 .debug_aranges
                0x000002c0       0x20 build/default/debug/NetworkInterface_LAN9250.o
 .debug_aranges
                0x000002e0       0x20 build/default/debug/SPI.o
 .debug_aranges
                0x00000300       0x20 build/default/debug/UART.o
 .debug_aranges
                0x00000320       0x20 build/default/debug/main.o
 .debug_aranges
                0x00000340       0x20 build/default/debug/main_blinky.o
 .debug_aranges
                0x00000360       0x20 build/default/debug/LED.o
 .debug_aranges
                0x00000380       0x20 build/default/debug/FiberComms.o
 .debug_aranges
                0x000003a0       0x20 build/default/debug/min.o
 .debug_aranges
                0x000003c0       0x40 C:\Users\Thorb\AppData\Local\Temp\ccn5qpOr.o
 .debug_aranges
                0x00000400       0x20 c:/program files/microchip/xc32/v2.50/bin/bin/../../lib/gcc/pic32mx/4.8.3\libgcc.a(_udivdi3.o)
 .debug_aranges
                0x00000420       0x20 c:/program files/microchip/xc32/v2.50/bin/bin/../../lib/gcc/pic32mx/4.8.3/../../../../pic32mx/lib\libpic32.a(default-bootstrap-exception-handler.o)
 .debug_aranges
                0x00000440       0x20 c:/program files/microchip/xc32/v2.50/bin/bin/../../lib/gcc/pic32mx/4.8.3/../../../../pic32mx/lib\libpic32.a(default-on-reset.o)
 .debug_aranges
                0x00000460       0x20 c:/program files/microchip/xc32/v2.50/bin/bin/../../lib/gcc/pic32mx/4.8.3/../../../../pic32mx/lib\libpic32.a(default-on-bootstrap.o)
 .debug_aranges
                0x00000480       0x20 c:/program files/microchip/xc32/v2.50/bin/bin/../../lib/gcc/pic32mx/4.8.3/../../../../pic32mx/lib\libpic32.a(defaultinterrupt.o)
 .debug_aranges
                0x000004a0       0x20 c:/program files/microchip/xc32/v2.50/bin/bin/../../lib/gcc/pic32mx/4.8.3\libgcc.a(_umoddi3.o)
 .debug_aranges
                0x000004c0       0x20 c:/program files/microchip/xc32/v2.50/bin/bin/../../lib/gcc/pic32mx/4.8.3/../../../../pic32mx/lib\libpic32.a(_mon_getc.o)
 .debug_aranges
                0x000004e0       0x20 c:/program files/microchip/xc32/v2.50/bin/bin/../../lib/gcc/pic32mx/4.8.3/../../../../pic32mx/lib\libpic32.a(_mon_write.o)
 .debug_aranges
                0x00000500       0x20 c:/program files/microchip/xc32/v2.50/bin/bin/../../lib/gcc/pic32mx/4.8.3/../../../../pic32mx/lib\libpic32.a(_mon_putc.o)

.debug_pubnames
 *(.debug_pubnames)

.debug_info     0x00000000    0x324de
 *(.debug_info .gnu.linkonce.wi.*)
 .debug_info    0x00000000       0xe3 c:/program files/microchip/xc32/v2.50/bin/bin/../../lib/gcc/pic32mx/4.8.3/../../../../pic32mx/lib\software-debug-break.o
 .debug_info    0x000000e3      0xd63 build/default/debug/FreeRTOS/Core/event_groups.o
 .debug_info    0x00000e46      0x446 build/default/debug/FreeRTOS/Core/list.o
 .debug_info    0x0000128c     0x21f8 build/default/debug/FreeRTOS/Core/queue.o
 .debug_info    0x00003484     0x190b build/default/debug/FreeRTOS/Core/stream_buffer.o
 .debug_info    0x00004d8f     0x307f build/default/debug/FreeRTOS/Core/tasks.o
 .debug_info    0x00007e0e     0x169a build/default/debug/FreeRTOS/Core/timers.o
 .debug_info    0x000094a8      0x7f4 build/default/debug/FreeRTOS/Core/portable/MemMang/heap_4.o
 .debug_info    0x00009c9c      0xf26 build/default/debug/FreeRTOS/Core/portable/MPLAB/PIC32MX/port.o
 .debug_info    0x0000abc2       0x83 build/default/debug/FreeRTOS/Core/portable/MPLAB/PIC32MX/port_asm.o
 .debug_info    0x0000ac45     0x1868 build/default/debug/FreeRTOS/TCPIP/FreeRTOS_ARP.o
 .debug_info    0x0000c4ad     0x26c5 build/default/debug/FreeRTOS/TCPIP/FreeRTOS_DHCP.o
 .debug_info    0x0000eb72     0x3653 build/default/debug/FreeRTOS/TCPIP/FreeRTOS_DNS.o
 .debug_info    0x000121c5     0x4aac build/default/debug/FreeRTOS/TCPIP/FreeRTOS_IP.o
 .debug_info    0x00016c71     0x58c0 build/default/debug/FreeRTOS/TCPIP/FreeRTOS_Sockets.o
 .debug_info    0x0001c531      0x805 build/default/debug/FreeRTOS/TCPIP/FreeRTOS_Stream_Buffer.o
 .debug_info    0x0001cd36     0x57ca build/default/debug/FreeRTOS/TCPIP/FreeRTOS_TCP_IP.o
 .debug_info    0x00022500     0x251e build/default/debug/FreeRTOS/TCPIP/FreeRTOS_TCP_WIN.o
 .debug_info    0x00024a1e     0x1f00 build/default/debug/FreeRTOS/TCPIP/FreeRTOS_UDP_IP.o
 .debug_info    0x0002691e      0xba5 build/default/debug/FreeRTOS/TCPIP/portable/BufferManagement/BufferAllocation_2.o
 .debug_info    0x000274c3      0x809 build/default/debug/ConfigPerformance.o
 .debug_info    0x00027ccc     0x397c build/default/debug/LAN9250.o
 .debug_info    0x0002b648      0xaf5 build/default/debug/NetworkInterface_LAN9250.o
 .debug_info    0x0002c13d      0x725 build/default/debug/SPI.o
 .debug_info    0x0002c862     0x16f5 build/default/debug/UART.o
 .debug_info    0x0002df57      0x733 build/default/debug/main.o
 .debug_info    0x0002e68a      0xba8 build/default/debug/main_blinky.o
 .debug_info    0x0002f232      0x447 build/default/debug/LED.o
 .debug_info    0x0002f679      0xc9a build/default/debug/FiberComms.o
 .debug_info    0x00030313      0xc6f build/default/debug/min.o
 .debug_info    0x00030f82       0xb5 C:\Users\Thorb\AppData\Local\Temp\ccn5qpOr.o
 .debug_info    0x00031037      0x74b c:/program files/microchip/xc32/v2.50/bin/bin/../../lib/gcc/pic32mx/4.8.3\libgcc.a(_udivdi3.o)
 .debug_info    0x00031782       0xf4 c:/program files/microchip/xc32/v2.50/bin/bin/../../lib/gcc/pic32mx/4.8.3/../../../../pic32mx/lib\libpic32.a(default-bootstrap-exception-handler.o)
 .debug_info    0x00031876       0xcd c:/program files/microchip/xc32/v2.50/bin/bin/../../lib/gcc/pic32mx/4.8.3/../../../../pic32mx/lib\libpic32.a(default-on-reset.o)
 .debug_info    0x00031943       0xd5 c:/program files/microchip/xc32/v2.50/bin/bin/../../lib/gcc/pic32mx/4.8.3/../../../../pic32mx/lib\libpic32.a(default-on-bootstrap.o)
 .debug_info    0x00031a18       0xe7 c:/program files/microchip/xc32/v2.50/bin/bin/../../lib/gcc/pic32mx/4.8.3/../../../../pic32mx/lib\libpic32.a(defaultinterrupt.o)
 .debug_info    0x00031aff      0x788 c:/program files/microchip/xc32/v2.50/bin/bin/../../lib/gcc/pic32mx/4.8.3\libgcc.a(_umoddi3.o)
 .debug_info    0x00032287       0xc7 c:/program files/microchip/xc32/v2.50/bin/bin/../../lib/gcc/pic32mx/4.8.3/../../../../pic32mx/lib\libpic32.a(_mon_getc.o)
 .debug_info    0x0003234e       0xc9 c:/program files/microchip/xc32/v2.50/bin/bin/../../lib/gcc/pic32mx/4.8.3/../../../../pic32mx/lib\libpic32.a(_mon_write.o)
 .debug_info    0x00032417       0xc7 c:/program files/microchip/xc32/v2.50/bin/bin/../../lib/gcc/pic32mx/4.8.3/../../../../pic32mx/lib\libpic32.a(_mon_putc.o)

.debug_abbrev   0x00000000     0x4c47
 *(.debug_abbrev)
 .debug_abbrev  0x00000000       0x28 c:/program files/microchip/xc32/v2.50/bin/bin/../../lib/gcc/pic32mx/4.8.3/../../../../pic32mx/lib\software-debug-break.o
 .debug_abbrev  0x00000028      0x244 build/default/debug/FreeRTOS/Core/event_groups.o
 .debug_abbrev  0x0000026c       0xe7 build/default/debug/FreeRTOS/Core/list.o
 .debug_abbrev  0x00000353      0x266 build/default/debug/FreeRTOS/Core/queue.o
 .debug_abbrev  0x000005b9      0x2b5 build/default/debug/FreeRTOS/Core/stream_buffer.o
 .debug_abbrev  0x0000086e      0x2cf build/default/debug/FreeRTOS/Core/tasks.o
 .debug_abbrev  0x00000b3d      0x2b6 build/default/debug/FreeRTOS/Core/timers.o
 .debug_abbrev  0x00000df3      0x1d1 build/default/debug/FreeRTOS/Core/portable/MemMang/heap_4.o
 .debug_abbrev  0x00000fc4      0x2e8 build/default/debug/FreeRTOS/Core/portable/MPLAB/PIC32MX/port.o
 .debug_abbrev  0x000012ac       0x14 build/default/debug/FreeRTOS/Core/portable/MPLAB/PIC32MX/port_asm.o
 .debug_abbrev  0x000012c0      0x33d build/default/debug/FreeRTOS/TCPIP/FreeRTOS_ARP.o
 .debug_abbrev  0x000015fd      0x360 build/default/debug/FreeRTOS/TCPIP/FreeRTOS_DHCP.o
 .debug_abbrev  0x0000195d      0x39e build/default/debug/FreeRTOS/TCPIP/FreeRTOS_DNS.o
 .debug_abbrev  0x00001cfb      0x423 build/default/debug/FreeRTOS/TCPIP/FreeRTOS_IP.o
 .debug_abbrev  0x0000211e      0x46a build/default/debug/FreeRTOS/TCPIP/FreeRTOS_Sockets.o
 .debug_abbrev  0x00002588      0x15e build/default/debug/FreeRTOS/TCPIP/FreeRTOS_Stream_Buffer.o
 .debug_abbrev  0x000026e6      0x408 build/default/debug/FreeRTOS/TCPIP/FreeRTOS_TCP_IP.o
 .debug_abbrev  0x00002aee      0x2b7 build/default/debug/FreeRTOS/TCPIP/FreeRTOS_TCP_WIN.o
 .debug_abbrev  0x00002da5      0x358 build/default/debug/FreeRTOS/TCPIP/FreeRTOS_UDP_IP.o
 .debug_abbrev  0x000030fd      0x250 build/default/debug/FreeRTOS/TCPIP/portable/BufferManagement/BufferAllocation_2.o
 .debug_abbrev  0x0000334d      0x147 build/default/debug/ConfigPerformance.o
 .debug_abbrev  0x00003494      0x3d1 build/default/debug/LAN9250.o
 .debug_abbrev  0x00003865      0x1de build/default/debug/NetworkInterface_LAN9250.o
 .debug_abbrev  0x00003a43      0x14a build/default/debug/SPI.o
 .debug_abbrev  0x00003b8d      0x352 build/default/debug/UART.o
 .debug_abbrev  0x00003edf      0x1ff build/default/debug/main.o
 .debug_abbrev  0x000040de      0x229 build/default/debug/main_blinky.o
 .debug_abbrev  0x00004307      0x10b build/default/debug/LED.o
 .debug_abbrev  0x00004412      0x240 build/default/debug/FiberComms.o
 .debug_abbrev  0x00004652      0x24c build/default/debug/min.o
 .debug_abbrev  0x0000489e       0x12 C:\Users\Thorb\AppData\Local\Temp\ccn5qpOr.o
 .debug_abbrev  0x000048b0      0x138 c:/program files/microchip/xc32/v2.50/bin/bin/../../lib/gcc/pic32mx/4.8.3\libgcc.a(_udivdi3.o)
 .debug_abbrev  0x000049e8       0x28 c:/program files/microchip/xc32/v2.50/bin/bin/../../lib/gcc/pic32mx/4.8.3/../../../../pic32mx/lib\libpic32.a(default-bootstrap-exception-handler.o)
 .debug_abbrev  0x00004a10       0x28 c:/program files/microchip/xc32/v2.50/bin/bin/../../lib/gcc/pic32mx/4.8.3/../../../../pic32mx/lib\libpic32.a(default-on-reset.o)
 .debug_abbrev  0x00004a38       0x28 c:/program files/microchip/xc32/v2.50/bin/bin/../../lib/gcc/pic32mx/4.8.3/../../../../pic32mx/lib\libpic32.a(default-on-bootstrap.o)
 .debug_abbrev  0x00004a60       0x28 c:/program files/microchip/xc32/v2.50/bin/bin/../../lib/gcc/pic32mx/4.8.3/../../../../pic32mx/lib\libpic32.a(defaultinterrupt.o)
 .debug_abbrev  0x00004a88      0x147 c:/program files/microchip/xc32/v2.50/bin/bin/../../lib/gcc/pic32mx/4.8.3\libgcc.a(_umoddi3.o)
 .debug_abbrev  0x00004bcf       0x28 c:/program files/microchip/xc32/v2.50/bin/bin/../../lib/gcc/pic32mx/4.8.3/../../../../pic32mx/lib\libpic32.a(_mon_getc.o)
 .debug_abbrev  0x00004bf7       0x28 c:/program files/microchip/xc32/v2.50/bin/bin/../../lib/gcc/pic32mx/4.8.3/../../../../pic32mx/lib\libpic32.a(_mon_write.o)
 .debug_abbrev  0x00004c1f       0x28 c:/program files/microchip/xc32/v2.50/bin/bin/../../lib/gcc/pic32mx/4.8.3/../../../../pic32mx/lib\libpic32.a(_mon_putc.o)

.debug_line     0x00000000     0x7c0d
 *(.debug_line)
 .debug_line    0x00000000       0x99 c:/program files/microchip/xc32/v2.50/bin/bin/../../lib/gcc/pic32mx/4.8.3/../../../../pic32mx/lib\software-debug-break.o
 .debug_line    0x00000099      0x2d7 build/default/debug/FreeRTOS/Core/event_groups.o
 .debug_line    0x00000370      0x1a7 build/default/debug/FreeRTOS/Core/list.o
 .debug_line    0x00000517      0x503 build/default/debug/FreeRTOS/Core/queue.o
 .debug_line    0x00000a1a      0x3c0 build/default/debug/FreeRTOS/Core/stream_buffer.o
 .debug_line    0x00000dda      0x724 build/default/debug/FreeRTOS/Core/tasks.o
 .debug_line    0x000014fe      0x36e build/default/debug/FreeRTOS/Core/timers.o
 .debug_line    0x0000186c      0x28a build/default/debug/FreeRTOS/Core/portable/MemMang/heap_4.o
 .debug_line    0x00001af6      0x241 build/default/debug/FreeRTOS/Core/portable/MPLAB/PIC32MX/port.o
 .debug_line    0x00001d37       0xe2 build/default/debug/FreeRTOS/Core/portable/MPLAB/PIC32MX/port_asm.o
 .debug_line    0x00001e19      0x43c build/default/debug/FreeRTOS/TCPIP/FreeRTOS_ARP.o
 .debug_line    0x00002255      0x461 build/default/debug/FreeRTOS/TCPIP/FreeRTOS_DHCP.o
 .debug_line    0x000026b6      0x5f6 build/default/debug/FreeRTOS/TCPIP/FreeRTOS_DNS.o
 .debug_line    0x00002cac      0x7e6 build/default/debug/FreeRTOS/TCPIP/FreeRTOS_IP.o
 .debug_line    0x00003492      0xa97 build/default/debug/FreeRTOS/TCPIP/FreeRTOS_Sockets.o
 .debug_line    0x00003f29      0x297 build/default/debug/FreeRTOS/TCPIP/FreeRTOS_Stream_Buffer.o
 .debug_line    0x000041c0      0xaa4 build/default/debug/FreeRTOS/TCPIP/FreeRTOS_TCP_IP.o
 .debug_line    0x00004c64      0x58e build/default/debug/FreeRTOS/TCPIP/FreeRTOS_TCP_WIN.o
 .debug_line    0x000051f2      0x3c5 build/default/debug/FreeRTOS/TCPIP/FreeRTOS_UDP_IP.o
 .debug_line    0x000055b7      0x2ef build/default/debug/FreeRTOS/TCPIP/portable/BufferManagement/BufferAllocation_2.o
 .debug_line    0x000058a6      0x160 build/default/debug/ConfigPerformance.o
 .debug_line    0x00005a06      0x64e build/default/debug/LAN9250.o
 .debug_line    0x00006054      0x2b9 build/default/debug/NetworkInterface_LAN9250.o
 .debug_line    0x0000630d      0x169 build/default/debug/SPI.o
 .debug_line    0x00006476      0x44c build/default/debug/UART.o
 .debug_line    0x000068c2      0x2df build/default/debug/main.o
 .debug_line    0x00006ba1      0x2dd build/default/debug/main_blinky.o
 .debug_line    0x00006e7e      0x15f build/default/debug/LED.o
 .debug_line    0x00006fdd      0x2b7 build/default/debug/FiberComms.o
 .debug_line    0x00007294      0x212 build/default/debug/min.o
 .debug_line    0x000074a6      0x14d C:\Users\Thorb\AppData\Local\Temp\ccn5qpOr.o
 .debug_line    0x000075f3       0xf7 c:/program files/microchip/xc32/v2.50/bin/bin/../../lib/gcc/pic32mx/4.8.3\libgcc.a(_udivdi3.o)
 .debug_line    0x000076ea       0xa6 c:/program files/microchip/xc32/v2.50/bin/bin/../../lib/gcc/pic32mx/4.8.3/../../../../pic32mx/lib\libpic32.a(default-bootstrap-exception-handler.o)
 .debug_line    0x00007790       0x93 c:/program files/microchip/xc32/v2.50/bin/bin/../../lib/gcc/pic32mx/4.8.3/../../../../pic32mx/lib\libpic32.a(default-on-reset.o)
 .debug_line    0x00007823       0x97 c:/program files/microchip/xc32/v2.50/bin/bin/../../lib/gcc/pic32mx/4.8.3/../../../../pic32mx/lib\libpic32.a(default-on-bootstrap.o)
 .debug_line    0x000078ba       0xa5 c:/program files/microchip/xc32/v2.50/bin/bin/../../lib/gcc/pic32mx/4.8.3/../../../../pic32mx/lib\libpic32.a(defaultinterrupt.o)
 .debug_line    0x0000795f      0x109 c:/program files/microchip/xc32/v2.50/bin/bin/../../lib/gcc/pic32mx/4.8.3\libgcc.a(_umoddi3.o)
 .debug_line    0x00007a68       0x8c c:/program files/microchip/xc32/v2.50/bin/bin/../../lib/gcc/pic32mx/4.8.3/../../../../pic32mx/lib\libpic32.a(_mon_getc.o)
 .debug_line    0x00007af4       0x8d c:/program files/microchip/xc32/v2.50/bin/bin/../../lib/gcc/pic32mx/4.8.3/../../../../pic32mx/lib\libpic32.a(_mon_write.o)
 .debug_line    0x00007b81        0x0 c:/program files/microchip/xc32/v2.50/bin/bin/../../lib/gcc/pic32mx/4.8.3/../../../../pic32mx/lib\libpic32.a(xc32_uart.o)
 .debug_line    0x00007b81       0x8c c:/program files/microchip/xc32/v2.50/bin/bin/../../lib/gcc/pic32mx/4.8.3/../../../../pic32mx/lib\libpic32.a(_mon_putc.o)

.debug_frame    0x00000000     0x524c
 *(.debug_frame)
 .debug_frame   0x00000000       0x20 c:/program files/microchip/xc32/v2.50/bin/bin/../../lib/gcc/pic32mx/4.8.3/../../../../pic32mx/lib\software-debug-break.o
 .debug_frame   0x00000020      0x174 build/default/debug/FreeRTOS/Core/event_groups.o
 .debug_frame   0x00000194       0xb0 build/default/debug/FreeRTOS/Core/list.o
 .debug_frame   0x00000244      0x414 build/default/debug/FreeRTOS/Core/queue.o
 .debug_frame   0x00000658      0x2f4 build/default/debug/FreeRTOS/Core/stream_buffer.o
 .debug_frame   0x0000094c      0x7f8 build/default/debug/FreeRTOS/Core/tasks.o
 .debug_frame   0x00001144      0x30c build/default/debug/FreeRTOS/Core/timers.o
 .debug_frame   0x00001450      0x120 build/default/debug/FreeRTOS/Core/portable/MemMang/heap_4.o
 .debug_frame   0x00001570      0x120 build/default/debug/FreeRTOS/Core/portable/MPLAB/PIC32MX/port.o
 .debug_frame   0x00001690      0x1d8 build/default/debug/FreeRTOS/TCPIP/FreeRTOS_ARP.o
 .debug_frame   0x00001868      0x190 build/default/debug/FreeRTOS/TCPIP/FreeRTOS_DHCP.o
 .debug_frame   0x000019f8      0x34c build/default/debug/FreeRTOS/TCPIP/FreeRTOS_DNS.o
 .debug_frame   0x00001d44      0x7c0 build/default/debug/FreeRTOS/TCPIP/FreeRTOS_IP.o
 .debug_frame   0x00002504      0xa38 build/default/debug/FreeRTOS/TCPIP/FreeRTOS_Sockets.o
 .debug_frame   0x00002f3c      0x120 build/default/debug/FreeRTOS/TCPIP/FreeRTOS_Stream_Buffer.o
 .debug_frame   0x0000305c      0x75c build/default/debug/FreeRTOS/TCPIP/FreeRTOS_TCP_IP.o
 .debug_frame   0x000037b8      0x4b0 build/default/debug/FreeRTOS/TCPIP/FreeRTOS_TCP_WIN.o
 .debug_frame   0x00003c68       0x98 build/default/debug/FreeRTOS/TCPIP/FreeRTOS_UDP_IP.o
 .debug_frame   0x00003d00      0x128 build/default/debug/FreeRTOS/TCPIP/portable/BufferManagement/BufferAllocation_2.o
 .debug_frame   0x00003e28       0xb8 build/default/debug/ConfigPerformance.o
 .debug_frame   0x00003ee0      0x6d8 build/default/debug/LAN9250.o
 .debug_frame   0x000045b8      0x14c build/default/debug/NetworkInterface_LAN9250.o
 .debug_frame   0x00004704       0xfc build/default/debug/SPI.o
 .debug_frame   0x00004800      0x364 build/default/debug/UART.o
 .debug_frame   0x00004b64      0x10c build/default/debug/main.o
 .debug_frame   0x00004c70       0xd0 build/default/debug/main_blinky.o
 .debug_frame   0x00004d40       0xf0 build/default/debug/LED.o
 .debug_frame   0x00004e30      0x160 build/default/debug/FiberComms.o
 .debug_frame   0x00004f90      0x168 build/default/debug/min.o
 .debug_frame   0x000050f8       0x20 c:/program files/microchip/xc32/v2.50/bin/bin/../../lib/gcc/pic32mx/4.8.3\libgcc.a(_udivdi3.o)
 .debug_frame   0x00005118       0x2c c:/program files/microchip/xc32/v2.50/bin/bin/../../lib/gcc/pic32mx/4.8.3/../../../../pic32mx/lib\libpic32.a(default-bootstrap-exception-handler.o)
 .debug_frame   0x00005144       0x20 c:/program files/microchip/xc32/v2.50/bin/bin/../../lib/gcc/pic32mx/4.8.3/../../../../pic32mx/lib\libpic32.a(default-on-reset.o)
 .debug_frame   0x00005164       0x20 c:/program files/microchip/xc32/v2.50/bin/bin/../../lib/gcc/pic32mx/4.8.3/../../../../pic32mx/lib\libpic32.a(default-on-bootstrap.o)
 .debug_frame   0x00005184       0x20 c:/program files/microchip/xc32/v2.50/bin/bin/../../lib/gcc/pic32mx/4.8.3/../../../../pic32mx/lib\libpic32.a(defaultinterrupt.o)
 .debug_frame   0x000051a4       0x20 c:/program files/microchip/xc32/v2.50/bin/bin/../../lib/gcc/pic32mx/4.8.3\libgcc.a(_umoddi3.o)
 .debug_frame   0x000051c4       0x2c c:/program files/microchip/xc32/v2.50/bin/bin/../../lib/gcc/pic32mx/4.8.3/../../../../pic32mx/lib\libpic32.a(_mon_getc.o)
 .debug_frame   0x000051f0       0x30 c:/program files/microchip/xc32/v2.50/bin/bin/../../lib/gcc/pic32mx/4.8.3/../../../../pic32mx/lib\libpic32.a(_mon_write.o)
 .debug_frame   0x00005220       0x2c c:/program files/microchip/xc32/v2.50/bin/bin/../../lib/gcc/pic32mx/4.8.3/../../../../pic32mx/lib\libpic32.a(_mon_putc.o)

.debug_str      0x00000000     0x13b6
 *(.debug_str)
 .debug_str     0x00000000        0x0 c:/program files/microchip/xc32/v2.50/bin/bin/../../lib/gcc/pic32mx/4.8.3/../../../../pic32mx/lib\software-debug-break.o
 .debug_str     0x00000000       0xe6 build/default/debug/FreeRTOS/Core/event_groups.o
 .debug_str     0x000000e6       0x2b build/default/debug/FreeRTOS/Core/list.o
 .debug_str     0x00000111      0x13b build/default/debug/FreeRTOS/Core/queue.o
 .debug_str     0x0000024c      0x142 build/default/debug/FreeRTOS/Core/stream_buffer.o
 .debug_str     0x0000038e      0x1d2 build/default/debug/FreeRTOS/Core/tasks.o
 .debug_str     0x00000560       0xd2 build/default/debug/FreeRTOS/Core/timers.o
 .debug_str     0x00000632       0x74 build/default/debug/FreeRTOS/Core/portable/MemMang/heap_4.o
 .debug_str     0x000006a6       0x37 build/default/debug/FreeRTOS/Core/portable/MPLAB/PIC32MX/port.o
 .debug_str     0x000006dd       0x97 build/default/debug/FreeRTOS/TCPIP/FreeRTOS_ARP.o
 .debug_str     0x00000774       0x6f build/default/debug/FreeRTOS/TCPIP/FreeRTOS_DHCP.o
 .debug_str     0x000007e3      0x13c build/default/debug/FreeRTOS/TCPIP/FreeRTOS_DNS.o
 .debug_str     0x0000091f      0x1e2 build/default/debug/FreeRTOS/TCPIP/FreeRTOS_IP.o
 .debug_str     0x00000b01      0x250 build/default/debug/FreeRTOS/TCPIP/FreeRTOS_Sockets.o
 .debug_str     0x00000d51       0x28 build/default/debug/FreeRTOS/TCPIP/FreeRTOS_Stream_Buffer.o
 .debug_str     0x00000d79      0x214 build/default/debug/FreeRTOS/TCPIP/FreeRTOS_TCP_IP.o
 .debug_str     0x00000f8d      0x109 build/default/debug/FreeRTOS/TCPIP/FreeRTOS_TCP_WIN.o
 .debug_str     0x00001096       0x6d build/default/debug/FreeRTOS/TCPIP/FreeRTOS_UDP_IP.o
 .debug_str     0x00001103       0x38 build/default/debug/FreeRTOS/TCPIP/portable/BufferManagement/BufferAllocation_2.o
 .debug_str     0x0000113b       0x18 build/default/debug/ConfigPerformance.o
 .debug_str     0x00001153       0xb6 build/default/debug/LAN9250.o
 .debug_str     0x00001209       0x75 build/default/debug/NetworkInterface_LAN9250.o
 .debug_str     0x0000127e        0x0 build/default/debug/SPI.o
 .debug_str     0x0000127e       0x48 build/default/debug/UART.o
 .debug_str     0x000012c6       0x23 build/default/debug/main.o
 .debug_str     0x000012e9       0x21 build/default/debug/main_blinky.o
 .debug_str     0x0000130a       0x20 build/default/debug/LED.o
 .debug_str     0x0000132a       0x5e build/default/debug/FiberComms.o
 .debug_str     0x00001388       0x2e build/default/debug/min.o
 .debug_str     0x000013b6        0x0 c:/program files/microchip/xc32/v2.50/bin/bin/../../lib/gcc/pic32mx/4.8.3\libgcc.a(_udivdi3.o)
 .debug_str     0x000013b6        0x0 c:/program files/microchip/xc32/v2.50/bin/bin/../../lib/gcc/pic32mx/4.8.3/../../../../pic32mx/lib\libpic32.a(default-bootstrap-exception-handler.o)
 .debug_str     0x000013b6        0x0 c:/program files/microchip/xc32/v2.50/bin/bin/../../lib/gcc/pic32mx/4.8.3/../../../../pic32mx/lib\libpic32.a(default-on-reset.o)
 .debug_str     0x000013b6        0x0 c:/program files/microchip/xc32/v2.50/bin/bin/../../lib/gcc/pic32mx/4.8.3/../../../../pic32mx/lib\libpic32.a(default-on-bootstrap.o)
 .debug_str     0x000013b6        0x0 c:/program files/microchip/xc32/v2.50/bin/bin/../../lib/gcc/pic32mx/4.8.3/../../../../pic32mx/lib\libpic32.a(defaultinterrupt.o)
 .debug_str     0x000013b6        0x0 c:/program files/microchip/xc32/v2.50/bin/bin/../../lib/gcc/pic32mx/4.8.3\libgcc.a(_umoddi3.o)
 .debug_str     0x000013b6        0x0 c:/program files/microchip/xc32/v2.50/bin/bin/../../lib/gcc/pic32mx/4.8.3/../../../../pic32mx/lib\libpic32.a(_mon_getc.o)
 .debug_str     0x000013b6        0x0 c:/program files/microchip/xc32/v2.50/bin/bin/../../lib/gcc/pic32mx/4.8.3/../../../../pic32mx/lib\libpic32.a(_mon_write.o)
 .debug_str     0x000013b6        0x0 c:/program files/microchip/xc32/v2.50/bin/bin/../../lib/gcc/pic32mx/4.8.3/../../../../pic32mx/lib\libpic32.a(xc32_uart.o)
 .debug_str     0x000013b6        0x0 c:/program files/microchip/xc32/v2.50/bin/bin/../../lib/gcc/pic32mx/4.8.3/../../../../pic32mx/lib\libpic32.a(_mon_putc.o)

.debug_loc      0x00000000    0x22c0a
 *(.debug_loc)
 .debug_loc     0x00000000      0xd9e build/default/debug/FreeRTOS/Core/event_groups.o
 .debug_loc     0x00000d9e      0x25c build/default/debug/FreeRTOS/Core/list.o
 .debug_loc     0x00000ffa     0x2174 build/default/debug/FreeRTOS/Core/queue.o
 .debug_loc     0x0000316e     0x1cd8 build/default/debug/FreeRTOS/Core/stream_buffer.o
 .debug_loc     0x00004e46     0x30db build/default/debug/FreeRTOS/Core/tasks.o
 .debug_loc     0x00007f21     0x10dd build/default/debug/FreeRTOS/Core/timers.o
 .debug_loc     0x00008ffe      0x6e8 build/default/debug/FreeRTOS/Core/portable/MemMang/heap_4.o
 .debug_loc     0x000096e6      0x389 build/default/debug/FreeRTOS/Core/portable/MPLAB/PIC32MX/port.o
 .debug_loc     0x00009a6f      0xbe6 build/default/debug/FreeRTOS/TCPIP/FreeRTOS_ARP.o
 .debug_loc     0x0000a655      0x8df build/default/debug/FreeRTOS/TCPIP/FreeRTOS_DHCP.o
 .debug_loc     0x0000af34     0x1df6 build/default/debug/FreeRTOS/TCPIP/FreeRTOS_DNS.o
 .debug_loc     0x0000cd2a     0x27ea build/default/debug/FreeRTOS/TCPIP/FreeRTOS_IP.o
 .debug_loc     0x0000f514     0x587b build/default/debug/FreeRTOS/TCPIP/FreeRTOS_Sockets.o
 .debug_loc     0x00014d8f      0x7e9 build/default/debug/FreeRTOS/TCPIP/FreeRTOS_Stream_Buffer.o
 .debug_loc     0x00015578     0x4968 build/default/debug/FreeRTOS/TCPIP/FreeRTOS_TCP_IP.o
 .debug_loc     0x00019ee0     0x253d build/default/debug/FreeRTOS/TCPIP/FreeRTOS_TCP_WIN.o
 .debug_loc     0x0001c41d      0x421 build/default/debug/FreeRTOS/TCPIP/FreeRTOS_UDP_IP.o
 .debug_loc     0x0001c83e      0x555 build/default/debug/FreeRTOS/TCPIP/portable/BufferManagement/BufferAllocation_2.o
 .debug_loc     0x0001cd93      0x270 build/default/debug/ConfigPerformance.o
 .debug_loc     0x0001d003     0x1fb8 build/default/debug/LAN9250.o
 .debug_loc     0x0001efbb      0x427 build/default/debug/NetworkInterface_LAN9250.o
 .debug_loc     0x0001f3e2      0x39c build/default/debug/SPI.o
 .debug_loc     0x0001f77e      0x9bb build/default/debug/UART.o
 .debug_loc     0x00020139      0x2d0 build/default/debug/main.o
 .debug_loc     0x00020409      0x261 build/default/debug/main_blinky.o
 .debug_loc     0x0002066a      0x1e3 build/default/debug/LED.o
 .debug_loc     0x0002084d      0x4a3 build/default/debug/FiberComms.o
 .debug_loc     0x00020cf0      0x9db build/default/debug/min.o
 .debug_loc     0x000216cb      0xa6a c:/program files/microchip/xc32/v2.50/bin/bin/../../lib/gcc/pic32mx/4.8.3\libgcc.a(_udivdi3.o)
 .debug_loc     0x00022135       0x2c c:/program files/microchip/xc32/v2.50/bin/bin/../../lib/gcc/pic32mx/4.8.3/../../../../pic32mx/lib\libpic32.a(default-bootstrap-exception-handler.o)
 .debug_loc     0x00022161      0xa3d c:/program files/microchip/xc32/v2.50/bin/bin/../../lib/gcc/pic32mx/4.8.3\libgcc.a(_umoddi3.o)
 .debug_loc     0x00022b9e       0x20 c:/program files/microchip/xc32/v2.50/bin/bin/../../lib/gcc/pic32mx/4.8.3/../../../../pic32mx/lib\libpic32.a(_mon_getc.o)
 .debug_loc     0x00022bbe       0x2c c:/program files/microchip/xc32/v2.50/bin/bin/../../lib/gcc/pic32mx/4.8.3/../../../../pic32mx/lib\libpic32.a(_mon_write.o)
 .debug_loc     0x00022bea       0x20 c:/program files/microchip/xc32/v2.50/bin/bin/../../lib/gcc/pic32mx/4.8.3/../../../../pic32mx/lib\libpic32.a(_mon_putc.o)

.debug_macinfo
 *(.debug_macinfo)

.debug_weaknames
 *(.debug_weaknames)

.debug_funcnames
 *(.debug_funcnames)

.debug_typenames
 *(.debug_typenames)

.debug_varnames
 *(.debug_varnames)

.debug_pubtypes
 *(.debug_pubtypes)

.debug_ranges   0x00000000      0x258
 *(.debug_ranges)
 .debug_ranges  0x00000000       0x10 c:/program files/microchip/xc32/v2.50/bin/bin/../../lib/gcc/pic32mx/4.8.3/../../../../pic32mx/lib\software-debug-break.o
 .debug_ranges  0x00000010       0x18 build/default/debug/FreeRTOS/TCPIP/FreeRTOS_DNS.o
 .debug_ranges  0x00000028       0x18 build/default/debug/LAN9250.o
 .debug_ranges  0x00000040       0x38 C:\Users\Thorb\AppData\Local\Temp\ccn5qpOr.o
 .debug_ranges  0x00000078       0x98 c:/program files/microchip/xc32/v2.50/bin/bin/../../lib/gcc/pic32mx/4.8.3\libgcc.a(_udivdi3.o)
 .debug_ranges  0x00000110       0x10 c:/program files/microchip/xc32/v2.50/bin/bin/../../lib/gcc/pic32mx/4.8.3/../../../../pic32mx/lib\libpic32.a(default-bootstrap-exception-handler.o)
 .debug_ranges  0x00000120       0x10 c:/program files/microchip/xc32/v2.50/bin/bin/../../lib/gcc/pic32mx/4.8.3/../../../../pic32mx/lib\libpic32.a(default-on-reset.o)
 .debug_ranges  0x00000130       0x10 c:/program files/microchip/xc32/v2.50/bin/bin/../../lib/gcc/pic32mx/4.8.3/../../../../pic32mx/lib\libpic32.a(default-on-bootstrap.o)
 .debug_ranges  0x00000140       0x10 c:/program files/microchip/xc32/v2.50/bin/bin/../../lib/gcc/pic32mx/4.8.3/../../../../pic32mx/lib\libpic32.a(defaultinterrupt.o)
 .debug_ranges  0x00000150       0xd8 c:/program files/microchip/xc32/v2.50/bin/bin/../../lib/gcc/pic32mx/4.8.3\libgcc.a(_umoddi3.o)
 .debug_ranges  0x00000228       0x10 c:/program files/microchip/xc32/v2.50/bin/bin/../../lib/gcc/pic32mx/4.8.3/../../../../pic32mx/lib\libpic32.a(_mon_getc.o)
 .debug_ranges  0x00000238       0x10 c:/program files/microchip/xc32/v2.50/bin/bin/../../lib/gcc/pic32mx/4.8.3/../../../../pic32mx/lib\libpic32.a(_mon_write.o)
 .debug_ranges  0x00000248       0x10 c:/program files/microchip/xc32/v2.50/bin/bin/../../lib/gcc/pic32mx/4.8.3/../../../../pic32mx/lib\libpic32.a(_mon_putc.o)

.gnu.attributes
                0x00000000       0x10
 *(.gnu.attributes)
 .gnu.attributes
                0x00000000       0x10 c:/program files/microchip/xc32/v2.50/bin/bin/../../lib/gcc/pic32mx/4.8.3/../../../../pic32mx/lib\software-debug-break.o
 .gnu.attributes
                0x00000010       0x10 build/default/debug/FreeRTOS/Core/event_groups.o
 .gnu.attributes
                0x00000020       0x10 build/default/debug/FreeRTOS/Core/list.o
 .gnu.attributes
                0x00000030       0x10 build/default/debug/FreeRTOS/Core/queue.o
 .gnu.attributes
                0x00000040       0x10 build/default/debug/FreeRTOS/Core/stream_buffer.o
 .gnu.attributes
                0x00000050       0x10 build/default/debug/FreeRTOS/Core/tasks.o
 .gnu.attributes
                0x00000060       0x10 build/default/debug/FreeRTOS/Core/timers.o
 .gnu.attributes
                0x00000070       0x10 build/default/debug/FreeRTOS/Core/portable/MemMang/heap_4.o
 .gnu.attributes
                0x00000080       0x10 build/default/debug/FreeRTOS/Core/portable/MPLAB/PIC32MX/port.o
 .gnu.attributes
                0x00000090       0x10 build/default/debug/FreeRTOS/TCPIP/FreeRTOS_ARP.o
 .gnu.attributes
                0x000000a0       0x10 build/default/debug/FreeRTOS/TCPIP/FreeRTOS_DHCP.o
 .gnu.attributes
                0x000000b0       0x10 build/default/debug/FreeRTOS/TCPIP/FreeRTOS_DNS.o
 .gnu.attributes
                0x000000c0       0x10 build/default/debug/FreeRTOS/TCPIP/FreeRTOS_IP.o
 .gnu.attributes
                0x000000d0       0x10 build/default/debug/FreeRTOS/TCPIP/FreeRTOS_Sockets.o
 .gnu.attributes
                0x000000e0       0x10 build/default/debug/FreeRTOS/TCPIP/FreeRTOS_Stream_Buffer.o
 .gnu.attributes
                0x000000f0       0x10 build/default/debug/FreeRTOS/TCPIP/FreeRTOS_TCP_IP.o
 .gnu.attributes
                0x00000100       0x10 build/default/debug/FreeRTOS/TCPIP/FreeRTOS_TCP_WIN.o
 .gnu.attributes
                0x00000110       0x10 build/default/debug/FreeRTOS/TCPIP/FreeRTOS_UDP_IP.o
 .gnu.attributes
                0x00000120       0x10 build/default/debug/FreeRTOS/TCPIP/portable/BufferManagement/BufferAllocation_2.o
 .gnu.attributes
                0x00000130       0x10 build/default/debug/ConfigPerformance.o
 .gnu.attributes
                0x00000140       0x10 build/default/debug/LAN9250.o
 .gnu.attributes
                0x00000150       0x10 build/default/debug/NetworkInterface_LAN9250.o
 .gnu.attributes
                0x00000160       0x10 build/default/debug/SPI.o
 .gnu.attributes
                0x00000170       0x10 build/default/debug/UART.o
 .gnu.attributes
                0x00000180       0x10 build/default/debug/main.o
 .gnu.attributes
                0x00000190       0x10 build/default/debug/main_blinky.o
 .gnu.attributes
                0x000001a0       0x10 build/default/debug/LED.o
 .gnu.attributes
                0x000001b0       0x10 build/default/debug/FiberComms.o
 .gnu.attributes
                0x000001c0       0x10 build/default/debug/min.o
 .gnu.attributes
                0x000001d0       0x10 c:/program files/microchip/xc32/v2.50/bin/bin/../../lib/gcc/pic32mx/4.8.3\libgcc.a(_udivdi3.o)
 .gnu.attributes
                0x000001e0       0x10 c:/program files/microchip/xc32/v2.50/bin/bin/../../lib/gcc/pic32mx/4.8.3/../../../../pic32mx/lib\libpic32.a(default-bootstrap-exception-handler.o)
 .gnu.attributes
                0x000001f0       0x10 c:/program files/microchip/xc32/v2.50/bin/bin/../../lib/gcc/pic32mx/4.8.3/../../../../pic32mx/lib\libpic32.a(default-on-reset.o)
 .gnu.attributes
                0x00000200       0x10 c:/program files/microchip/xc32/v2.50/bin/bin/../../lib/gcc/pic32mx/4.8.3/../../../../pic32mx/lib\libpic32.a(default-on-bootstrap.o)
 .gnu.attributes
                0x00000210       0x10 c:/program files/microchip/xc32/v2.50/bin/bin/../../lib/gcc/pic32mx/4.8.3/../../../../pic32mx/lib\libpic32.a(defaultinterrupt.o)
 .gnu.attributes
                0x00000220       0x10 c:/program files/microchip/xc32/v2.50/bin/bin/../../lib/gcc/pic32mx/4.8.3/../../../../pic32mx/lib\liblega-c.a(memmove.o)
 .gnu.attributes
                0x00000230       0x10 c:/program files/microchip/xc32/v2.50/bin/bin/../../lib/gcc/pic32mx/4.8.3/../../../../pic32mx/lib\liblega-c.a(rand.o)
 .gnu.attributes
                0x00000240       0x10 c:/program files/microchip/xc32/v2.50/bin/bin/../../lib/gcc/pic32mx/4.8.3/../../../../pic32mx/lib\liblega-c.a(snprintf_cdnopsuxX.eo)
 .gnu.attributes
                0x00000250       0x10 c:/program files/microchip/xc32/v2.50/bin/bin/../../lib/gcc/pic32mx/4.8.3/../../../../pic32mx/lib\liblega-c.a(stubs.o)
 .gnu.attributes
                0x00000260       0x10 c:/program files/microchip/xc32/v2.50/bin/bin/../../lib/gcc/pic32mx/4.8.3/../../../../pic32mx/lib\liblega-c.a(_doprnt_cdnopsuxX.eo)
 .gnu.attributes
                0x00000270       0x10 c:/program files/microchip/xc32/v2.50/bin/bin/../../lib/gcc/pic32mx/4.8.3/../../../../pic32mx/lib\liblega-c.a(_iobdata.o)
 .gnu.attributes
                0x00000280       0x10 c:/program files/microchip/xc32/v2.50/bin/bin/../../lib/gcc/pic32mx/4.8.3/../../../../pic32mx/lib\liblega-c.a(_iobfuncs.o)
 .gnu.attributes
                0x00000290       0x10 c:/program files/microchip/xc32/v2.50/bin/bin/../../lib/gcc/pic32mx/4.8.3/../../../../pic32mx/lib\liblega-c.a(_iobstring.o)
 .gnu.attributes
                0x000002a0       0x10 c:/program files/microchip/xc32/v2.50/bin/bin/../../lib/gcc/pic32mx/4.8.3/../../../../pic32mx/lib\liblega-c.a(fputc.o)
 .gnu.attributes
                0x000002b0       0x10 c:/program files/microchip/xc32/v2.50/bin/bin/../../lib/gcc/pic32mx/4.8.3/../../../../pic32mx/lib\liblega-c.a(errno.o)
 .gnu.attributes
                0x000002c0       0x10 c:/program files/microchip/xc32/v2.50/bin/bin/../../lib/gcc/pic32mx/4.8.3\libgcc.a(_umoddi3.o)
 .gnu.attributes
                0x000002d0       0x10 c:/program files/microchip/xc32/v2.50/bin/bin/../../lib/gcc/pic32mx/4.8.3/../../../../pic32mx/lib\libpic32.a(_mon_getc.o)
 .gnu.attributes
                0x000002e0       0x10 c:/program files/microchip/xc32/v2.50/bin/bin/../../lib/gcc/pic32mx/4.8.3/../../../../pic32mx/lib\libpic32.a(_mon_write.o)
 .gnu.attributes
                0x000002f0       0x10 c:/program files/microchip/xc32/v2.50/bin/bin/../../lib/gcc/pic32mx/4.8.3/../../../../pic32mx/lib\libpic32.a(xc32_uart.o)
 .gnu.attributes
                0x00000300       0x10 c:/program files/microchip/xc32/v2.50/bin/bin/../../lib/gcc/pic32mx/4.8.3/../../../../pic32mx/lib\libpic32.a(_mon_putc.o)
LOAD c:/program files/microchip/xc32/v2.50/bin/bin/../../lib/gcc/pic32mx/4.8.3\libgcc.a
START GROUP
LOAD c:/program files/microchip/xc32/v2.50/bin/bin/../../lib/gcc/pic32mx/4.8.3/../../../../pic32mx/lib\libpic32.a
LOAD c:/program files/microchip/xc32/v2.50/bin/bin/../../lib/gcc/pic32mx/4.8.3/../../../../pic32mx/lib\libdebug.a
LOAD c:/program files/microchip/xc32/v2.50/bin/bin/../../lib/gcc/pic32mx/4.8.3/../../../../pic32mx/lib\libpic32.a
LOAD c:/program files/microchip/xc32/v2.50/bin/bin/../../lib/gcc/pic32mx/4.8.3/../../../../pic32mx/lib\liblega-c.a
LOAD c:/program files/microchip/xc32/v2.50/bin/bin/../../lib/gcc/pic32mx/4.8.3/../../../../pic32mx/lib\libm.a
LOAD c:/program files/microchip/xc32/v2.50/bin/bin/../../lib/gcc/pic32mx/4.8.3/../../../../pic32mx/lib\libe.a
LOAD c:/program files/microchip/xc32/v2.50/bin/bin/../../lib/gcc/pic32mx/4.8.3/../../../../pic32mx/lib\libdsp.a
LOAD c:/program files/microchip/xc32/v2.50/bin/bin/../../lib/gcc/pic32mx/4.8.3\libgcc.a
LOAD c:/program files/microchip/xc32/v2.50/bin/bin/../../lib/gcc/pic32mx/4.8.3/../../../../pic32mx/lib\libpic32.a
END GROUP
LOAD c:/program files/microchip/xc32/v2.50/bin/bin/../../lib/gcc/pic32mx/4.8.3\libgcc.a
OUTPUT(dist/default/debug/UD3_Fibernet.X.debug.elf elf32-tradlittlemips)
LOAD stack
LOAD data_init

.reginfo        0x00000000       0x18
 .reginfo       0x00000000       0x18 c:/program files/microchip/xc32/v2.50/bin/bin/../../lib/gcc/pic32mx/4.8.3/../../../../pic32mx/lib\software-debug-break.o

.stack          0xa000ead0      0x400
 .stack         0xa000ead0      0x400 stack

.bss            0xa0000420     0xdf5c
 .bss           0xa0000420     0xd6d8 build/default/debug/FreeRTOS/Core/portable/MemMang/heap_4.o
 .bss           0xa000daf8      0x884 build/default/debug/FreeRTOS/TCPIP/portable/BufferManagement/BufferAllocation_2.o

.bss            0xa000e380      0x3e8
 .bss           0xa000e380      0x3e8 build/default/debug/FreeRTOS/Core/portable/MPLAB/PIC32MX/port.o
                0xa000e380                xISRStack

.data           0xa000e768       0xd4
 .data          0xa000e768       0xd4 c:/program files/microchip/xc32/v2.50/bin/bin/../../lib/gcc/pic32mx/4.8.3/../../../../pic32mx/lib\liblega-c.a(_iobdata.o)

.bss            0xa000e83c       0xf8
 .bss           0xa000e83c       0x88 c:/program files/microchip/xc32/v2.50/bin/bin/../../lib/gcc/pic32mx/4.8.3/../../../../pic32mx/lib\liblega-c.a(_iobdata.o)