
Optional file libmchp_peripheral.a not found

Optional file libmchp_peripheral_32MX270F256B.a not found
Archive member included because of file (symbol)

c:/program files/microchip/xc32/v2.50/bin/bin/../../lib/gcc/pic32mx/4.8.3\libgcc.a(_udivdi3.o)
                              build/default/production/UART.o (__udivdi3)
c:/program files/microchip/xc32/v2.50/bin/bin/../../lib/gcc/pic32mx/4.8.3/../../../../pic32mx/lib\libpic32.a(memcmp.o)
                              build/default/production/FreeRTOS/TCPIP/FreeRTOS_ARP.o (memcmp)
c:/program files/microchip/xc32/v2.50/bin/bin/../../lib/gcc/pic32mx/4.8.3/../../../../pic32mx/lib\libpic32.a(memcpy.o)
                              build/default/production/FreeRTOS/Core/queue.o (memcpy)
c:/program files/microchip/xc32/v2.50/bin/bin/../../lib/gcc/pic32mx/4.8.3/../../../../pic32mx/lib\libpic32.a(memset.o)
                              build/default/production/FreeRTOS/Core/stream_buffer.o (memset)
c:/program files/microchip/xc32/v2.50/bin/bin/../../lib/gcc/pic32mx/4.8.3/../../../../pic32mx/lib\libpic32.a(strcmp.o)
                              build/default/production/FreeRTOS/TCPIP/FreeRTOS_DNS.o (strcmp)
c:/program files/microchip/xc32/v2.50/bin/bin/../../lib/gcc/pic32mx/4.8.3/../../../../pic32mx/lib\libpic32.a(strcpy.o)
                              build/default/production/FreeRTOS/Core/tasks.o (strcpy)
c:/program files/microchip/xc32/v2.50/bin/bin/../../lib/gcc/pic32mx/4.8.3/../../../../pic32mx/lib\libpic32.a(strlen.o)
                              build/default/production/FreeRTOS/Core/tasks.o (strlen)
c:/program files/microchip/xc32/v2.50/bin/bin/../../lib/gcc/pic32mx/4.8.3/../../../../pic32mx/lib\libpic32.a(default-bootstrap-exception-handler.o)
                              C:\Users\Thorb\AppData\Local\Temp\ccwg3Yv6.o (_bootstrap_exception_handler)
c:/program files/microchip/xc32/v2.50/bin/bin/../../lib/gcc/pic32mx/4.8.3/../../../../pic32mx/lib\libpic32.a(default-on-reset.o)
                              C:\Users\Thorb\AppData\Local\Temp\ccwg3Yv6.o (_on_reset)
c:/program files/microchip/xc32/v2.50/bin/bin/../../lib/gcc/pic32mx/4.8.3/../../../../pic32mx/lib\libpic32.a(default-on-bootstrap.o)
                              C:\Users\Thorb\AppData\Local\Temp\ccwg3Yv6.o (_on_bootstrap)
c:/program files/microchip/xc32/v2.50/bin/bin/../../lib/gcc/pic32mx/4.8.3/../../../../pic32mx/lib\libpic32.a(default-nmi-handler.o)
                              C:\Users\Thorb\AppData\Local\Temp\ccwg3Yv6.o (_nmi_handler)
c:/program files/microchip/xc32/v2.50/bin/bin/../../lib/gcc/pic32mx/4.8.3/../../../../pic32mx/lib\libpic32.a(pic32_data_init.o)
                              C:\Users\Thorb\AppData\Local\Temp\ccwg3Yv6.o (__pic32_data_init)
c:/program files/microchip/xc32/v2.50/bin/bin/../../lib/gcc/pic32mx/4.8.3/../../../../pic32mx/lib\libpic32.a(general-exception.o)
                              C:\Users\Thorb\AppData\Local\Temp\ccwg3Yv6.o (_general_exception_context)
c:/program files/microchip/xc32/v2.50/bin/bin/../../lib/gcc/pic32mx/4.8.3/../../../../pic32mx/lib\libpic32.a(vector0.o)
                              C:\Users\Thorb\AppData\Local\Temp\cceAnxCI.o (__vector_dispatch_0)
c:/program files/microchip/xc32/v2.50/bin/bin/../../lib/gcc/pic32mx/4.8.3/../../../../pic32mx/lib\libpic32.a(vector2.o)
                              C:\Users\Thorb\AppData\Local\Temp\cceAnxCI.o (__vector_dispatch_2)
c:/program files/microchip/xc32/v2.50/bin/bin/../../lib/gcc/pic32mx/4.8.3/../../../../pic32mx/lib\libpic32.a(vector3.o)
                              C:\Users\Thorb\AppData\Local\Temp\cceAnxCI.o (__vector_dispatch_3)
c:/program files/microchip/xc32/v2.50/bin/bin/../../lib/gcc/pic32mx/4.8.3/../../../../pic32mx/lib\libpic32.a(vector5.o)
                              C:\Users\Thorb\AppData\Local\Temp\cceAnxCI.o (__vector_dispatch_5)
c:/program files/microchip/xc32/v2.50/bin/bin/../../lib/gcc/pic32mx/4.8.3/../../../../pic32mx/lib\libpic32.a(vector6.o)
                              C:\Users\Thorb\AppData\Local\Temp\cceAnxCI.o (__vector_dispatch_6)
c:/program files/microchip/xc32/v2.50/bin/bin/../../lib/gcc/pic32mx/4.8.3/../../../../pic32mx/lib\libpic32.a(vector7.o)
                              C:\Users\Thorb\AppData\Local\Temp\cceAnxCI.o (__vector_dispatch_7)
c:/program files/microchip/xc32/v2.50/bin/bin/../../lib/gcc/pic32mx/4.8.3/../../../../pic32mx/lib\libpic32.a(vector8.o)
                              C:\Users\Thorb\AppData\Local\Temp\cceAnxCI.o (__vector_dispatch_8)
c:/program files/microchip/xc32/v2.50/bin/bin/../../lib/gcc/pic32mx/4.8.3/../../../../pic32mx/lib\libpic32.a(vector9.o)
                              C:\Users\Thorb\AppData\Local\Temp\cceAnxCI.o (__vector_dispatch_9)
c:/program files/microchip/xc32/v2.50/bin/bin/../../lib/gcc/pic32mx/4.8.3/../../../../pic32mx/lib\libpic32.a(vector10.o)
                              C:\Users\Thorb\AppData\Local\Temp\cceAnxCI.o (__vector_dispatch_10)
[...]
Memory Configuration

Name             Origin             Length             Attributes
kseg0_program_mem 0x9d000000         0x0003f000         xr
exception_mem    0x9d03f000         0x00001000
debug_exec_mem   0x9fc00490         0x00000760
kseg0_boot_mem   0x9fc00490         0x00000000
kseg1_boot_mem   0xbfc00000         0x00000490
config3          0xbfc00bf0         0x00000004
config2          0xbfc00bf4         0x00000004
config1          0xbfc00bf8         0x00000004
config0          0xbfc00bfc         0x00000004
kseg1_data_mem   0xa0000000         0x00010000         w !x
sfrs             0xbf800000         0x00100000
configsfrs       0xbfc00bf0         0x00000010
*default*        0x00000000         0xffffffff

Linker script and memory map

LOAD c:/program files/microchip/xc32/v2.50/bin/bin/../../lib/gcc/pic32mx/4.8.3/../../../../pic32mx/lib\debug-exception-return.o
LOAD build/default/production/FreeRTOS/Core/event_groups.o
LOAD build/default/production/FreeRTOS/Core/list.o
LOAD build/default/production/FreeRTOS/Core/queue.o
LOAD build/default/production/FreeRTOS/Core/stream_buffer.o
LOAD build/default/production/FreeRTOS/Core/tasks.o
LOAD build/default/production/FreeRTOS/Core/timers.o
LOAD build/default/production/FreeRTOS/Core/portable/MemMang/heap_4.o
LOAD build/default/production/FreeRTOS/Core/portable/MPLAB/PIC32MX/port.o
LOAD build/default/production/FreeRTOS/Core/portable/MPLAB/PIC32MX/port_asm.o
LOAD build/default/production/FreeRTOS/TCPIP/FreeRTOS_ARP.o
LOAD build/default/production/FreeRTOS/TCPIP/FreeRTOS_DHCP.o
LOAD build/default/production/FreeRTOS/TCPIP/FreeRTOS_DNS.o
LOAD build/default/production/FreeRTOS/TCPIP/FreeRTOS_IP.o
LOAD build/default/production/FreeRTOS/TCPIP/FreeRTOS_Sockets.o
LOAD build/default/production/FreeRTOS/TCPIP/FreeRTOS_Stream_Buffer.o
LOAD build/default/production/FreeRTOS/TCPIP/FreeRTOS_TCP_IP.o
LOAD build/default/production/FreeRTOS/TCPIP/FreeRTOS_TCP_WIN.o
LOAD build/default/production/FreeRTOS/TCPIP/FreeRTOS_UDP_IP.o
LOAD build/default/production/FreeRTOS/TCPIP/portable/BufferManagement/BufferAllocation_2.o
LOAD build/default/production/ConfigPerformance.o
LOAD build/default/production/LAN9250.o
LOAD build/default/production/NetworkInterface_LAN9250.o
LOAD build/default/production/SPI.o
LOAD build/default/production/UART.o
LOAD build/default/production/main.o
LOAD build/default/production/LED.o
LOAD build/default/production/FiberComms.o
LOAD build/default/production/min.o
LOAD build/default/production/System.o
                0x00000001                __MPLAB_BUILD = 0x1
LOAD C:\Users\Thorb\AppData\Local\Temp\ccwg3Yv6.o
LOAD C:\Users\Thorb\AppData\Local\Temp\cc5YJXiQ.o
LOAD C:\Users\Thorb\AppData\Local\Temp\cceAnxCI.o
LOAD c:/program files/microchip/xc32/v2.50/bin/bin/../../lib/gcc/pic32mx/4.8.3/../../../../pic32mx/lib\pic32_software_reset.o
                0x00000400                PROVIDE (_min_stack_size, 0x400)
START GROUP
LOAD c:/program files/microchip/xc32/v2.50/bin/bin/../../lib/gcc/pic32mx/4.8.3/../../../../pic32mx/lib/./proc/32MX270F256B\processor.o
END GROUP
START GROUP
LOAD libmchp_peripheral.a
END GROUP
START GROUP
LOAD libmchp_peripheral_32MX270F256B.a
END GROUP
                0x00000001                PROVIDE (_vector_spacing, 0x1)
                0x9d03f000                PROVIDE (_ebase_address, 0x9d03f000)
                0xbfc00000                _RESET_ADDR = 0xbfc00000
                0xbfc00380                _BEV_EXCPT_ADDR = 0xbfc00380
                0xbfc00480                _DBG_EXCPT_ADDR = 0xbfc00480
                0x9fc00490                _DBG_CODE_ADDR = 0x9fc00490
                0x00000760                _DBG_CODE_SIZE = 0x760
                0x9d03f180                _GEN_EXCPT_ADDR = (_ebase_address + 0x180)

.config_BFC00BF0
                0xbfc00bf0        0x4
 *(.config_BFC00BF0)
 .config_BFC00BF0
                0xbfc00bf0        0x4 build/default/production/main.o

.config_BFC00BF4
                0xbfc00bf4        0x4
 *(.config_BFC00BF4)
 .config_BFC00BF4
                0xbfc00bf4        0x4 build/default/production/main.o

.config_BFC00BF8
                0xbfc00bf8        0x4
 *(.config_BFC00BF8)
 .config_BFC00BF8
                0xbfc00bf8        0x4 build/default/production/main.o

.config_BFC00BFC
                0xbfc00bfc        0x4
 *(.config_BFC00BFC)
 .config_BFC00BFC
                0xbfc00bfc        0x4 build/default/production/main.o
                0xbfc02000                PROVIDE (_DBG_CODE_ADDR, 0xbfc02000)
                0x00000ff0                PROVIDE (_DBG_CODE_SIZE, 0xff0)

.reset          0xbfc00000      0x178
 *(.reset)
 .reset         0xbfc00000        0x8 C:\Users\Thorb\AppData\Local\Temp\ccwg3Yv6.o
                0xbfc00000                _reset
 *(.reset.startup)
 .reset.startup
                0xbfc00008      0x170 C:\Users\Thorb\AppData\Local\Temp\ccwg3Yv6.o
                0xbfc00008                _startup

.bev_excpt      0xbfc00380       0x10
 *(.bev_handler)
 .bev_handler   0xbfc00380       0x10 C:\Users\Thorb\AppData\Local\Temp\ccwg3Yv6.o

.dbg_excpt      0xbfc00480        0x0
                0xbfc00480                . = (. + DEFINED (_DEBUGGER)?0x8:0x0)

.dbg_code       0x9fc00490        0x0
                0x9fc00490                . = (. + DEFINED (_DEBUGGER)?_DBG_CODE_SIZE:0x0)

.app_excpt      0x9d03f180       0x10
 *(.gen_handler)
 .gen_handler   0x9d03f180       0x10 C:\Users\Thorb\AppData\Local\Temp\ccwg3Yv6.o

.vector_0       0x9d03f200        0x8
 *(.vector_0)
 .vector_0      0x9d03f200        0x8 c:/program files/microchip/xc32/v2.50/bin/bin/../../lib/gcc/pic32mx/4.8.3/../../../../pic32mx/lib\libpic32.a(vector0.o)
                0x9d03f200                __vector_dispatch_0
                0x00000001                ASSERT (((_vector_spacing == 0x0) || (SIZEOF (.vector_0) <= (_vector_spacing << 0x5))), function at exception vector 0 too large)

.vector_1       0x9d03f220        0x8
 *(.vector_1)
 .vector_1      0x9d03f220        0x8 build/default/production/FreeRTOS/Core/portable/MPLAB/PIC32MX/port.o
                0x9d03f220                __vector_dispatch_1
                0x00000001                ASSERT (((_vector_spacing == 0x0) || (SIZEOF (.vector_1) <= (_vector_spacing << 0x5))), function at exception vector 1 too large)

.vector_2       0x9d03f240        0x8
 *(.vector_2)
 .vector_2      0x9d03f240        0x8 c:/program files/microchip/xc32/v2.50/bin/bin/../../lib/gcc/pic32mx/4.8.3/../../../../pic32mx/lib\libpic32.a(vector2.o)
                0x9d03f240                __vector_dispatch_2
                0x00000001                ASSERT (((_vector_spacing == 0x0) || (SIZEOF (.vector_2) <= (_vector_spacing << 0x5))), function at exception vector 2 too large)

.vector_3       0x9d03f260        0x8
 *(.vector_3)
 .vector_3      0x9d03f260        0x8 c:/program files/microchip/xc32/v2.50/bin/bin/../../lib/gcc/pic32mx/4.8.3/../../../../pic32mx/lib\libpic32.a(vector3.o)
                0x9d03f260                __vector_dispatch_3
                0x00000001                ASSERT (((_vector_spacing == 0x0) || (SIZEOF (.vector_3) <= (_vector_spacing << 0x5))), function at exception vector 3 too large)

.vector_4       0x9d03f280        0x8
 *(.vector_4)
 .vector_4      0x9d03f280        0x8 build/default/production/FreeRTOS/Core/portable/MPLAB/PIC32MX/port.o
                0x9d03f280                __vector_dispatch_4
                0x00000001                ASSERT (((_vector_spacing == 0x0) || (SIZEOF (.vector_4) <= (_vector_spacing << 0x5))), function at exception vector 4 too large)

.vector_5       0x9d03f2a0        0x8
 *(.vector_5)
 .vector_5      0x9d03f2a0        0x8 c:/program files/microchip/xc32/v2.50/bin/bin/../../lib/gcc/pic32mx/4.8.3/../../../../pic32mx/lib\libpic32.a(vector5.o)
                0x9d03f2a0                __vector_dispatch_5
                0x00000001                ASSERT (((_vector_spacing == 0x0) || (SIZEOF (.vector_5) <= (_vector_spacing << 0x5))), function at exception vector 5 too large)

.vector_6       0x9d03f2c0        0x8
 *(.vector_6)
 .vector_6      0x9d03f2c0        0x8 c:/program files/microchip/xc32/v2.50/bin/bin/../../lib/gcc/pic32mx/4.8.3/../../../../pic32mx/lib\libpic32.a(vector6.o)
                0x9d03f2c0                __vector_dispatch_6
                0x00000001                ASSERT (((_vector_spacing == 0x0) || (SIZEOF (.vector_6) <= (_vector_spacing << 0x5))), function at exception vector 6 too large)

.vector_7       0x9d03f2e0        0x8
 *(.vector_7)
 .vector_7      0x9d03f2e0        0x8 c:/program files/microchip/xc32/v2.50/bin/bin/../../lib/gcc/pic32mx/4.8.3/../../../../pic32mx/lib\libpic32.a(vector7.o)
                0x9d03f2e0                __vector_dispatch_7
                0x00000001                ASSERT (((_vector_spacing == 0x0) || (SIZEOF (.vector_7) <= (_vector_spacing << 0x5))), function at exception vector 7 too large)

.vector_8       0x9d03f300        0x8
 *(.vector_8)
 .vector_8      0x9d03f300        0x8 c:/program files/microchip/xc32/v2.50/bin/bin/../../lib/gcc/pic32mx/4.8.3/../../../../pic32mx/lib\libpic32.a(vector8.o)
                0x9d03f300                __vector_dispatch_8
                0x00000001                ASSERT (((_vector_spacing == 0x0) || (SIZEOF (.vector_8) <= (_vector_spacing << 0x5))), function at exception vector 8 too large)

.vector_9       0x9d03f320        0x8
 *(.vector_9)
 .vector_9      0x9d03f320        0x8 c:/program files/microchip/xc32/v2.50/bin/bin/../../lib/gcc/pic32mx/4.8.3/../../../../pic32mx/lib\libpic32.a(vector9.o)
                0x9d03f320                __vector_dispatch_9
                0x00000001                ASSERT (((_vector_spacing == 0x0) || (SIZEOF (.vector_9) <= (_vector_spacing << 0x5))), function at exception vector 9 too large)

.vector_10      0x9d03f340        0x8
 *(.vector_10)
 .vector_10     0x9d03f340        0x8 c:/program files/microchip/xc32/v2.50/bin/bin/../../lib/gcc/pic32mx/4.8.3/../../../../pic32mx/lib\libpic32.a(vector10.o)
                0x9d03f340                __vector_dispatch_10
                0x00000001                ASSERT (((_vector_spacing == 0x0) || (SIZEOF (.vector_10) <= (_vector_spacing << 0x5))), function at exception vector 10 too large)

.vector_11      0x9d03f360        0x8
 *(.vector_11)
 .vector_11     0x9d03f360        0x8 c:/program files/microchip/xc32/v2.50/bin/bin/../../lib/gcc/pic32mx/4.8.3/../../../../pic32mx/lib\libpic32.a(vector11.o)
                0x9d03f360                __vector_dispatch_11
                0x00000001                ASSERT (((_vector_spacing == 0x0) || (SIZEOF (.vector_11) <= (_vector_spacing << 0x5))), function at exception vector 11 too large)

.vector_12      0x9d03f380        0x8
 *(.vector_12)
 .vector_12     0x9d03f380        0x8 c:/program files/microchip/xc32/v2.50/bin/bin/../../lib/gcc/pic32mx/4.8.3/../../../../pic32mx/lib\libpic32.a(vector12.o)
                0x9d03f380                __vector_dispatch_12
                0x00000001                ASSERT (((_vector_spacing == 0x0) || (SIZEOF (.vector_12) <= (_vector_spacing << 0x5))), function at exception vector 12 too large)

.vector_13      0x9d03f3a0        0x8
 *(.vector_13)
 .vector_13     0x9d03f3a0        0x8 c:/program files/microchip/xc32/v2.50/bin/bin/../../lib/gcc/pic32mx/4.8.3/../../../../pic32mx/lib\libpic32.a(vector13.o)
                0x9d03f3a0                __vector_dispatch_13
                0x00000001                ASSERT (((_vector_spacing == 0x0) || (SIZEOF (.vector_13) <= (_vector_spacing << 0x5))), function at exception vector 13 too large)

.vector_14      0x9d03f3c0        0x8
 *(.vector_14)
 .vector_14     0x9d03f3c0        0x8 c:/program files/microchip/xc32/v2.50/bin/bin/../../lib/gcc/pic32mx/4.8.3/../../../../pic32mx/lib\libpic32.a(vector14.o)
                0x9d03f3c0                __vector_dispatch_14
                0x00000001                ASSERT (((_vector_spacing == 0x0) || (SIZEOF (.vector_14) <= (_vector_spacing << 0x5))), function at exception vector 14 too large)

.vector_15      0x9d03f3e0        0x8
 *(.vector_15)
 .vector_15     0x9d03f3e0        0x8 c:/program files/microchip/xc32/v2.50/bin/bin/../../lib/gcc/pic32mx/4.8.3/../../../../pic32mx/lib\libpic32.a(vector15.o)
                0x9d03f3e0                __vector_dispatch_15
                0x00000001                ASSERT (((_vector_spacing == 0x0) || (SIZEOF (.vector_15) <= (_vector_spacing << 0x5))), function at exception vector 15 too large)

.vector_16      0x9d03f400        0x8
 *(.vector_16)
 .vector_16     0x9d03f400        0x8 c:/program files/microchip/xc32/v2.50/bin/bin/../../lib/gcc/pic32mx/4.8.3/../../../../pic32mx/lib\libpic32.a(vector16.o)
                0x9d03f400                __vector_dispatch_16
                0x00000001                ASSERT (((_vector_spacing == 0x0) || (SIZEOF (.vector_16) <= (_vector_spacing << 0x5))), function at exception vector 16 too large)

.vector_17      0x9d03f420        0x8
 *(.vector_17)
 .vector_17     0x9d03f420        0x8 c:/program files/microchip/xc32/v2.50/bin/bin/../../lib/gcc/pic32mx/4.8.3/../../../../pic32mx/lib\libpic32.a(vector17.o)
                0x9d03f420                __vector_dispatch_17
                0x00000001                ASSERT (((_vector_spacing == 0x0) || (SIZEOF (.vector_17) <= (_vector_spacing << 0x5))), function at exception vector 17 too large)

.vector_18      0x9d03f440        0x8
 *(.vector_18)
 .vector_18     0x9d03f440        0x8 c:/program files/microchip/xc32/v2.50/bin/bin/../../lib/gcc/pic32mx/4.8.3/../../../../pic32mx/lib\libpic32.a(vector18.o)
                0x9d03f440                __vector_dispatch_18
                0x00000001                ASSERT (((_vector_spacing == 0x0) || (SIZEOF (.vector_18) <= (_vector_spacing << 0x5))), function at exception vector 18 too large)

.vector_19      0x9d03f460        0x8
 *(.vector_19)
 .vector_19     0x9d03f460        0x8 c:/program files/microchip/xc32/v2.50/bin/bin/../../lib/gcc/pic32mx/4.8.3/../../../../pic32mx/lib\libpic32.a(vector19.o)
                0x9d03f460                __vector_dispatch_19
                0x00000001                ASSERT (((_vector_spacing == 0x0) || (SIZEOF (.vector_19) <= (_vector_spacing << 0x5))), function at exception vector 19 too large)

.vector_20      0x9d03f480        0x8
 *(.vector_20)
 .vector_20     0x9d03f480        0x8 c:/program files/microchip/xc32/v2.50/bin/bin/../../lib/gcc/pic32mx/4.8.3/../../../../pic32mx/lib\libpic32.a(vector20.o)
                0x9d03f480                __vector_dispatch_20
                0x00000001                ASSERT (((_vector_spacing == 0x0) || (SIZEOF (.vector_20) <= (_vector_spacing << 0x5))), function at exception vector 20 too large)

.vector_21      0x9d03f4a0        0x8
 *(.vector_21)
 .vector_21     0x9d03f4a0        0x8 c:/program files/microchip/xc32/v2.50/bin/bin/../../lib/gcc/pic32mx/4.8.3/../../../../pic32mx/lib\libpic32.a(vector21.o)
                0x9d03f4a0                __vector_dispatch_21
                0x00000001                ASSERT (((_vector_spacing == 0x0) || (SIZEOF (.vector_21) <= (_vector_spacing << 0x5))), function at exception vector 21 too large)

.vector_22      0x9d03f4c0        0x8
 *(.vector_22)
 .vector_22     0x9d03f4c0        0x8 c:/program files/microchip/xc32/v2.50/bin/bin/../../lib/gcc/pic32mx/4.8.3/../../../../pic32mx/lib\libpic32.a(vector22.o)
                0x9d03f4c0                __vector_dispatch_22
                0x00000001                ASSERT (((_vector_spacing == 0x0) || (SIZEOF (.vector_22) <= (_vector_spacing << 0x5))), function at exception vector 22 too large)

.vector_23      0x9d03f4e0        0x8
 *(.vector_23)
 .vector_23     0x9d03f4e0        0x8 c:/program files/microchip/xc32/v2.50/bin/bin/../../lib/gcc/pic32mx/4.8.3/../../../../pic32mx/lib\libpic32.a(vector23.o)
                0x9d03f4e0                __vector_dispatch_23
                0x00000001                ASSERT (((_vector_spacing == 0x0) || (SIZEOF (.vector_23) <= (_vector_spacing << 0x5))), function at exception vector 23 too large)

.vector_24      0x9d03f500        0x8
 *(.vector_24)
 .vector_24     0x9d03f500        0x8 c:/program files/microchip/xc32/v2.50/bin/bin/../../lib/gcc/pic32mx/4.8.3/../../../../pic32mx/lib\libpic32.a(vector24.o)
                0x9d03f500                __vector_dispatch_24
                0x00000001                ASSERT (((_vector_spacing == 0x0) || (SIZEOF (.vector_24) <= (_vector_spacing << 0x5))), function at exception vector 24 too large)

.vector_25      0x9d03f520        0x8
 *(.vector_25)
 .vector_25     0x9d03f520        0x8 c:/program files/microchip/xc32/v2.50/bin/bin/../../lib/gcc/pic32mx/4.8.3/../../../../pic32mx/lib\libpic32.a(vector25.o)
                0x9d03f520                __vector_dispatch_25
                0x00000001                ASSERT (((_vector_spacing == 0x0) || (SIZEOF (.vector_25) <= (_vector_spacing << 0x5))), function at exception vector 25 too large)

.vector_26      0x9d03f540        0x8
 *(.vector_26)
 .vector_26     0x9d03f540        0x8 c:/program files/microchip/xc32/v2.50/bin/bin/../../lib/gcc/pic32mx/4.8.3/../../../../pic32mx/lib\libpic32.a(vector26.o)
                0x9d03f540                __vector_dispatch_26
                0x00000001                ASSERT (((_vector_spacing == 0x0) || (SIZEOF (.vector_26) <= (_vector_spacing << 0x5))), function at exception vector 26 too large)

.vector_27      0x9d03f560        0x8
 *(.vector_27)
 .vector_27     0x9d03f560        0x8 c:/program files/microchip/xc32/v2.50/bin/bin/../../lib/gcc/pic32mx/4.8.3/../../../../pic32mx/lib\libpic32.a(vector27.o)
                0x9d03f560                __vector_dispatch_27
                0x00000001                ASSERT (((_vector_spacing == 0x0) || (SIZEOF (.vector_27) <= (_vector_spacing << 0x5))), function at exception vector 27 too large)

.vector_28      0x9d03f580        0x8
 *(.vector_28)
 .vector_28     0x9d03f580        0x8 c:/program files/microchip/xc32/v2.50/bin/bin/../../lib/gcc/pic32mx/4.8.3/../../../../pic32mx/lib\libpic32.a(vector28.o)
                0x9d03f580                __vector_dispatch_28
                0x00000001                ASSERT (((_vector_spacing == 0x0) || (SIZEOF (.vector_28) <= (_vector_spacing << 0x5))), function at exception vector 28 too large)

.vector_29      0x9d03f5a0        0x8
 *(.vector_29)
 .vector_29     0x9d03f5a0        0x8 c:/program files/microchip/xc32/v2.50/bin/bin/../../lib/gcc/pic32mx/4.8.3/../../../../pic32mx/lib\libpic32.a(vector29.o)
                0x9d03f5a0                __vector_dispatch_29
                0x00000001                ASSERT (((_vector_spacing == 0x0) || (SIZEOF (.vector_29) <= (_vector_spacing << 0x5))), function at exception vector 29 too large)

.vector_30      0x9d03f5c0        0x8
 *(.vector_30)
 .vector_30     0x9d03f5c0        0x8 c:/program files/microchip/xc32/v2.50/bin/bin/../../lib/gcc/pic32mx/4.8.3/../../../../pic32mx/lib\libpic32.a(vector30.o)
                0x9d03f5c0                __vector_dispatch_30
                0x00000001                ASSERT (((_vector_spacing == 0x0) || (SIZEOF (.vector_30) <= (_vector_spacing << 0x5))), function at exception vector 30 too large)

.vector_31      0x9d03f5e0        0x8
 *(.vector_31)
 .vector_31     0x9d03f5e0        0x8 c:/program files/microchip/xc32/v2.50/bin/bin/../../lib/gcc/pic32mx/4.8.3/../../../../pic32mx/lib\libpic32.a(vector31.o)
                0x9d03f5e0                __vector_dispatch_31
                0x00000001                ASSERT (((_vector_spacing == 0x0) || (SIZEOF (.vector_31) <= (_vector_spacing << 0x5))), function at exception vector 31 too large)

.vector_32      0x9d03f600        0x8
 *(.vector_32)
 .vector_32     0x9d03f600        0x8 c:/program files/microchip/xc32/v2.50/bin/bin/../../lib/gcc/pic32mx/4.8.3/../../../../pic32mx/lib\libpic32.a(vector32.o)
                0x9d03f600                __vector_dispatch_32
                0x00000001                ASSERT (((_vector_spacing == 0x0) || (SIZEOF (.vector_32) <= (_vector_spacing << 0x5))), function at exception vector 32 too large)

.vector_33      0x9d03f620        0x8
 *(.vector_33)
 .vector_33     0x9d03f620        0x8 c:/program files/microchip/xc32/v2.50/bin/bin/../../lib/gcc/pic32mx/4.8.3/../../../../pic32mx/lib\libpic32.a(vector33.o)
                0x9d03f620                __vector_dispatch_33
                0x00000001                ASSERT (((_vector_spacing == 0x0) || (SIZEOF (.vector_33) <= (_vector_spacing << 0x5))), function at exception vector 33 too large)

.vector_34      0x9d03f640        0x8
 *(.vector_34)
 .vector_34     0x9d03f640        0x8 c:/program files/microchip/xc32/v2.50/bin/bin/../../lib/gcc/pic32mx/4.8.3/../../../../pic32mx/lib\libpic32.a(vector34.o)
                0x9d03f640                __vector_dispatch_34
                0x00000001                ASSERT (((_vector_spacing == 0x0) || (SIZEOF (.vector_34) <= (_vector_spacing << 0x5))), function at exception vector 34 too large)

.vector_35      0x9d03f660        0x8
 *(.vector_35)
 .vector_35     0x9d03f660        0x8 c:/program files/microchip/xc32/v2.50/bin/bin/../../lib/gcc/pic32mx/4.8.3/../../../../pic32mx/lib\libpic32.a(vector35.o)
                0x9d03f660                __vector_dispatch_35
                0x00000001                ASSERT (((_vector_spacing == 0x0) || (SIZEOF (.vector_35) <= (_vector_spacing << 0x5))), function at exception vector 35 too large)

.vector_36      0x9d03f680        0x8
 *(.vector_36)
 .vector_36     0x9d03f680        0x8 c:/program files/microchip/xc32/v2.50/bin/bin/../../lib/gcc/pic32mx/4.8.3/../../../../pic32mx/lib\libpic32.a(vector36.o)
                0x9d03f680                __vector_dispatch_36
                0x00000001                ASSERT (((_vector_spacing == 0x0) || (SIZEOF (.vector_36) <= (_vector_spacing << 0x5))), function at exception vector 36 too large)

.vector_37      0x9d03f6a0        0x8
 *(.vector_37)
 .vector_37     0x9d03f6a0        0x8 c:/program files/microchip/xc32/v2.50/bin/bin/../../lib/gcc/pic32mx/4.8.3/../../../../pic32mx/lib\libpic32.a(vector37.o)
                0x9d03f6a0                __vector_dispatch_37
                0x00000001                ASSERT (((_vector_spacing == 0x0) || (SIZEOF (.vector_37) <= (_vector_spacing << 0x5))), function at exception vector 37 too large)

.vector_38      0x9d03f6c0        0x8
 *(.vector_38)
 .vector_38     0x9d03f6c0        0x8 c:/program files/microchip/xc32/v2.50/bin/bin/../../lib/gcc/pic32mx/4.8.3/../../../../pic32mx/lib\libpic32.a(vector38.o)
                0x9d03f6c0                __vector_dispatch_38
                0x00000001                ASSERT (((_vector_spacing == 0x0) || (SIZEOF (.vector_38) <= (_vector_spacing << 0x5))), function at exception vector 38 too large)

.vector_39      0x9d03f6e0        0x8
 *(.vector_39)
 .vector_39     0x9d03f6e0        0x8 c:/program files/microchip/xc32/v2.50/bin/bin/../../lib/gcc/pic32mx/4.8.3/../../../../pic32mx/lib\libpic32.a(vector39.o)
                0x9d03f6e0                __vector_dispatch_39
                0x00000001                ASSERT (((_vector_spacing == 0x0) || (SIZEOF (.vector_39) <= (_vector_spacing << 0x5))), function at exception vector 39 too large)

.vector_40      0x9d03f700        0x8
 *(.vector_40)
 .vector_40     0x9d03f700        0x8 build/default/production/LAN9250.o
                0x9d03f700                __vector_dispatch_40
                0x00000001                ASSERT (((_vector_spacing == 0x0) || (SIZEOF (.vector_40) <= (_vector_spacing << 0x5))), function at exception vector 40 too large)

.vector_41      0x9d03f720        0x8
 *(.vector_41)
 .vector_41     0x9d03f720        0x8 build/default/production/LAN9250.o
                0x9d03f720                __vector_dispatch_41
                0x00000001                ASSERT (((_vector_spacing == 0x0) || (SIZEOF (.vector_41) <= (_vector_spacing << 0x5))), function at exception vector 41 too large)

.vector_42      0x9d03f740        0x8
 *(.vector_42)
 .vector_42     0x9d03f740        0x8 build/default/production/UART.o
                0x9d03f740                __vector_dispatch_42
                0x00000001                ASSERT (((_vector_spacing == 0x0) || (SIZEOF (.vector_42) <= (_vector_spacing << 0x5))), function at exception vector 42 too large)

.vector_43      0x9d03f760        0x8
 *(.vector_43)
 .vector_43     0x9d03f760        0x8 c:/program files/microchip/xc32/v2.50/bin/bin/../../lib/gcc/pic32mx/4.8.3/../../../../pic32mx/lib\libpic32.a(vector43.o)
                0x9d03f760                __vector_dispatch_43
                0x00000001                ASSERT (((_vector_spacing == 0x0) || (SIZEOF (.vector_43) <= (_vector_spacing << 0x5))), function at exception vector 43 too large)

.vector_44      0x9d03f780        0x0
 *(.vector_44)
                0x00000001                ASSERT (((_vector_spacing == 0x0) || (SIZEOF (.vector_44) <= (_vector_spacing << 0x5))), function at exception vector 44 too large)

.vector_45      0x9d03f7a0        0x0
 *(.vector_45)
                0x00000001                ASSERT (((_vector_spacing == 0x0) || (SIZEOF (.vector_45) <= (_vector_spacing << 0x5))), function at exception vector 45 too large)

.vector_46      0x9d03f7c0        0x0
 *(.vector_46)
                0x00000001                ASSERT (((_vector_spacing == 0x0) || (SIZEOF (.vector_46) <= (_vector_spacing << 0x5))), function at exception vector 46 too large)

.vector_47      0x9d03f7e0        0x0
 *(.vector_47)
                0x00000001                ASSERT (((_vector_spacing == 0x0) || (SIZEOF (.vector_47) <= (_vector_spacing << 0x5))), function at exception vector 47 too large)

.vector_48      0x9d03f800        0x0
 *(.vector_48)
                0x00000001                ASSERT (((_vector_spacing == 0x0) || (SIZEOF (.vector_48) <= (_vector_spacing << 0x5))), function at exception vector 48 too large)

.vector_49      0x9d03f820        0x0
 *(.vector_49)
                0x00000001                ASSERT (((_vector_spacing == 0x0) || (SIZEOF (.vector_49) <= (_vector_spacing << 0x5))), function at exception vector 49 too large)

.vector_50      0x9d03f840        0x0
 *(.vector_50)
                0x00000001                ASSERT (((_vector_spacing == 0x0) || (SIZEOF (.vector_50) <= (_vector_spacing << 0x5))), function at exception vector 50 too large)

.vector_51      0x9d03f860        0x0
 *(.vector_51)
                0x00000001                ASSERT (((_vector_spacing == 0x0) || (SIZEOF (.vector_51) <= (_vector_spacing << 0x5))), function at exception vector 51 too large)

.vector_52      0x9d03f880        0x0
 *(.vector_52)
                0x00000001                ASSERT (((_vector_spacing == 0x0) || (SIZEOF (.vector_52) <= (_vector_spacing << 0x5))), function at exception vector 52 too large)

.vector_53      0x9d03f8a0        0x0
 *(.vector_53)
                0x00000001                ASSERT (((_vector_spacing == 0x0) || (SIZEOF (.vector_53) <= (_vector_spacing << 0x5))), function at exception vector 53 too large)

.vector_54      0x9d03f8c0        0x0
 *(.vector_54)
                0x00000001                ASSERT (((_vector_spacing == 0x0) || (SIZEOF (.vector_54) <= (_vector_spacing << 0x5))), function at exception vector 54 too large)

.vector_55      0x9d03f8e0        0x0
 *(.vector_55)
                0x00000001                ASSERT (((_vector_spacing == 0x0) || (SIZEOF (.vector_55) <= (_vector_spacing << 0x5))), function at exception vector 55 too large)

.vector_56      0x9d03f900        0x0
 *(.vector_56)
                0x00000001                ASSERT (((_vector_spacing == 0x0) || (SIZEOF (.vector_56) <= (_vector_spacing << 0x5))), function at exception vector 56 too large)

.vector_57      0x9d03f920        0x0
 *(.vector_57)
                0x00000001                ASSERT (((_vector_spacing == 0x0) || (SIZEOF (.vector_57) <= (_vector_spacing << 0x5))), function at exception vector 57 too large)

.vector_58      0x9d03f940        0x0
 *(.vector_58)
                0x00000001                ASSERT (((_vector_spacing == 0x0) || (SIZEOF (.vector_58) <= (_vector_spacing << 0x5))), function at exception vector 58 too large)

.vector_59      0x9d03f960        0x0
 *(.vector_59)
                0x00000001                ASSERT (((_vector_spacing == 0x0) || (SIZEOF (.vector_59) <= (_vector_spacing << 0x5))), function at exception vector 59 too large)

.vector_60      0x9d03f980        0x0
 *(.vector_60)
                0x00000001                ASSERT (((_vector_spacing == 0x0) || (SIZEOF (.vector_60) <= (_vector_spacing << 0x5))), function at exception vector 60 too large)

.vector_61      0x9d03f9a0        0x0
 *(.vector_61)
                0x00000001                ASSERT (((_vector_spacing == 0x0) || (SIZEOF (.vector_61) <= (_vector_spacing << 0x5))), function at exception vector 61 too large)

.vector_62      0x9d03f9c0        0x0
 *(.vector_62)
                0x00000001                ASSERT (((_vector_spacing == 0x0) || (SIZEOF (.vector_62) <= (_vector_spacing << 0x5))), function at exception vector 62 too large)

.vector_63      0x9d03f9e0        0x0
 *(.vector_63)
                0x00000001                ASSERT (((_vector_spacing == 0x0) || (SIZEOF (.vector_63) <= (_vector_spacing << 0x5))), function at exception vector 63 too large)

.startup
 *(.startup)

.text           0x9d000000        0x0
 *(.stub .gnu.linkonce.t.*)
 *(.text.*personality*)
 *(.mips16.fn.*)
 *(.mips16.call.*)
 *(.gnu.warning)
                0x9d000000                . = ALIGN (0x4)

.init           0x9d000000        0x0
 *crti.o(.init)
 *crtbegin.o(.init)
 *(EXCLUDE_FILE(*crtn.o *crtend?.o *crtend.o) .init)
 *crtend.o(.init)
 *crtn.o(.init)
                0x9d000000                . = ALIGN (0x4)

.fini           0x9d000000        0x0
 *(.fini)
                0x9d000000                . = ALIGN (0x4)

.preinit_array  0x9d000000        0x0
                0x9d000000                PROVIDE (__preinit_array_start, .)
 *(.preinit_array)
                0x9d000000                PROVIDE (__preinit_array_end, .)
                0x9d000000                . = ALIGN (0x4)

.init_array     0x9d000000        0x0
                0x9d000000                PROVIDE (__init_array_start, .)
 *(SORT(.init_array.*))
 *(.init_array)
                0x9d000000                PROVIDE (__init_array_end, .)
                0x9d000000                . = ALIGN (0x4)

.fini_array     0x9d000000        0x0
                0x9d000000                PROVIDE (__fini_array_start, .)
 *(SORT(.fini_array.*))
 *(.fini_array)
                0x9d000000                PROVIDE (__fini_array_end, .)
                0x9d000000                . = ALIGN (0x4)

.ctors          0x9d000000        0x0
 *crtbegin.o(.ctors)
 *crtbegin?.o(.ctors)
 *(EXCLUDE_FILE(*crtend?.o *crtend.o) .ctors)
 *(SORT(.ctors.*))
 *(.ctors)
                0x9d000000                . = ALIGN (0x4)

.dtors          0x9d000000        0x0
 *crtbegin.o(.dtors)
 *crtbegin?.o(.dtors)
 *(EXCLUDE_FILE(*crtend?.o *crtend.o) .dtors)
 *(SORT(.dtors.*))
 *(.dtors)
                0x9d000000                . = ALIGN (0x4)

.rodata         0x9d000000        0x0
 *(.gnu.linkonce.r.*)
 *(.rodata1)
                0x9d000000                . = ALIGN (0x4)

.sdata2         0x9fc00490        0x0
 *(.sdata2 .sdata2.* .gnu.linkonce.s2.*)
                0x9fc00490                . = ALIGN (0x4)

.sbss2          0x9fc00490        0x0
 *(.sbss2 .sbss2.* .gnu.linkonce.sb2.*)
                0x9fc00490                . = ALIGN (0x4)

.eh_frame_hdr
 *(.eh_frame_hdr)
                0x9fc00490                . = ALIGN (0x4)

.eh_frame
 *(.eh_frame)
                0x9fc00490                . = ALIGN (0x4)

.gcc_except_table
 *(.gcc_except_table .gcc_except_table.*)
                0x9fc00490                . = ALIGN (0x4)

.dbg_data       0xa0000000        0x0
                0xa0000000                . = (. + DEFINED (_DEBUGGER)?0x200:0x0)

.jcr            0xa0000000        0x0
 *(.jcr)
                0xa0000000                . = ALIGN (0x4)

.eh_frame
 *(.eh_frame)
                0xa0000000                . = ALIGN (0x4)

.gcc_except_table
 *(.gcc_except_table .gcc_except_table.*)
                0xa0000000                . = ALIGN (0x4)

.persist        0xa0000000        0x0
                0xa0000000                _persist_begin = .
 *(.persist .persist.*)
 *(.pbss .pbss.*)
                0xa0000000                . = ALIGN (0x4)
                0xa0000000                _persist_end = .

.data           0xa0000000        0x0
 *(.gnu.linkonce.d.*)
 *(.data1)
                0xa0000000                . = ALIGN (0x4)
                0xa0000000                . = .
                0xa0007ff0                _gp = (ALIGN (0x10) + 0x7ff0)

.got            0xa0000000        0x0
 *(.got.plt)
 *(.got)
                0xa0000000                . = ALIGN (0x4)

.sdata          0xa0000000       0x18
                0xa0000000                _sdata_begin = .
 *(.sdata .sdata.* .gnu.linkonce.s.*)
 .sdata         0xa0000000        0x4 build/default/production/FreeRTOS/Core/portable/MPLAB/PIC32MX/port.o
                0xa0000000                uxInterruptNesting
 .sdata         0xa0000004        0x4 build/default/production/FreeRTOS/TCPIP/FreeRTOS_IP.o
 .sdata         0xa0000008        0x4 build/default/production/FreeRTOS/TCPIP/FreeRTOS_TCP_WIN.o
 .sdata         0xa000000c        0x4 build/default/production/LED.o
                0xa000000c                ethError
 .sdata         0xa0000010        0x4 c:/program files/microchip/xc32/v2.50/bin/bin/../../lib/gcc/pic32mx/4.8.3/../../../../pic32mx/lib\liblega-c.a(_iobdata.o)
                0xa0000010                _libc_data
 .sdata         0xa0000014        0x4 c:/program files/microchip/xc32/v2.50/bin/bin/../../lib/gcc/pic32mx/4.8.3/../../../../pic32mx/lib\libpic32.a(xc32_uart.o)
                0xa0000014                __XC_UART
                0xa0000018                . = ALIGN (0x4)
                0xa0000018                _sdata_end = .

.lit8
 *(.lit8)

.lit4
 *(.lit4)
                0xa0000018                . = ALIGN (0x4)
                0xa0000018                _data_end = .
                0xa0000018                _bss_begin = .

.sbss           0xa0000018      0x11c
                0xa0000018                _sbss_begin = .
 *(.dynsbss)
 *(.sbss .sbss.* .gnu.linkonce.sb.*)
 .sbss          0xa0000018       0x44 build/default/production/FreeRTOS/Core/tasks.o
                0xa0000058                pxCurrentTCB
 .sbss          0xa000005c       0x14 build/default/production/FreeRTOS/Core/timers.o
 .sbss          0xa0000070       0x20 build/default/production/FreeRTOS/Core/portable/MemMang/heap_4.o
 .sbss          0xa0000090        0x4 build/default/production/FreeRTOS/Core/portable/MPLAB/PIC32MX/port.o
                0xa0000090                uxSavedTaskStackPointer
 .sbss          0xa0000094        0x4 build/default/production/FreeRTOS/TCPIP/FreeRTOS_ARP.o
 .sbss          0xa0000098        0x4 build/default/production/FreeRTOS/TCPIP/FreeRTOS_DHCP.o
 .sbss          0xa000009c        0x4 build/default/production/FreeRTOS/TCPIP/FreeRTOS_DNS.o
 .sbss          0xa00000a0       0x28 build/default/production/FreeRTOS/TCPIP/FreeRTOS_IP.o
                0xa00000c0                usPacketIdentifier
                0xa00000c4                xNetworkEventQueue
 .sbss          0xa00000c8        0x4 build/default/production/FreeRTOS/TCPIP/FreeRTOS_Sockets.o
 .sbss          0xa00000cc        0x8 build/default/production/FreeRTOS/TCPIP/FreeRTOS_TCP_WIN.o
                0xa00000cc                xTCPWindowLoggingLevel
 .sbss          0xa00000d4        0x8 build/default/production/FreeRTOS/TCPIP/portable/BufferManagement/BufferAllocation_2.o
 .sbss          0xa00000dc        0xc build/default/production/LAN9250.o
                0xa00000dc                linkCheckDivider
                0xa00000e0                linkState
                0xa00000e4                packetCount
 .sbss          0xa00000e8        0x4 build/default/production/NetworkInterface_LAN9250.o
 .sbss          0xa00000ec        0xc build/default/production/UART.o
                0xa00000ec                freeNextData
                0xa00000f0                currPackageOffset
                0xa00000f4                lastScanPosition
 .sbss          0xa00000f8       0x10 build/default/production/LED.o
                0xa00000f8                ethReady
                0xa00000fc                errLEDTime
                0xa0000100                ethLEDTime
                0xa0000104                minLEDTime
 .sbss          0xa0000108        0x4 c:/program files/microchip/xc32/v2.50/bin/bin/../../lib/gcc/pic32mx/4.8.3/../../../../pic32mx/lib\liblega-c.a(errno.o)
                0xa0000108                errno
 *(.scommon)
 .scommon       0xa000010c        0x8 build/default/production/LAN9250.o
                0xa000010c                ETH_commsSem
                0xa0000110                ETH_commsWaitSem
 .scommon       0xa0000114        0xc build/default/production/UART.o
                0xa0000114                UART_rxBuffer
                0xa0000118                UART_sendQueue
                0xa000011c                UART_txDMA
 .scommon       0xa0000120       0x14 build/default/production/FiberComms.o
                0xa0000120                COMMS_UART
                0xa0000124                COMMS_UDP
                0xa0000128                lastClient
                0xa0000130                dataSocket
                0xa0000134                _sbss_end = .
                0xa0000134                . = ALIGN (0x4)

.bss            0xa0000134       0x14
 *(.dynbss)
 *(COMMON)
 COMMON         0xa0000134       0x14 build/default/production/FreeRTOS/TCPIP/FreeRTOS_Sockets.o
                0xa0000134                xBoundTCPSocketsList
                0xa0000148                . = ALIGN ((. != 0x0)?0x4:0x1)
                0xa0000148                . = ALIGN (0x4)
                0xa0000148                _end = .
                0xa0000148                _bss_end = .
                0x00010000                _bmxdudba_address = 0x10000
                0x00010000                _bmxdupba_address = 0x10000

/DISCARD/
 *(.pdr)
 *(.rel.dyn)
 *(.note.GNU-stack)
 *(.note.GNU-stack)
 *(.gnu_debuglink)
 *(.gnu.lto_*)
 *(.discard)

.gptab.sdata
 *(.gptab.data)
 *(.gptab.sdata)

.gptab.sbss
 *(.gptab.bss)
 *(.gptab.sbss)

.mdebug.abi32   0xa0000148        0x0
 *(.mdebug.abi32)
 .mdebug.abi32  0xa0000148        0x0 build/default/production/FreeRTOS/Core/event_groups.o
 .mdebug.abi32  0xa0000148        0x0 build/default/production/FreeRTOS/Core/list.o
 .mdebug.abi32  0xa0000148        0x0 build/default/production/FreeRTOS/Core/queue.o
 .mdebug.abi32  0xa0000148        0x0 build/default/production/FreeRTOS/Core/stream_buffer.o
 .mdebug.abi32  0xa0000148        0x0 build/default/production/FreeRTOS/Core/tasks.o
 .mdebug.abi32  0xa0000148        0x0 build/default/production/FreeRTOS/Core/timers.o
 .mdebug.abi32  0xa0000148        0x0 build/default/production/FreeRTOS/Core/portable/MemMang/heap_4.o
 .mdebug.abi32  0xa0000148        0x0 build/default/production/FreeRTOS/Core/portable/MPLAB/PIC32MX/port.o
 .mdebug.abi32  0xa0000148        0x0 build/default/production/FreeRTOS/TCPIP/FreeRTOS_ARP.o
 .mdebug.abi32  0xa0000148        0x0 build/default/production/FreeRTOS/TCPIP/FreeRTOS_DHCP.o
 .mdebug.abi32  0xa0000148        0x0 build/default/production/FreeRTOS/TCPIP/FreeRTOS_DNS.o
 .mdebug.abi32  0xa0000148        0x0 build/default/production/FreeRTOS/TCPIP/FreeRTOS_IP.o
 .mdebug.abi32  0xa0000148        0x0 build/default/production/FreeRTOS/TCPIP/FreeRTOS_Sockets.o
 .mdebug.abi32  0xa0000148        0x0 build/default/production/FreeRTOS/TCPIP/FreeRTOS_Stream_Buffer.o
 .mdebug.abi32  0xa0000148        0x0 build/default/production/FreeRTOS/TCPIP/FreeRTOS_TCP_IP.o
 .mdebug.abi32  0xa0000148        0x0 build/default/production/FreeRTOS/TCPIP/FreeRTOS_TCP_WIN.o
 .mdebug.abi32  0xa0000148        0x0 build/default/production/FreeRTOS/TCPIP/FreeRTOS_UDP_IP.o
 .mdebug.abi32  0xa0000148        0x0 build/default/production/FreeRTOS/TCPIP/portable/BufferManagement/BufferAllocation_2.o
 .mdebug.abi32  0xa0000148        0x0 build/default/production/ConfigPerformance.o
 .mdebug.abi32  0xa0000148        0x0 build/default/production/LAN9250.o
 .mdebug.abi32  0xa0000148        0x0 build/default/production/NetworkInterface_LAN9250.o
 .mdebug.abi32  0xa0000148        0x0 build/default/production/SPI.o
 .mdebug.abi32  0xa0000148        0x0 build/default/production/UART.o
 .mdebug.abi32  0xa0000148        0x0 build/default/production/main.o
 .mdebug.abi32  0xa0000148        0x0 build/default/production/LED.o
 .mdebug.abi32  0xa0000148        0x0 build/default/production/FiberComms.o
 .mdebug.abi32  0xa0000148        0x0 build/default/production/min.o
 .mdebug.abi32  0xa0000148        0x0 build/default/production/System.o
 .mdebug.abi32  0xa0000148        0x0 c:/program files/microchip/xc32/v2.50/bin/bin/../../lib/gcc/pic32mx/4.8.3\libgcc.a(_udivdi3.o)
 .mdebug.abi32  0xa0000148        0x0 c:/program files/microchip/xc32/v2.50/bin/bin/../../lib/gcc/pic32mx/4.8.3/../../../../pic32mx/lib\libpic32.a(default-bootstrap-exception-handler.o)
 .mdebug.abi32  0xa0000148        0x0 c:/program files/microchip/xc32/v2.50/bin/bin/../../lib/gcc/pic32mx/4.8.3/../../../../pic32mx/lib\libpic32.a(default-on-reset.o)
 .mdebug.abi32  0xa0000148        0x0 c:/program files/microchip/xc32/v2.50/bin/bin/../../lib/gcc/pic32mx/4.8.3/../../../../pic32mx/lib\libpic32.a(default-on-bootstrap.o)
 .mdebug.abi32  0xa0000148        0x0 c:/program files/microchip/xc32/v2.50/bin/bin/../../lib/gcc/pic32mx/4.8.3/../../../../pic32mx/lib\libpic32.a(defaultinterrupt.o)
 .mdebug.abi32  0xa0000148        0x0 c:/program files/microchip/xc32/v2.50/bin/bin/../../lib/gcc/pic32mx/4.8.3/../../../../pic32mx/lib\liblega-c.a(memmove.o)
 .mdebug.abi32  0xa0000148        0x0 c:/program files/microchip/xc32/v2.50/bin/bin/../../lib/gcc/pic32mx/4.8.3/../../../../pic32mx/lib\liblega-c.a(rand.o)
 .mdebug.abi32  0xa0000148        0x0 c:/program files/microchip/xc32/v2.50/bin/bin/../../lib/gcc/pic32mx/4.8.3/../../../../pic32mx/lib\liblega-c.a(sprintf_cdnopuxX.eo)
 .mdebug.abi32  0xa0000148        0x0 c:/program files/microchip/xc32/v2.50/bin/bin/../../lib/gcc/pic32mx/4.8.3/../../../../pic32mx/lib\liblega-c.a(snprintf_cdnopsuxX.eo)
 .mdebug.abi32  0xa0000148        0x0 c:/program files/microchip/xc32/v2.50/bin/bin/../../lib/gcc/pic32mx/4.8.3/../../../../pic32mx/lib\liblega-c.a(vsprintf.o)
 .mdebug.abi32  0xa0000148        0x0 c:/program files/microchip/xc32/v2.50/bin/bin/../../lib/gcc/pic32mx/4.8.3/../../../../pic32mx/lib\liblega-c.a(stubs.o)
 .mdebug.abi32  0xa0000148        0x0 c:/program files/microchip/xc32/v2.50/bin/bin/../../lib/gcc/pic32mx/4.8.3/../../../../pic32mx/lib\liblega-c.a(_doprnt_cdnopsuxX.eo)
 .mdebug.abi32  0xa0000148        0x0 c:/program files/microchip/xc32/v2.50/bin/bin/../../lib/gcc/pic32mx/4.8.3/../../../../pic32mx/lib\liblega-c.a(_doprnt.o)
 .mdebug.abi32  0xa0000148        0x0 c:/program files/microchip/xc32/v2.50/bin/bin/../../lib/gcc/pic32mx/4.8.3/../../../../pic32mx/lib\liblega-c.a(_iobdata.o)
 .mdebug.abi32  0xa0000148        0x0 c:/program files/microchip/xc32/v2.50/bin/bin/../../lib/gcc/pic32mx/4.8.3/../../../../pic32mx/lib\liblega-c.a(_iobfuncs.o)
 .mdebug.abi32  0xa0000148        0x0 c:/program files/microchip/xc32/v2.50/bin/bin/../../lib/gcc/pic32mx/4.8.3/../../../../pic32mx/lib\liblega-c.a(_iobstring.o)
 .mdebug.abi32  0xa0000148        0x0 c:/program files/microchip/xc32/v2.50/bin/bin/../../lib/gcc/pic32mx/4.8.3/../../../../pic32mx/lib\liblega-c.a(fputc.o)
 .mdebug.abi32  0xa0000148        0x0 c:/program files/microchip/xc32/v2.50/bin/bin/../../lib/gcc/pic32mx/4.8.3/../../../../pic32mx/lib\liblega-c.a(errno.o)
 .mdebug.abi32  0xa0000148        0x0 c:/program files/microchip/xc32/v2.50/bin/bin/../../lib/gcc/pic32mx/4.8.3\libgcc.a(_umoddi3.o)
 .mdebug.abi32  0xa0000148        0x0 c:/program files/microchip/xc32/v2.50/bin/bin/../../lib/gcc/pic32mx/4.8.3/../../../../pic32mx/lib\libpic32.a(_mon_getc.o)
 .mdebug.abi32  0xa0000148        0x0 c:/program files/microchip/xc32/v2.50/bin/bin/../../lib/gcc/pic32mx/4.8.3/../../../../pic32mx/lib\libpic32.a(_mon_write.o)
 .mdebug.abi32  0xa0000148        0x0 c:/program files/microchip/xc32/v2.50/bin/bin/../../lib/gcc/pic32mx/4.8.3/../../../../pic32mx/lib\libpic32.a(xc32_uart.o)
 .mdebug.abi32  0xa0000148        0x0 c:/program files/microchip/xc32/v2.50/bin/bin/../../lib/gcc/pic32mx/4.8.3/../../../../pic32mx/lib\libpic32.a(_mon_putc.o)

.mdebug.abiN32
 *(.mdebug.abiN32)

.mdebug.abi64
 *(.mdebug.abi64)

.mdebug.abiO64
 *(.mdebug.abiO64)

.mdebug.eabi32
 *(.mdebug.eabi32)

.mdebug.eabi64
 *(.mdebug.eabi64)

.gcc_compiled_long32
 *(.gcc_compiled_long32)

.gcc_compiled_long64
 *(.gcc_compiled_long64)

.stab
 *(.stab)

.stabstr
 *(.stabstr)

.stab.excl
 *(.stab.excl)

.stab.exclstr
 *(.stab.exclstr)

.stab.index
 *(.stab.index)

.stab.indexstr
 *(.stab.indexstr)

.comment        0x00000000      0x486
 *(.comment)
 .comment       0x00000000       0x3c build/default/production/FreeRTOS/Core/event_groups.o
                                 0x3d (size before relaxing)
 .comment       0x00000000       0x3d build/default/production/FreeRTOS/Core/list.o
 .comment       0x00000000       0x3d build/default/production/FreeRTOS/Core/queue.o
 .comment       0x00000000       0x3d build/default/production/FreeRTOS/Core/stream_buffer.o
 .comment       0x00000000       0x3d build/default/production/FreeRTOS/Core/tasks.o
 .comment       0x00000000       0x3d build/default/production/FreeRTOS/Core/timers.o
 .comment       0x00000000       0x3d build/default/production/FreeRTOS/Core/portable/MemMang/heap_4.o
 .comment       0x00000000       0x3d build/default/production/FreeRTOS/Core/portable/MPLAB/PIC32MX/port.o
 .comment       0x00000000       0x3d build/default/production/FreeRTOS/TCPIP/FreeRTOS_ARP.o
 .comment       0x00000000       0x3d build/default/production/FreeRTOS/TCPIP/FreeRTOS_DHCP.o
 .comment       0x00000000       0x3d build/default/production/FreeRTOS/TCPIP/FreeRTOS_DNS.o
 .comment       0x00000000       0x3d build/default/production/FreeRTOS/TCPIP/FreeRTOS_IP.o
 .comment       0x00000000       0x3d build/default/production/FreeRTOS/TCPIP/FreeRTOS_Sockets.o
 .comment       0x00000000       0x3d build/default/production/FreeRTOS/TCPIP/FreeRTOS_Stream_Buffer.o
 .comment       0x00000000       0x3d build/default/production/FreeRTOS/TCPIP/FreeRTOS_TCP_IP.o
 .comment       0x00000000       0x3d build/default/production/FreeRTOS/TCPIP/FreeRTOS_TCP_WIN.o
 .comment       0x00000000       0x3d build/default/production/FreeRTOS/TCPIP/FreeRTOS_UDP_IP.o
 .comment       0x00000000       0x3d build/default/production/FreeRTOS/TCPIP/portable/BufferManagement/BufferAllocation_2.o
 .comment       0x00000000       0x3d build/default/production/ConfigPerformance.o
 .comment       0x00000000       0x3d build/default/production/LAN9250.o
 .comment       0x00000000       0x3d build/default/production/NetworkInterface_LAN9250.o
 .comment       0x00000000       0x3d build/default/production/SPI.o
 .comment       0x00000000       0x3d build/default/production/UART.o
 .comment       0x00000000       0x3d build/default/production/main.o
 .comment       0x00000000       0x3d build/default/production/LED.o
 .comment       0x00000000       0x3d build/default/production/FiberComms.o
 .comment       0x00000000       0x3d build/default/production/min.o
 .comment       0x00000000       0x3d build/default/production/System.o
 .comment       0x00000000       0x3d c:/program files/microchip/xc32/v2.50/bin/bin/../../lib/gcc/pic32mx/4.8.3\libgcc.a(_udivdi3.o)
 .comment       0x0000003c       0x18 c:/program files/microchip/xc32/v2.50/bin/bin/../../lib/gcc/pic32mx/4.8.3/../../../../pic32mx/lib\libpic32.a(memcmp.o)
                                 0x19 (size before relaxing)
 .comment       0x00000054       0x18 c:/program files/microchip/xc32/v2.50/bin/bin/../../lib/gcc/pic32mx/4.8.3/../../../../pic32mx/lib\libpic32.a(memset.o)
                                 0x19 (size before relaxing)
 .comment       0x0000006c       0x19 c:/program files/microchip/xc32/v2.50/bin/bin/../../lib/gcc/pic32mx/4.8.3/../../../../pic32mx/lib\libpic32.a(strcmp.o)
                                 0x1a (size before relaxing)
 .comment       0x00000085       0x19 c:/program files/microchip/xc32/v2.50/bin/bin/../../lib/gcc/pic32mx/4.8.3/../../../../pic32mx/lib\libpic32.a(strcpy.o)
                                 0x1a (size before relaxing)
 .comment       0x0000009e       0x19 c:/program files/microchip/xc32/v2.50/bin/bin/../../lib/gcc/pic32mx/4.8.3/../../../../pic32mx/lib\libpic32.a(strlen.o)
                                 0x1a (size before relaxing)
 .comment       0x00000000       0x3d c:/program files/microchip/xc32/v2.50/bin/bin/../../lib/gcc/pic32mx/4.8.3/../../../../pic32mx/lib\libpic32.a(default-bootstrap-exception-handler.o)
 .comment       0x00000000       0x3d c:/program files/microchip/xc32/v2.50/bin/bin/../../lib/gcc/pic32mx/4.8.3/../../../../pic32mx/lib\libpic32.a(default-on-reset.o)
 .comment       0x00000000       0x3d c:/program files/microchip/xc32/v2.50/bin/bin/../../lib/gcc/pic32mx/4.8.3/../../../../pic32mx/lib\libpic32.a(default-on-bootstrap.o)
 .comment       0x00000000       0x3d c:/program files/microchip/xc32/v2.50/bin/bin/../../lib/gcc/pic32mx/4.8.3/../../../../pic32mx/lib\libpic32.a(defaultinterrupt.o)
 .comment       0x000000b7       0x50 c:/program files/microchip/xc32/v2.50/bin/bin/../../lib/gcc/pic32mx/4.8.3/../../../../pic32mx/lib\liblega-c.a(memmove.o)
                                 0x8d (size before relaxing)
 .comment       0x00000107       0x4d c:/program files/microchip/xc32/v2.50/bin/bin/../../lib/gcc/pic32mx/4.8.3/../../../../pic32mx/lib\liblega-c.a(rand.o)
                                 0x8a (size before relaxing)
 .comment       0x00000154       0x52 c:/program files/microchip/xc32/v2.50/bin/bin/../../lib/gcc/pic32mx/4.8.3/../../../../pic32mx/lib\liblega-c.a(sprintf_cdnopuxX.eo)
                                 0x8f (size before relaxing)
 .comment       0x000001a6       0x53 c:/program files/microchip/xc32/v2.50/bin/bin/../../lib/gcc/pic32mx/4.8.3/../../../../pic32mx/lib\liblega-c.a(snprintf_cdnopsuxX.eo)
                                 0x90 (size before relaxing)
 .comment       0x000001f9       0x53 c:/program files/microchip/xc32/v2.50/bin/bin/../../lib/gcc/pic32mx/4.8.3/../../../../pic32mx/lib\liblega-c.a(vsprintf.o)
                                 0x90 (size before relaxing)
 .comment       0x0000024c       0x4e c:/program files/microchip/xc32/v2.50/bin/bin/../../lib/gcc/pic32mx/4.8.3/../../../../pic32mx/lib\liblega-c.a(stubs.o)
                                 0x8b (size before relaxing)
 .comment       0x0000029a       0x52 c:/program files/microchip/xc32/v2.50/bin/bin/../../lib/gcc/pic32mx/4.8.3/../../../../pic32mx/lib\liblega-c.a(_doprnt_cdnopsuxX.eo)
                                 0x8f (size before relaxing)
 .comment       0x00000000       0x8f c:/program files/microchip/xc32/v2.50/bin/bin/../../lib/gcc/pic32mx/4.8.3/../../../../pic32mx/lib\liblega-c.a(_doprnt.o)
 .comment       0x000002ec       0x53 c:/program files/microchip/xc32/v2.50/bin/bin/../../lib/gcc/pic32mx/4.8.3/../../../../pic32mx/lib\liblega-c.a(_iobdata.o)
                                 0x90 (size before relaxing)
 .comment       0x0000033f       0x54 c:/program files/microchip/xc32/v2.50/bin/bin/../../lib/gcc/pic32mx/4.8.3/../../../../pic32mx/lib\liblega-c.a(_iobfuncs.o)
                                 0x91 (size before relaxing)
 .comment       0x00000393       0x55 c:/program files/microchip/xc32/v2.50/bin/bin/../../lib/gcc/pic32mx/4.8.3/../../../../pic32mx/lib\liblega-c.a(_iobstring.o)
                                 0x92 (size before relaxing)
 .comment       0x000003e8       0x50 c:/program files/microchip/xc32/v2.50/bin/bin/../../lib/gcc/pic32mx/4.8.3/../../../../pic32mx/lib\liblega-c.a(fputc.o)
                                 0x8d (size before relaxing)
 .comment       0x00000438       0x4e c:/program files/microchip/xc32/v2.50/bin/bin/../../lib/gcc/pic32mx/4.8.3/../../../../pic32mx/lib\liblega-c.a(errno.o)
                                 0x8b (size before relaxing)
 .comment       0x00000000       0x3d c:/program files/microchip/xc32/v2.50/bin/bin/../../lib/gcc/pic32mx/4.8.3\libgcc.a(_umoddi3.o)
 .comment       0x00000000       0x3d c:/program files/microchip/xc32/v2.50/bin/bin/../../lib/gcc/pic32mx/4.8.3/../../../../pic32mx/lib\libpic32.a(_mon_getc.o)
 .comment       0x00000000       0x3d c:/program files/microchip/xc32/v2.50/bin/bin/../../lib/gcc/pic32mx/4.8.3/../../../../pic32mx/lib\libpic32.a(_mon_write.o)
 .comment       0x00000000       0x3d c:/program files/microchip/xc32/v2.50/bin/bin/../../lib/gcc/pic32mx/4.8.3/../../../../pic32mx/lib\libpic32.a(xc32_uart.o)
 .comment       0x00000000       0x3d c:/program files/microchip/xc32/v2.50/bin/bin/../../lib/gcc/pic32mx/4.8.3/../../../../pic32mx/lib\libpic32.a(_mon_putc.o)

.debug
 *(.debug)

.line
 *(.line)

.debug_srcinfo
 *(.debug_srcinfo)

.debug_sfnames
 *(.debug_sfnames)

.debug_aranges  0x00000000      0x4c0
 *(.debug_aranges)
 .debug_aranges
                0x00000000       0x20 build/default/production/FreeRTOS/Core/event_groups.o
 .debug_aranges
                0x00000020       0x20 build/default/production/FreeRTOS/Core/list.o
 .debug_aranges
                0x00000040       0x20 build/default/production/FreeRTOS/Core/queue.o
 .debug_aranges
                0x00000060       0x20 build/default/production/FreeRTOS/Core/stream_buffer.o
 .debug_aranges
                0x00000080       0x20 build/default/production/FreeRTOS/Core/tasks.o
 .debug_aranges
                0x000000a0       0x20 build/default/production/FreeRTOS/Core/timers.o
 .debug_aranges
                0x000000c0       0x20 build/default/production/FreeRTOS/Core/portable/MemMang/heap_4.o
 .debug_aranges
                0x000000e0       0x20 build/default/production/FreeRTOS/Core/portable/MPLAB/PIC32MX/port.o
 .debug_aranges
                0x00000100       0x20 build/default/production/FreeRTOS/Core/portable/MPLAB/PIC32MX/port_asm.o
 .debug_aranges
                0x00000120       0x20 build/default/production/FreeRTOS/TCPIP/FreeRTOS_ARP.o
 .debug_aranges
                0x00000140       0x20 build/default/production/FreeRTOS/TCPIP/FreeRTOS_DHCP.o
 .debug_aranges
                0x00000160       0x20 build/default/production/FreeRTOS/TCPIP/FreeRTOS_DNS.o
 .debug_aranges
                0x00000180       0x20 build/default/production/FreeRTOS/TCPIP/FreeRTOS_IP.o
 .debug_aranges
                0x000001a0       0x20 build/default/production/FreeRTOS/TCPIP/FreeRTOS_Sockets.o
 .debug_aranges
                0x000001c0       0x20 build/default/production/FreeRTOS/TCPIP/FreeRTOS_Stream_Buffer.o
 .debug_aranges
                0x000001e0       0x20 build/default/production/FreeRTOS/TCPIP/FreeRTOS_TCP_IP.o
 .debug_aranges
                0x00000200       0x20 build/default/production/FreeRTOS/TCPIP/FreeRTOS_TCP_WIN.o
 .debug_aranges
                0x00000220       0x20 build/default/production/FreeRTOS/TCPIP/FreeRTOS_UDP_IP.o
 .debug_aranges
                0x00000240       0x20 build/default/production/FreeRTOS/TCPIP/portable/BufferManagement/BufferAllocation_2.o
 .debug_aranges
                0x00000260       0x20 build/default/production/ConfigPerformance.o
 .debug_aranges
                0x00000280       0x20 build/default/production/LAN9250.o
 .debug_aranges
                0x000002a0       0x20 build/default/production/NetworkInterface_LAN9250.o
 .debug_aranges
                0x000002c0       0x20 build/default/production/SPI.o
 .debug_aranges
                0x000002e0       0x20 build/default/production/UART.o
 .debug_aranges
                0x00000300       0x20 build/default/production/main.o
 .debug_aranges
                0x00000320       0x20 build/default/production/LED.o
 .debug_aranges
                0x00000340       0x20 build/default/production/FiberComms.o
 .debug_aranges
                0x00000360       0x20 build/default/production/min.o
 .debug_aranges
                0x00000380       0x20 build/default/production/System.o
 .debug_aranges
                0x000003a0       0x20 c:/program files/microchip/xc32/v2.50/bin/bin/../../lib/gcc/pic32mx/4.8.3\libgcc.a(_udivdi3.o)
 .debug_aranges
                0x000003c0       0x20 c:/program files/microchip/xc32/v2.50/bin/bin/../../lib/gcc/pic32mx/4.8.3/../../../../pic32mx/lib\libpic32.a(default-bootstrap-exception-handler.o)
 .debug_aranges
                0x000003e0       0x20 c:/program files/microchip/xc32/v2.50/bin/bin/../../lib/gcc/pic32mx/4.8.3/../../../../pic32mx/lib\libpic32.a(default-on-reset.o)
 .debug_aranges
                0x00000400       0x20 c:/program files/microchip/xc32/v2.50/bin/bin/../../lib/gcc/pic32mx/4.8.3/../../../../pic32mx/lib\libpic32.a(default-on-bootstrap.o)
 .debug_aranges
                0x00000420       0x20 c:/program files/microchip/xc32/v2.50/bin/bin/../../lib/gcc/pic32mx/4.8.3/../../../../pic32mx/lib\libpic32.a(defaultinterrupt.o)
 .debug_aranges
                0x00000440       0x20 c:/program files/microchip/xc32/v2.50/bin/bin/../../lib/gcc/pic32mx/4.8.3\libgcc.a(_umoddi3.o)
 .debug_aranges
                0x00000460       0x20 c:/program files/microchip/xc32/v2.50/bin/bin/../../lib/gcc/pic32mx/4.8.3/../../../../pic32mx/lib\libpic32.a(_mon_getc.o)
 .debug_aranges
                0x00000480       0x20 c:/program files/microchip/xc32/v2.50/bin/bin/../../lib/gcc/pic32mx/4.8.3/../../../../pic32mx/lib\libpic32.a(_mon_write.o)
 .debug_aranges
                0x000004a0       0x20 c:/program files/microchip/xc32/v2.50/bin/bin/../../lib/gcc/pic32mx/4.8.3/../../../../pic32mx/lib\libpic32.a(_mon_putc.o)

.debug_pubnames
 *(.debug_pubnames)

.debug_info     0x00000000    0x327b0
 *(.debug_info .gnu.linkonce.wi.*)
 .debug_info    0x00000000      0xdc0 build/default/production/FreeRTOS/Core/event_groups.o
 .debug_info    0x00000dc0      0x43a build/default/production/FreeRTOS/Core/list.o
 .debug_info    0x000011fa     0x2141 build/default/production/FreeRTOS/Core/queue.o
 .debug_info    0x0000333b     0x19c1 build/default/production/FreeRTOS/Core/stream_buffer.o
 .debug_info    0x00004cfc     0x3827 build/default/production/FreeRTOS/Core/tasks.o
 .debug_info    0x00008523     0x1716 build/default/production/FreeRTOS/Core/timers.o
 .debug_info    0x00009c39      0x7ef build/default/production/FreeRTOS/Core/portable/MemMang/heap_4.o
 .debug_info    0x0000a428      0xec4 build/default/production/FreeRTOS/Core/portable/MPLAB/PIC32MX/port.o
 .debug_info    0x0000b2ec       0x83 build/default/production/FreeRTOS/Core/portable/MPLAB/PIC32MX/port_asm.o
 .debug_info    0x0000b36f     0x17b1 build/default/production/FreeRTOS/TCPIP/FreeRTOS_ARP.o
 .debug_info    0x0000cb20     0x264d build/default/production/FreeRTOS/TCPIP/FreeRTOS_DHCP.o
 .debug_info    0x0000f16d     0x3579 build/default/production/FreeRTOS/TCPIP/FreeRTOS_DNS.o
 .debug_info    0x000126e6     0x4a44 build/default/production/FreeRTOS/TCPIP/FreeRTOS_IP.o
 .debug_info    0x0001712a     0x57ae build/default/production/FreeRTOS/TCPIP/FreeRTOS_Sockets.o
 .debug_info    0x0001c8d8      0x832 build/default/production/FreeRTOS/TCPIP/FreeRTOS_Stream_Buffer.o
 .debug_info    0x0001d10a     0x58c4 build/default/production/FreeRTOS/TCPIP/FreeRTOS_TCP_IP.o
 .debug_info    0x000229ce     0x26fc build/default/production/FreeRTOS/TCPIP/FreeRTOS_TCP_WIN.o
 .debug_info    0x000250ca     0x1eea build/default/production/FreeRTOS/TCPIP/FreeRTOS_UDP_IP.o
 .debug_info    0x00026fb4      0xb54 build/default/production/FreeRTOS/TCPIP/portable/BufferManagement/BufferAllocation_2.o
 .debug_info    0x00027b08      0x79d build/default/production/ConfigPerformance.o
 .debug_info    0x000282a5     0x394e build/default/production/LAN9250.o
 .debug_info    0x0002bbf3      0xae3 build/default/production/NetworkInterface_LAN9250.o
 .debug_info    0x0002c6d6      0x717 build/default/production/SPI.o
 .debug_info    0x0002cded     0x17a5 build/default/production/UART.o
 .debug_info    0x0002e592      0x851 build/default/production/main.o
 .debug_info    0x0002ede3      0x699 build/default/production/LED.o
 .debug_info    0x0002f47c     0x1044 build/default/production/FiberComms.o
 .debug_info    0x000304c0      0xcb4 build/default/production/min.o
 .debug_info    0x00031174      0x195 build/default/production/System.o
 .debug_info    0x00031309      0x74b c:/program files/microchip/xc32/v2.50/bin/bin/../../lib/gcc/pic32mx/4.8.3\libgcc.a(_udivdi3.o)
 .debug_info    0x00031a54       0xf4 c:/program files/microchip/xc32/v2.50/bin/bin/../../lib/gcc/pic32mx/4.8.3/../../../../pic32mx/lib\libpic32.a(default-bootstrap-exception-handler.o)
 .debug_info    0x00031b48       0xcd c:/program files/microchip/xc32/v2.50/bin/bin/../../lib/gcc/pic32mx/4.8.3/../../../../pic32mx/lib\libpic32.a(default-on-reset.o)
 .debug_info    0x00031c15       0xd5 c:/program files/microchip/xc32/v2.50/bin/bin/../../lib/gcc/pic32mx/4.8.3/../../../../pic32mx/lib\libpic32.a(default-on-bootstrap.o)
 .debug_info    0x00031cea       0xe7 c:/program files/microchip/xc32/v2.50/bin/bin/../../lib/gcc/pic32mx/4.8.3/../../../../pic32mx/lib\libpic32.a(defaultinterrupt.o)
 .debug_info    0x00031dd1      0x788 c:/program files/microchip/xc32/v2.50/bin/bin/../../lib/gcc/pic32mx/4.8.3\libgcc.a(_umoddi3.o)
 .debug_info    0x00032559       0xc7 c:/program files/microchip/xc32/v2.50/bin/bin/../../lib/gcc/pic32mx/4.8.3/../../../../pic32mx/lib\libpic32.a(_mon_getc.o)
 .debug_info    0x00032620       0xc9 c:/program files/microchip/xc32/v2.50/bin/bin/../../lib/gcc/pic32mx/4.8.3/../../../../pic32mx/lib\libpic32.a(_mon_write.o)
 .debug_info    0x000326e9       0xc7 c:/program files/microchip/xc32/v2.50/bin/bin/../../lib/gcc/pic32mx/4.8.3/../../../../pic32mx/lib\libpic32.a(_mon_putc.o)

.debug_abbrev   0x00000000     0x5ace
 *(.debug_abbrev)
 .debug_abbrev  0x00000000      0x2b7 build/default/production/FreeRTOS/Core/event_groups.o
 .debug_abbrev  0x000002b7       0xf6 build/default/production/FreeRTOS/Core/list.o
 .debug_abbrev  0x000003ad      0x342 build/default/production/FreeRTOS/Core/queue.o
 .debug_abbrev  0x000006ef      0x35d build/default/production/FreeRTOS/Core/stream_buffer.o
 .debug_abbrev  0x00000a4c      0x44d build/default/production/FreeRTOS/Core/tasks.o
 .debug_abbrev  0x00000e99      0x396 build/default/production/FreeRTOS/Core/timers.o
 .debug_abbrev  0x0000122f      0x22d build/default/production/FreeRTOS/Core/portable/MemMang/heap_4.o
 .debug_abbrev  0x0000145c      0x311 build/default/production/FreeRTOS/Core/portable/MPLAB/PIC32MX/port.o
 .debug_abbrev  0x0000176d       0x14 build/default/production/FreeRTOS/Core/portable/MPLAB/PIC32MX/port_asm.o
 .debug_abbrev  0x00001781      0x386 build/default/production/FreeRTOS/TCPIP/FreeRTOS_ARP.o
 .debug_abbrev  0x00001b07      0x454 build/default/production/FreeRTOS/TCPIP/FreeRTOS_DHCP.o
 .debug_abbrev  0x00001f5b      0x4b7 build/default/production/FreeRTOS/TCPIP/FreeRTOS_DNS.o
 .debug_abbrev  0x00002412      0x581 build/default/production/FreeRTOS/TCPIP/FreeRTOS_IP.o
 .debug_abbrev  0x00002993      0x61f build/default/production/FreeRTOS/TCPIP/FreeRTOS_Sockets.o
 .debug_abbrev  0x00002fb2      0x1be build/default/production/FreeRTOS/TCPIP/FreeRTOS_Stream_Buffer.o
 .debug_abbrev  0x00003170      0x538 build/default/production/FreeRTOS/TCPIP/FreeRTOS_TCP_IP.o
 .debug_abbrev  0x000036a8      0x3e9 build/default/production/FreeRTOS/TCPIP/FreeRTOS_TCP_WIN.o
 .debug_abbrev  0x00003a91      0x38b build/default/production/FreeRTOS/TCPIP/FreeRTOS_UDP_IP.o
 .debug_abbrev  0x00003e1c      0x26c build/default/production/FreeRTOS/TCPIP/portable/BufferManagement/BufferAllocation_2.o
 .debug_abbrev  0x00004088      0x12e build/default/production/ConfigPerformance.o
 .debug_abbrev  0x000041b6      0x4bb build/default/production/LAN9250.o
 .debug_abbrev  0x00004671      0x1ec build/default/production/NetworkInterface_LAN9250.o
 .debug_abbrev  0x0000485d      0x157 build/default/production/SPI.o
 .debug_abbrev  0x000049b4      0x405 build/default/production/UART.o
 .debug_abbrev  0x00004db9      0x230 build/default/production/main.o
 .debug_abbrev  0x00004fe9      0x192 build/default/production/LED.o
 .debug_abbrev  0x0000517b      0x297 build/default/production/FiberComms.o
 .debug_abbrev  0x00005412      0x2b4 build/default/production/min.o
 .debug_abbrev  0x000056c6       0x71 build/default/production/System.o
 .debug_abbrev  0x00005737      0x138 c:/program files/microchip/xc32/v2.50/bin/bin/../../lib/gcc/pic32mx/4.8.3\libgcc.a(_udivdi3.o)
 .debug_abbrev  0x0000586f       0x28 c:/program files/microchip/xc32/v2.50/bin/bin/../../lib/gcc/pic32mx/4.8.3/../../../../pic32mx/lib\libpic32.a(default-bootstrap-exception-handler.o)
 .debug_abbrev  0x00005897       0x28 c:/program files/microchip/xc32/v2.50/bin/bin/../../lib/gcc/pic32mx/4.8.3/../../../../pic32mx/lib\libpic32.a(default-on-reset.o)
 .debug_abbrev  0x000058bf       0x28 c:/program files/microchip/xc32/v2.50/bin/bin/../../lib/gcc/pic32mx/4.8.3/../../../../pic32mx/lib\libpic32.a(default-on-bootstrap.o)
 .debug_abbrev  0x000058e7       0x28 c:/program files/microchip/xc32/v2.50/bin/bin/../../lib/gcc/pic32mx/4.8.3/../../../../pic32mx/lib\libpic32.a(defaultinterrupt.o)
 .debug_abbrev  0x0000590f      0x147 c:/program files/microchip/xc32/v2.50/bin/bin/../../lib/gcc/pic32mx/4.8.3\libgcc.a(_umoddi3.o)
 .debug_abbrev  0x00005a56       0x28 c:/program files/microchip/xc32/v2.50/bin/bin/../../lib/gcc/pic32mx/4.8.3/../../../../pic32mx/lib\libpic32.a(_mon_getc.o)
 .debug_abbrev  0x00005a7e       0x28 c:/program files/microchip/xc32/v2.50/bin/bin/../../lib/gcc/pic32mx/4.8.3/../../../../pic32mx/lib\libpic32.a(_mon_write.o)
 .debug_abbrev  0x00005aa6       0x28 c:/program files/microchip/xc32/v2.50/bin/bin/../../lib/gcc/pic32mx/4.8.3/../../../../pic32mx/lib\libpic32.a(_mon_putc.o)

.debug_line     0x00000000     0x71b7
 *(.debug_line)
 .debug_line    0x00000000      0x2ba build/default/production/FreeRTOS/Core/event_groups.o
 .debug_line    0x000002ba      0x19c build/default/production/FreeRTOS/Core/list.o
 .debug_line    0x00000456      0x45b build/default/production/FreeRTOS/Core/queue.o
 .debug_line    0x000008b1      0x364 build/default/production/FreeRTOS/Core/stream_buffer.o
 .debug_line    0x00000c15      0x731 build/default/production/FreeRTOS/Core/tasks.o
 .debug_line    0x00001346      0x33e build/default/production/FreeRTOS/Core/timers.o
 .debug_line    0x00001684      0x26e build/default/production/FreeRTOS/Core/portable/MemMang/heap_4.o
 .debug_line    0x000018f2      0x22c build/default/production/FreeRTOS/Core/portable/MPLAB/PIC32MX/port.o
 .debug_line    0x00001b1e       0xe2 build/default/production/FreeRTOS/Core/portable/MPLAB/PIC32MX/port_asm.o
 .debug_line    0x00001c00      0x3d2 build/default/production/FreeRTOS/TCPIP/FreeRTOS_ARP.o
 .debug_line    0x00001fd2      0x431 build/default/production/FreeRTOS/TCPIP/FreeRTOS_DHCP.o
 .debug_line    0x00002403      0x553 build/default/production/FreeRTOS/TCPIP/FreeRTOS_DNS.o
 .debug_line    0x00002956      0x6bf build/default/production/FreeRTOS/TCPIP/FreeRTOS_IP.o
 .debug_line    0x00003015      0x95e build/default/production/FreeRTOS/TCPIP/FreeRTOS_Sockets.o
 .debug_line    0x00003973      0x279 build/default/production/FreeRTOS/TCPIP/FreeRTOS_Stream_Buffer.o
 .debug_line    0x00003bec      0x915 build/default/production/FreeRTOS/TCPIP/FreeRTOS_TCP_IP.o
 .debug_line    0x00004501      0x574 build/default/production/FreeRTOS/TCPIP/FreeRTOS_TCP_WIN.o
 .debug_line    0x00004a75      0x391 build/default/production/FreeRTOS/TCPIP/FreeRTOS_UDP_IP.o
 .debug_line    0x00004e06      0x2cc build/default/production/FreeRTOS/TCPIP/portable/BufferManagement/BufferAllocation_2.o
 .debug_line    0x000050d2      0x14c build/default/production/ConfigPerformance.o
 .debug_line    0x0000521e      0x5db build/default/production/LAN9250.o
 .debug_line    0x000057f9      0x2a0 build/default/production/NetworkInterface_LAN9250.o
 .debug_line    0x00005a99      0x155 build/default/production/SPI.o
 .debug_line    0x00005bee      0x444 build/default/production/UART.o
 .debug_line    0x00006032      0x2da build/default/production/main.o
 .debug_line    0x0000630c      0x275 build/default/production/LED.o
 .debug_line    0x00006581      0x309 build/default/production/FiberComms.o
 .debug_line    0x0000688a      0x25b build/default/production/min.o
 .debug_line    0x00006ae5       0xb8 build/default/production/System.o
 .debug_line    0x00006b9d       0xf7 c:/program files/microchip/xc32/v2.50/bin/bin/../../lib/gcc/pic32mx/4.8.3\libgcc.a(_udivdi3.o)
 .debug_line    0x00006c94       0xa6 c:/program files/microchip/xc32/v2.50/bin/bin/../../lib/gcc/pic32mx/4.8.3/../../../../pic32mx/lib\libpic32.a(default-bootstrap-exception-handler.o)
 .debug_line    0x00006d3a       0x93 c:/program files/microchip/xc32/v2.50/bin/bin/../../lib/gcc/pic32mx/4.8.3/../../../../pic32mx/lib\libpic32.a(default-on-reset.o)
 .debug_line    0x00006dcd       0x97 c:/program files/microchip/xc32/v2.50/bin/bin/../../lib/gcc/pic32mx/4.8.3/../../../../pic32mx/lib\libpic32.a(default-on-bootstrap.o)
 .debug_line    0x00006e64       0xa5 c:/program files/microchip/xc32/v2.50/bin/bin/../../lib/gcc/pic32mx/4.8.3/../../../../pic32mx/lib\libpic32.a(defaultinterrupt.o)
 .debug_line    0x00006f09      0x109 c:/program files/microchip/xc32/v2.50/bin/bin/../../lib/gcc/pic32mx/4.8.3\libgcc.a(_umoddi3.o)
 .debug_line    0x00007012       0x8c c:/program files/microchip/xc32/v2.50/bin/bin/../../lib/gcc/pic32mx/4.8.3/../../../../pic32mx/lib\libpic32.a(_mon_getc.o)
 .debug_line    0x0000709e       0x8d c:/program files/microchip/xc32/v2.50/bin/bin/../../lib/gcc/pic32mx/4.8.3/../../../../pic32mx/lib\libpic32.a(_mon_write.o)
 .debug_line    0x0000712b        0x0 c:/program files/microchip/xc32/v2.50/bin/bin/../../lib/gcc/pic32mx/4.8.3/../../../../pic32mx/lib\libpic32.a(xc32_uart.o)
 .debug_line    0x0000712b       0x8c c:/program files/microchip/xc32/v2.50/bin/bin/../../lib/gcc/pic32mx/4.8.3/../../../../pic32mx/lib\libpic32.a(_mon_putc.o)

.debug_frame    0x00000000     0x3270
 *(.debug_frame)
 .debug_frame   0x00000000      0x13c build/default/production/FreeRTOS/Core/event_groups.o
 .debug_frame   0x0000013c       0x60 build/default/production/FreeRTOS/Core/list.o
 .debug_frame   0x0000019c      0x338 build/default/production/FreeRTOS/Core/queue.o
 .debug_frame   0x000004d4      0x270 build/default/production/FreeRTOS/Core/stream_buffer.o
 .debug_frame   0x00000744      0x6d8 build/default/production/FreeRTOS/Core/tasks.o
 .debug_frame   0x00000e1c      0x1dc build/default/production/FreeRTOS/Core/timers.o
 .debug_frame   0x00000ff8       0xb8 build/default/production/FreeRTOS/Core/portable/MemMang/heap_4.o
 .debug_frame   0x000010b0       0xd0 build/default/production/FreeRTOS/Core/portable/MPLAB/PIC32MX/port.o
 .debug_frame   0x00001180      0x150 build/default/production/FreeRTOS/TCPIP/FreeRTOS_ARP.o
 .debug_frame   0x000012d0      0x130 build/default/production/FreeRTOS/TCPIP/FreeRTOS_DHCP.o
 .debug_frame   0x00001400      0x138 build/default/production/FreeRTOS/TCPIP/FreeRTOS_DNS.o
 .debug_frame   0x00001538      0x394 build/default/production/FreeRTOS/TCPIP/FreeRTOS_IP.o
 .debug_frame   0x000018cc      0x5d0 build/default/production/FreeRTOS/TCPIP/FreeRTOS_Sockets.o
 .debug_frame   0x00001e9c       0x5c build/default/production/FreeRTOS/TCPIP/FreeRTOS_Stream_Buffer.o
 .debug_frame   0x00001ef8      0x1f4 build/default/production/FreeRTOS/TCPIP/FreeRTOS_TCP_IP.o
 .debug_frame   0x000020ec      0x238 build/default/production/FreeRTOS/TCPIP/FreeRTOS_TCP_WIN.o
 .debug_frame   0x00002324       0x68 build/default/production/FreeRTOS/TCPIP/FreeRTOS_UDP_IP.o
 .debug_frame   0x0000238c       0xe0 build/default/production/FreeRTOS/TCPIP/portable/BufferManagement/BufferAllocation_2.o
 .debug_frame   0x0000246c       0x48 build/default/production/ConfigPerformance.o
 .debug_frame   0x000024b4      0x4f0 build/default/production/LAN9250.o
 .debug_frame   0x000029a4       0xec build/default/production/NetworkInterface_LAN9250.o
 .debug_frame   0x00002a90       0x98 build/default/production/SPI.o
 .debug_frame   0x00002b28      0x230 build/default/production/UART.o
 .debug_frame   0x00002d58       0xb0 build/default/production/main.o
 .debug_frame   0x00002e08       0xbc build/default/production/LED.o
 .debug_frame   0x00002ec4      0x180 build/default/production/FiberComms.o
 .debug_frame   0x00003044       0xac build/default/production/min.o
 .debug_frame   0x000030f0       0x2c build/default/production/System.o
 .debug_frame   0x0000311c       0x20 c:/program files/microchip/xc32/v2.50/bin/bin/../../lib/gcc/pic32mx/4.8.3\libgcc.a(_udivdi3.o)
 .debug_frame   0x0000313c       0x2c c:/program files/microchip/xc32/v2.50/bin/bin/../../lib/gcc/pic32mx/4.8.3/../../../../pic32mx/lib\libpic32.a(default-bootstrap-exception-handler.o)
 .debug_frame   0x00003168       0x20 c:/program files/microchip/xc32/v2.50/bin/bin/../../lib/gcc/pic32mx/4.8.3/../../../../pic32mx/lib\libpic32.a(default-on-reset.o)
 .debug_frame   0x00003188       0x20 c:/program files/microchip/xc32/v2.50/bin/bin/../../lib/gcc/pic32mx/4.8.3/../../../../pic32mx/lib\libpic32.a(default-on-bootstrap.o)
 .debug_frame   0x000031a8       0x20 c:/program files/microchip/xc32/v2.50/bin/bin/../../lib/gcc/pic32mx/4.8.3/../../../../pic32mx/lib\libpic32.a(defaultinterrupt.o)
 .debug_frame   0x000031c8       0x20 c:/program files/microchip/xc32/v2.50/bin/bin/../../lib/gcc/pic32mx/4.8.3\libgcc.a(_umoddi3.o)
 .debug_frame   0x000031e8       0x2c c:/program files/microchip/xc32/v2.50/bin/bin/../../lib/gcc/pic32mx/4.8.3/../../../../pic32mx/lib\libpic32.a(_mon_getc.o)
 .debug_frame   0x00003214       0x30 c:/program files/microchip/xc32/v2.50/bin/bin/../../lib/gcc/pic32mx/4.8.3/../../../../pic32mx/lib\libpic32.a(_mon_write.o)
 .debug_frame   0x00003244       0x2c c:/program files/microchip/xc32/v2.50/bin/bin/../../lib/gcc/pic32mx/4.8.3/../../../../pic32mx/lib\libpic32.a(_mon_putc.o)

.debug_str      0x00000000     0x1425
 *(.debug_str)
 .debug_str     0x00000000       0xf9 build/default/production/FreeRTOS/Core/event_groups.o
 .debug_str     0x000000f9       0x2b build/default/production/FreeRTOS/Core/list.o
 .debug_str     0x00000124      0x149 build/default/production/FreeRTOS/Core/queue.o
 .debug_str     0x0000026d      0x157 build/default/production/FreeRTOS/Core/stream_buffer.o
 .debug_str     0x000003c4      0x242 build/default/production/FreeRTOS/Core/tasks.o
 .debug_str     0x00000606       0xe0 build/default/production/FreeRTOS/Core/timers.o
 .debug_str     0x000006e6       0x74 build/default/production/FreeRTOS/Core/portable/MemMang/heap_4.o
 .debug_str     0x0000075a       0x37 build/default/production/FreeRTOS/Core/portable/MPLAB/PIC32MX/port.o
 .debug_str     0x00000791       0x9c build/default/production/FreeRTOS/TCPIP/FreeRTOS_ARP.o
 .debug_str     0x0000082d       0x74 build/default/production/FreeRTOS/TCPIP/FreeRTOS_DHCP.o
 .debug_str     0x000008a1      0x141 build/default/production/FreeRTOS/TCPIP/FreeRTOS_DNS.o
 .debug_str     0x000009e2      0x1e7 build/default/production/FreeRTOS/TCPIP/FreeRTOS_IP.o
 .debug_str     0x00000bc9      0x255 build/default/production/FreeRTOS/TCPIP/FreeRTOS_Sockets.o
 .debug_str     0x00000e1e       0x28 build/default/production/FreeRTOS/TCPIP/FreeRTOS_Stream_Buffer.o
 .debug_str     0x00000e46      0x219 build/default/production/FreeRTOS/TCPIP/FreeRTOS_TCP_IP.o
 .debug_str     0x0000105f      0x10e build/default/production/FreeRTOS/TCPIP/FreeRTOS_TCP_WIN.o
 .debug_str     0x0000116d       0x6d build/default/production/FreeRTOS/TCPIP/FreeRTOS_UDP_IP.o
 .debug_str     0x000011da       0x38 build/default/production/FreeRTOS/TCPIP/portable/BufferManagement/BufferAllocation_2.o
 .debug_str     0x00001212       0x18 build/default/production/ConfigPerformance.o
 .debug_str     0x0000122a       0xbe build/default/production/LAN9250.o
 .debug_str     0x000012e8       0x7a build/default/production/NetworkInterface_LAN9250.o
 .debug_str     0x00001362        0x0 build/default/production/SPI.o
 .debug_str     0x00001362       0x2d build/default/production/UART.o
 .debug_str     0x0000138f       0x30 build/default/production/main.o
 .debug_str     0x000013bf        0x9 build/default/production/LED.o
 .debug_str     0x000013c8       0x39 build/default/production/FiberComms.o
 .debug_str     0x00001401       0x24 build/default/production/min.o
 .debug_str     0x00001425        0x0 build/default/production/System.o
 .debug_str     0x00001425        0x0 c:/program files/microchip/xc32/v2.50/bin/bin/../../lib/gcc/pic32mx/4.8.3\libgcc.a(_udivdi3.o)
 .debug_str     0x00001425        0x0 c:/program files/microchip/xc32/v2.50/bin/bin/../../lib/gcc/pic32mx/4.8.3/../../../../pic32mx/lib\libpic32.a(default-bootstrap-exception-handler.o)
 .debug_str     0x00001425        0x0 c:/program files/microchip/xc32/v2.50/bin/bin/../../lib/gcc/pic32mx/4.8.3/../../../../pic32mx/lib\libpic32.a(default-on-reset.o)
 .debug_str     0x00001425        0x0 c:/program files/microchip/xc32/v2.50/bin/bin/../../lib/gcc/pic32mx/4.8.3/../../../../pic32mx/lib\libpic32.a(default-on-bootstrap.o)
 .debug_str     0x00001425        0x0 c:/program files/microchip/xc32/v2.50/bin/bin/../../lib/gcc/pic32mx/4.8.3/../../../../pic32mx/lib\libpic32.a(defaultinterrupt.o)
 .debug_str     0x00001425        0x0 c:/program files/microchip/xc32/v2.50/bin/bin/../../lib/gcc/pic32mx/4.8.3\libgcc.a(_umoddi3.o)
 .debug_str     0x00001425        0x0 c:/program files/microchip/xc32/v2.50/bin/bin/../../lib/gcc/pic32mx/4.8.3/../../../../pic32mx/lib\libpic32.a(_mon_getc.o)
 .debug_str     0x00001425        0x0 c:/program files/microchip/xc32/v2.50/bin/bin/../../lib/gcc/pic32mx/4.8.3/../../../../pic32mx/lib\libpic32.a(_mon_write.o)
 .debug_str     0x00001425        0x0 c:/program files/microchip/xc32/v2.50/bin/bin/../../lib/gcc/pic32mx/4.8.3/../../../../pic32mx/lib\libpic32.a(xc32_uart.o)
 .debug_str     0x00001425        0x0 c:/program files/microchip/xc32/v2.50/bin/bin/../../lib/gcc/pic32mx/4.8.3/../../../../pic32mx/lib\libpic32.a(_mon_putc.o)

.debug_loc      0x00000000    0x14794
 *(.debug_loc)
 .debug_loc     0x00000000      0x926 build/default/production/FreeRTOS/Core/event_groups.o
 .debug_loc     0x00000926       0x5c build/default/production/FreeRTOS/Core/list.o
 .debug_loc     0x00000982     0x12ed build/default/production/FreeRTOS/Core/queue.o
 .debug_loc     0x00001c6f     0x116f build/default/production/FreeRTOS/Core/stream_buffer.o
 .debug_loc     0x00002dde     0x1f2f build/default/production/FreeRTOS/Core/tasks.o
 .debug_loc     0x00004d0d      0x84e build/default/production/FreeRTOS/Core/timers.o
 .debug_loc     0x0000555b      0x3b4 build/default/production/FreeRTOS/Core/portable/MemMang/heap_4.o
 .debug_loc     0x0000590f       0xee build/default/production/FreeRTOS/Core/portable/MPLAB/PIC32MX/port.o
 .debug_loc     0x000059fd      0x4e8 build/default/production/FreeRTOS/TCPIP/FreeRTOS_ARP.o
 .debug_loc     0x00005ee5      0x354 build/default/production/FreeRTOS/TCPIP/FreeRTOS_DHCP.o
 .debug_loc     0x00006239      0xf95 build/default/production/FreeRTOS/TCPIP/FreeRTOS_DNS.o
 .debug_loc     0x000071ce     0x13be build/default/production/FreeRTOS/TCPIP/FreeRTOS_IP.o
 .debug_loc     0x0000858c     0x2e79 build/default/production/FreeRTOS/TCPIP/FreeRTOS_Sockets.o
 .debug_loc     0x0000b405      0x421 build/default/production/FreeRTOS/TCPIP/FreeRTOS_Stream_Buffer.o
 .debug_loc     0x0000b826     0x297d build/default/production/FreeRTOS/TCPIP/FreeRTOS_TCP_IP.o
 .debug_loc     0x0000e1a3     0x1996 build/default/production/FreeRTOS/TCPIP/FreeRTOS_TCP_WIN.o
 .debug_loc     0x0000fb39      0x203 build/default/production/FreeRTOS/TCPIP/FreeRTOS_UDP_IP.o
 .debug_loc     0x0000fd3c      0x288 build/default/production/FreeRTOS/TCPIP/portable/BufferManagement/BufferAllocation_2.o
 .debug_loc     0x0000ffc4       0xa0 build/default/production/ConfigPerformance.o
 .debug_loc     0x00010064     0x1f96 build/default/production/LAN9250.o
 .debug_loc     0x00011ffa      0x155 build/default/production/NetworkInterface_LAN9250.o
 .debug_loc     0x0001214f      0x1ad build/default/production/SPI.o
 .debug_loc     0x000122fc      0x3bb build/default/production/UART.o
 .debug_loc     0x000126b7      0x156 build/default/production/main.o
 .debug_loc     0x0001280d       0x8b build/default/production/LED.o
 .debug_loc     0x00012898      0x41e build/default/production/FiberComms.o
 .debug_loc     0x00012cb6      0x56b build/default/production/min.o
 .debug_loc     0x00013221       0x34 build/default/production/System.o
 .debug_loc     0x00013255      0xa6a c:/program files/microchip/xc32/v2.50/bin/bin/../../lib/gcc/pic32mx/4.8.3\libgcc.a(_udivdi3.o)
 .debug_loc     0x00013cbf       0x2c c:/program files/microchip/xc32/v2.50/bin/bin/../../lib/gcc/pic32mx/4.8.3/../../../../pic32mx/lib\libpic32.a(default-bootstrap-exception-handler.o)
 .debug_loc     0x00013ceb      0xa3d c:/program files/microchip/xc32/v2.50/bin/bin/../../lib/gcc/pic32mx/4.8.3\libgcc.a(_umoddi3.o)
 .debug_loc     0x00014728       0x20 c:/program files/microchip/xc32/v2.50/bin/bin/../../lib/gcc/pic32mx/4.8.3/../../../../pic32mx/lib\libpic32.a(_mon_getc.o)
 .debug_loc     0x00014748       0x2c c:/program files/microchip/xc32/v2.50/bin/bin/../../lib/gcc/pic32mx/4.8.3/../../../../pic32mx/lib\libpic32.a(_mon_write.o)
 .debug_loc     0x00014774       0x20 c:/program files/microchip/xc32/v2.50/bin/bin/../../lib/gcc/pic32mx/4.8.3/../../../../pic32mx/lib\libpic32.a(_mon_putc.o)

.debug_macinfo
 *(.debug_macinfo)

.debug_weaknames
 *(.debug_weaknames)

.debug_funcnames
 *(.debug_funcnames)

.debug_typenames
 *(.debug_typenames)

.debug_varnames
 *(.debug_varnames)

.debug_pubtypes
 *(.debug_pubtypes)

.debug_ranges   0x00000000     0x1168
 *(.debug_ranges)
 .debug_ranges  0x00000000       0x18 build/default/production/FreeRTOS/Core/event_groups.o
 .debug_ranges  0x00000018       0xc0 build/default/production/FreeRTOS/Core/queue.o
 .debug_ranges  0x000000d8       0x18 build/default/production/FreeRTOS/Core/stream_buffer.o
 .debug_ranges  0x000000f0       0x78 build/default/production/FreeRTOS/Core/tasks.o
 .debug_ranges  0x00000168       0x90 build/default/production/FreeRTOS/Core/timers.o
 .debug_ranges  0x000001f8       0x18 build/default/production/FreeRTOS/Core/portable/MemMang/heap_4.o
 .debug_ranges  0x00000210       0x30 build/default/production/FreeRTOS/TCPIP/FreeRTOS_ARP.o
 .debug_ranges  0x00000240       0x80 build/default/production/FreeRTOS/TCPIP/FreeRTOS_DHCP.o
 .debug_ranges  0x000002c0      0x208 build/default/production/FreeRTOS/TCPIP/FreeRTOS_DNS.o
 .debug_ranges  0x000004c8      0x168 build/default/production/FreeRTOS/TCPIP/FreeRTOS_IP.o
 .debug_ranges  0x00000630      0x240 build/default/production/FreeRTOS/TCPIP/FreeRTOS_Sockets.o
 .debug_ranges  0x00000870       0x18 build/default/production/FreeRTOS/TCPIP/FreeRTOS_Stream_Buffer.o
 .debug_ranges  0x00000888      0x418 build/default/production/FreeRTOS/TCPIP/FreeRTOS_TCP_IP.o
 .debug_ranges  0x00000ca0      0x128 build/default/production/FreeRTOS/TCPIP/FreeRTOS_TCP_WIN.o
 .debug_ranges  0x00000dc8       0x98 build/default/production/LAN9250.o
 .debug_ranges  0x00000e60       0x30 build/default/production/UART.o
 .debug_ranges  0x00000e90       0x48 build/default/production/FiberComms.o
 .debug_ranges  0x00000ed8       0xb0 build/default/production/min.o
 .debug_ranges  0x00000f88       0x98 c:/program files/microchip/xc32/v2.50/bin/bin/../../lib/gcc/pic32mx/4.8.3\libgcc.a(_udivdi3.o)
 .debug_ranges  0x00001020       0x10 c:/program files/microchip/xc32/v2.50/bin/bin/../../lib/gcc/pic32mx/4.8.3/../../../../pic32mx/lib\libpic32.a(default-bootstrap-exception-handler.o)
 .debug_ranges  0x00001030       0x10 c:/program files/microchip/xc32/v2.50/bin/bin/../../lib/gcc/pic32mx/4.8.3/../../../../pic32mx/lib\libpic32.a(default-on-reset.o)
 .debug_ranges  0x00001040       0x10 c:/program files/microchip/xc32/v2.50/bin/bin/../../lib/gcc/pic32mx/4.8.3/../../../../pic32mx/lib\libpic32.a(default-on-bootstrap.o)
 .debug_ranges  0x00001050       0x10 c:/program files/microchip/xc32/v2.50/bin/bin/../../lib/gcc/pic32mx/4.8.3/../../../../pic32mx/lib\libpic32.a(defaultinterrupt.o)
 .debug_ranges  0x00001060       0xd8 c:/program files/microchip/xc32/v2.50/bin/bin/../../lib/gcc/pic32mx/4.8.3\libgcc.a(_umoddi3.o)
 .debug_ranges  0x00001138       0x10 c:/program files/microchip/xc32/v2.50/bin/bin/../../lib/gcc/pic32mx/4.8.3/../../../../pic32mx/lib\libpic32.a(_mon_getc.o)
 .debug_ranges  0x00001148       0x10 c:/program files/microchip/xc32/v2.50/bin/bin/../../lib/gcc/pic32mx/4.8.3/../../../../pic32mx/lib\libpic32.a(_mon_write.o)
 .debug_ranges  0x00001158       0x10 c:/program files/microchip/xc32/v2.50/bin/bin/../../lib/gcc/pic32mx/4.8.3/../../../../pic32mx/lib\libpic32.a(_mon_putc.o)

.gnu.attributes
                0x00000000       0x10
 *(.gnu.attributes)
 .gnu.attributes
                0x00000000       0x10 build/default/production/FreeRTOS/Core/event_groups.o
 .gnu.attributes
                0x00000010       0x10 build/default/production/FreeRTOS/Core/list.o
 .gnu.attributes
                0x00000020       0x10 build/default/production/FreeRTOS/Core/queue.o
 .gnu.attributes
                0x00000030       0x10 build/default/production/FreeRTOS/Core/stream_buffer.o
 .gnu.attributes
                0x00000040       0x10 build/default/production/FreeRTOS/Core/tasks.o
 .gnu.attributes
                0x00000050       0x10 build/default/production/FreeRTOS/Core/timers.o
 .gnu.attributes
                0x00000060       0x10 build/default/production/FreeRTOS/Core/portable/MemMang/heap_4.o
 .gnu.attributes
                0x00000070       0x10 build/default/production/FreeRTOS/Core/portable/MPLAB/PIC32MX/port.o
 .gnu.attributes
                0x00000080       0x10 build/default/production/FreeRTOS/TCPIP/FreeRTOS_ARP.o
 .gnu.attributes
                0x00000090       0x10 build/default/production/FreeRTOS/TCPIP/FreeRTOS_DHCP.o
 .gnu.attributes
                0x000000a0       0x10 build/default/production/FreeRTOS/TCPIP/FreeRTOS_DNS.o
 .gnu.attributes
                0x000000b0       0x10 build/default/production/FreeRTOS/TCPIP/FreeRTOS_IP.o
 .gnu.attributes
                0x000000c0       0x10 build/default/production/FreeRTOS/TCPIP/FreeRTOS_Sockets.o
 .gnu.attributes
                0x000000d0       0x10 build/default/production/FreeRTOS/TCPIP/FreeRTOS_Stream_Buffer.o
 .gnu.attributes
                0x000000e0       0x10 build/default/production/FreeRTOS/TCPIP/FreeRTOS_TCP_IP.o
 .gnu.attributes
                0x000000f0       0x10 build/default/production/FreeRTOS/TCPIP/FreeRTOS_TCP_WIN.o
 .gnu.attributes
                0x00000100       0x10 build/default/production/FreeRTOS/TCPIP/FreeRTOS_UDP_IP.o
 .gnu.attributes
                0x00000110       0x10 build/default/production/FreeRTOS/TCPIP/portable/BufferManagement/BufferAllocation_2.o
 .gnu.attributes
                0x00000120       0x10 build/default/production/ConfigPerformance.o
 .gnu.attributes
                0x00000130       0x10 build/default/production/LAN9250.o
 .gnu.attributes
                0x00000140       0x10 build/default/production/NetworkInterface_LAN9250.o
 .gnu.attributes
                0x00000150       0x10 build/default/production/SPI.o
 .gnu.attributes
                0x00000160       0x10 build/default/production/UART.o
 .gnu.attributes
                0x00000170       0x10 build/default/production/main.o
 .gnu.attributes
                0x00000180       0x10 build/default/production/LED.o
 .gnu.attributes
                0x00000190       0x10 build/default/production/FiberComms.o
 .gnu.attributes
                0x000001a0       0x10 build/default/production/min.o
 .gnu.attributes
                0x000001b0       0x10 build/default/production/System.o
 .gnu.attributes
                0x000001c0       0x10 c:/program files/microchip/xc32/v2.50/bin/bin/../../lib/gcc/pic32mx/4.8.3\libgcc.a(_udivdi3.o)
 .gnu.attributes
                0x000001d0       0x10 c:/program files/microchip/xc32/v2.50/bin/bin/../../lib/gcc/pic32mx/4.8.3/../../../../pic32mx/lib\libpic32.a(default-bootstrap-exception-handler.o)
 .gnu.attributes
                0x000001e0       0x10 c:/program files/microchip/xc32/v2.50/bin/bin/../../lib/gcc/pic32mx/4.8.3/../../../../pic32mx/lib\libpic32.a(default-on-reset.o)
 .gnu.attributes
                0x000001f0       0x10 c:/program files/microchip/xc32/v2.50/bin/bin/../../lib/gcc/pic32mx/4.8.3/../../../../pic32mx/lib\libpic32.a(default-on-bootstrap.o)
 .gnu.attributes
                0x00000200       0x10 c:/program files/microchip/xc32/v2.50/bin/bin/../../lib/gcc/pic32mx/4.8.3/../../../../pic32mx/lib\libpic32.a(defaultinterrupt.o)
 .gnu.attributes
                0x00000210       0x10 c:/program files/microchip/xc32/v2.50/bin/bin/../../lib/gcc/pic32mx/4.8.3/../../../../pic32mx/lib\liblega-c.a(memmove.o)
 .gnu.attributes
                0x00000220       0x10 c:/program files/microchip/xc32/v2.50/bin/bin/../../lib/gcc/pic32mx/4.8.3/../../../../pic32mx/lib\liblega-c.a(rand.o)
 .gnu.attributes
                0x00000230       0x10 c:/program files/microchip/xc32/v2.50/bin/bin/../../lib/gcc/pic32mx/4.8.3/../../../../pic32mx/lib\liblega-c.a(sprintf_cdnopuxX.eo)
 .gnu.attributes
                0x00000240       0x10 c:/program files/microchip/xc32/v2.50/bin/bin/../../lib/gcc/pic32mx/4.8.3/../../../../pic32mx/lib\liblega-c.a(snprintf_cdnopsuxX.eo)
 .gnu.attributes
                0x00000250       0x10 c:/program files/microchip/xc32/v2.50/bin/bin/../../lib/gcc/pic32mx/4.8.3/../../../../pic32mx/lib\liblega-c.a(vsprintf.o)
 .gnu.attributes
                0x00000260       0x10 c:/program files/microchip/xc32/v2.50/bin/bin/../../lib/gcc/pic32mx/4.8.3/../../../../pic32mx/lib\liblega-c.a(stubs.o)
 .gnu.attributes
                0x00000270       0x10 c:/program files/microchip/xc32/v2.50/bin/bin/../../lib/gcc/pic32mx/4.8.3/../../../../pic32mx/lib\liblega-c.a(_doprnt_cdnopsuxX.eo)
 .gnu.attributes
                0x00000280       0x10 c:/program files/microchip/xc32/v2.50/bin/bin/../../lib/gcc/pic32mx/4.8.3/../../../../pic32mx/lib\liblega-c.a(_doprnt.o)
 .gnu.attributes
                0x00000290       0x10 c:/program files/microchip/xc32/v2.50/bin/bin/../../lib/gcc/pic32mx/4.8.3/../../../../pic32mx/lib\liblega-c.a(_iobdata.o)
 .gnu.attributes
                0x000002a0       0x10 c:/program files/microchip/xc32/v2.50/bin/bin/../../lib/gcc/pic32mx/4.8.3/../../../../pic32mx/lib\liblega-c.a(_iobfuncs.o)
 .gnu.attributes
                0x000002b0       0x10 c:/program files/microchip/xc32/v2.50/bin/bin/../../lib/gcc/pic32mx/4.8.3/../../../../pic32mx/lib\liblega-c.a(_iobstring.o)
 .gnu.attributes
                0x000002c0       0x10 c:/program files/microchip/xc32/v2.50/bin/bin/../../lib/gcc/pic32mx/4.8.3/../../../../pic32mx/lib\liblega-c.a(fputc.o)
 .gnu.attributes
                0x000002d0       0x10 c:/program files/microchip/xc32/v2.50/bin/bin/../../lib/gcc/pic32mx/4.8.3/../../../../pic32mx/lib\liblega-c.a(errno.o)
 .gnu.attributes
                0x000002e0       0x10 c:/program files/microchip/xc32/v2.50/bin/bin/../../lib/gcc/pic32mx/4.8.3\libgcc.a(_umoddi3.o)
 .gnu.attributes
                0x000002f0       0x10 c:/program files/microchip/xc32/v2.50/bin/bin/../../lib/gcc/pic32mx/4.8.3/../../../../pic32mx/lib\libpic32.a(_mon_getc.o)
 .gnu.attributes
                0x00000300       0x10 c:/program files/microchip/xc32/v2.50/bin/bin/../../lib/gcc/pic32mx/4.8.3/../../../../pic32mx/lib\libpic32.a(_mon_write.o)
 .gnu.attributes
                0x00000310       0x10 c:/program files/microchip/xc32/v2.50/bin/bin/../../lib/gcc/pic32mx/4.8.3/../../../../pic32mx/lib\libpic32.a(xc32_uart.o)
 .gnu.attributes
                0x00000320       0x10 c:/program files/microchip/xc32/v2.50/bin/bin/../../lib/gcc/pic32mx/4.8.3/../../../../pic32mx/lib\libpic32.a(_mon_putc.o)
LOAD c:/program files/microchip/xc32/v2.50/bin/bin/../../lib/gcc/pic32mx/4.8.3\libgcc.a
START GROUP
LOAD c:/program files/microchip/xc32/v2.50/bin/bin/../../lib/gcc/pic32mx/4.8.3/../../../../pic32mx/lib\libpic32.a
LOAD c:/program files/microchip/xc32/v2.50/bin/bin/../../lib/gcc/pic32mx/4.8.3/../../../../pic32mx/lib\libdebug.a
LOAD c:/program files/microchip/xc32/v2.50/bin/bin/../../lib/gcc/pic32mx/4.8.3/../../../../pic32mx/lib\libpic32.a
LOAD c:/program files/microchip/xc32/v2.50/bin/bin/../../lib/gcc/pic32mx/4.8.3/../../../../pic32mx/lib\liblega-c.a
LOAD c:/program files/microchip/xc32/v2.50/bin/bin/../../lib/gcc/pic32mx/4.8.3/../../../../pic32mx/lib\libm.a
LOAD c:/program files/microchip/xc32/v2.50/bin/bin/../../lib/gcc/pic32mx/4.8.3/../../../../pic32mx/lib\libe.a
LOAD c:/program files/microchip/xc32/v2.50/bin/bin/../../lib/gcc/pic32mx/4.8.3/../../../../pic32mx/lib\libdsp.a
LOAD c:/program files/microchip/xc32/v2.50/bin/bin/../../lib/gcc/pic32mx/4.8.3\libgcc.a
LOAD c:/program files/microchip/xc32/v2.50/bin/bin/../../lib/gcc/pic32mx/4.8.3/../../../../pic32mx/lib\libpic32.a
END GROUP
LOAD c:/program files/microchip/xc32/v2.50/bin/bin/../../lib/gcc/pic32mx/4.8.3\libgcc.a
OUTPUT(dist/default/production/UD3_Fibernet.X.production.elf elf32-tradlittlemips)
LOAD stack
LOAD data_init

.reginfo        0x00000000       0x18
 .reginfo       0x00000000       0x18 c:/program files/microchip/xc32/v2.50/bin/bin/../../lib/gcc/pic32mx/4.8.3/../../../../pic32mx/lib\debug-exception-return.o

.stack          0xa000e8c0      0x400
 .stack         0xa000e8c0      0x400 stack

.bss            0xa0000148     0xdf5c
 .bss           0xa0000148     0xd6d8 build/default/production/FreeRTOS/Core/portable/MemMang/heap_4.o
 .bss           0xa000d820      0x884 build/default/production/FreeRTOS/TCPIP/portable/BufferManagement/BufferAllocation_2.o

.bss            0xa000e0a8      0x3e8
 .bss           0xa000e0a8      0x3e8 build/default/production/FreeRTOS/Core/portable/MPLAB/PIC32MX/port.o
                0xa000e0a8                xISRStack

.data           0xa000e490       0xd4
 .data          0xa000e490       0xd4 c:/program files/microchip/xc32/v2.50/bin/bin/../../lib/gcc/pic32mx/4.8.3/../../../../pic32mx/lib\liblega-c.a(_iobdata.o)

.bss            0xa000e564      0x150
 .bss           0xa000e564       0xc8 build/default/production/FreeRTOS/Core/tasks.o
 .bss           0xa000e62c       0x88 c:/program files/microchip/xc32/v2.50/bin/bin/../../lib/gcc/pic32mx/4.8.3/../../../../pic32mx/lib\liblega-c.a(_iobdata.o)
