
Optional file libmchp_peripheral.a not found

Optional file libmchp_peripheral_32MX270F256B.a not found
Archive member included because of file (symbol)

c:/program files/microchip/xc32/v2.50/bin/bin/../../lib/gcc/pic32mx/4.8.3\libgcc.a(_udivdi3.o)
                              build/default/production/UART.o (__udivdi3)
c:/program files/microchip/xc32/v2.50/bin/bin/../../lib/gcc/pic32mx/4.8.3/../../../../pic32mx/lib\libpic32.a(memcmp.o)
                              build/default/production/FreeRTOS/Core/portable/MPLAB/PIC32MX/port.o (memcmp)
c:/program files/microchip/xc32/v2.50/bin/bin/../../lib/gcc/pic32mx/4.8.3/../../../../pic32mx/lib\libpic32.a(memcpy.o)
                              build/default/production/FreeRTOS/Core/queue.o (memcpy)
c:/program files/microchip/xc32/v2.50/bin/bin/../../lib/gcc/pic32mx/4.8.3/../../../../pic32mx/lib\libpic32.a(memset.o)
                              build/default/production/FreeRTOS/Core/stream_buffer.o (memset)
c:/program files/microchip/xc32/v2.50/bin/bin/../../lib/gcc/pic32mx/4.8.3/../../../../pic32mx/lib\libpic32.a(strcmp.o)
                              build/default/production/FreeRTOS/TCPIP/FreeRTOS_DNS.o (strcmp)
c:/program files/microchip/xc32/v2.50/bin/bin/../../lib/gcc/pic32mx/4.8.3/../../../../pic32mx/lib\libpic32.a(strcpy.o)
                              build/default/production/FreeRTOS/TCPIP/FreeRTOS_DNS.o (strcpy)
c:/program files/microchip/xc32/v2.50/bin/bin/../../lib/gcc/pic32mx/4.8.3/../../../../pic32mx/lib\libpic32.a(strlen.o)
                              build/default/production/FreeRTOS/TCPIP/FreeRTOS_DNS.o (strlen)
c:/program files/microchip/xc32/v2.50/bin/bin/../../lib/gcc/pic32mx/4.8.3/../../../../pic32mx/lib\libpic32.a(default-bootstrap-exception-handler.o)
                              C:\Users\Thorb\AppData\Local\Temp\cc2mhttQ.o (_bootstrap_exception_handler)
c:/program files/microchip/xc32/v2.50/bin/bin/../../lib/gcc/pic32mx/4.8.3/../../../../pic32mx/lib\libpic32.a(default-on-reset.o)
                              C:\Users\Thorb\AppData\Local\Temp\cc2mhttQ.o (_on_reset)
c:/program files/microchip/xc32/v2.50/bin/bin/../../lib/gcc/pic32mx/4.8.3/../../../../pic32mx/lib\libpic32.a(default-on-bootstrap.o)
                              C:\Users\Thorb\AppData\Local\Temp\cc2mhttQ.o (_on_bootstrap)
c:/program files/microchip/xc32/v2.50/bin/bin/../../lib/gcc/pic32mx/4.8.3/../../../../pic32mx/lib\libpic32.a(default-nmi-handler.o)
                              C:\Users\Thorb\AppData\Local\Temp\cc2mhttQ.o (_nmi_handler)
c:/program files/microchip/xc32/v2.50/bin/bin/../../lib/gcc/pic32mx/4.8.3/../../../../pic32mx/lib\libpic32.a(pic32_data_init.o)
                              C:\Users\Thorb\AppData\Local\Temp\cc2mhttQ.o (__pic32_data_init)
c:/program files/microchip/xc32/v2.50/bin/bin/../../lib/gcc/pic32mx/4.8.3/../../../../pic32mx/lib\libpic32.a(general-exception.o)
                              C:\Users\Thorb\AppData\Local\Temp\cc2mhttQ.o (_general_exception_context)
c:/program files/microchip/xc32/v2.50/bin/bin/../../lib/gcc/pic32mx/4.8.3/../../../../pic32mx/lib\libpic32.a(vector0.o)
                              C:\Users\Thorb\AppData\Local\Temp\ccdlerLZ.o (__vector_dispatch_0)
c:/program files/microchip/xc32/v2.50/bin/bin/../../lib/gcc/pic32mx/4.8.3/../../../../pic32mx/lib\libpic32.a(vector2.o)
                              C:\Users\Thorb\AppData\Local\Temp\ccdlerLZ.o (__vector_dispatch_2)
c:/program files/microchip/xc32/v2.50/bin/bin/../../lib/gcc/pic32mx/4.8.3/../../../../pic32mx/lib\libpic32.a(vector3.o)
                              C:\Users\Thorb\AppData\Local\Temp\ccdlerLZ.o (__vector_dispatch_3)
c:/program files/microchip/xc32/v2.50/bin/bin/../../lib/gcc/pic32mx/4.8.3/../../../../pic32mx/lib\libpic32.a(vector5.o)
                              C:\Users\Thorb\AppData\Local\Temp\ccdlerLZ.o (__vector_dispatch_5)
c:/program files/microchip/xc32/v2.50/bin/bin/../../lib/gcc/pic32mx/4.8.3/../../../../pic32mx/lib\libpic32.a(vector6.o)
                              C:\Users\Thorb\AppData\Local\Temp\ccdlerLZ.o (__vector_dispatch_6)
c:/program files/microchip/xc32/v2.50/bin/bin/../../lib/gcc/pic32mx/4.8.3/../../../../pic32mx/lib\libpic32.a(vector7.o)
                              C:\Users\Thorb\AppData\Local\Temp\ccdlerLZ.o (__vector_dispatch_7)
c:/program files/microchip/xc32/v2.50/bin/bin/../../lib/gcc/pic32mx/4.8.3/../../../../pic32mx/lib\libpic32.a(vector8.o)
                              C:\Users\Thorb\AppData\Local\Temp\ccdlerLZ.o (__vector_dispatch_8)
c:/program files/microchip/xc32/v2.50/bin/bin/../../lib/gcc/pic32mx/4.8.3/../../../../pic32mx/lib\libpic32.a(vector9.o)
                              C:\Users\Thorb\AppData\Local\Temp\ccdlerLZ.o (__vector_dispatch_9)
c:/program files/microchip/xc32/v2.50/bin/bin/../../lib/gcc/pic32mx/4.8.3/../../../../pic32mx/lib\libpic32.a(vector10.o)
                              C:\Users\Thorb\AppData\Local\Temp\ccdlerLZ.o (__vector_dispatch_10)
[...]
Memory Configuration

Name             Origin             Length             Attributes
kseg0_program_mem 0x9d000000         0x0003f000         xr
exception_mem    0x9d03f000         0x00001000
debug_exec_mem   0x9fc00490         0x00000760
kseg0_boot_mem   0x9fc00490         0x00000000
kseg1_boot_mem   0xbfc00000         0x00000490
config3          0xbfc00bf0         0x00000004
config2          0xbfc00bf4         0x00000004
config1          0xbfc00bf8         0x00000004
config0          0xbfc00bfc         0x00000004
kseg1_data_mem   0xa0000000         0x00010000         w !x
sfrs             0xbf800000         0x00100000
configsfrs       0xbfc00bf0         0x00000010
*default*        0x00000000         0xffffffff

Linker script and memory map

LOAD c:/program files/microchip/xc32/v2.50/bin/bin/../../lib/gcc/pic32mx/4.8.3/../../../../pic32mx/lib\debug-exception-return.o
LOAD build/default/production/FreeRTOS/Core/event_groups.o
LOAD build/default/production/FreeRTOS/Core/list.o
LOAD build/default/production/FreeRTOS/Core/queue.o
LOAD build/default/production/FreeRTOS/Core/stream_buffer.o
LOAD build/default/production/FreeRTOS/Core/tasks.o
LOAD build/default/production/FreeRTOS/Core/timers.o
LOAD build/default/production/FreeRTOS/Core/portable/MemMang/heap_4.o
LOAD build/default/production/FreeRTOS/Core/portable/MPLAB/PIC32MX/port.o
LOAD build/default/production/FreeRTOS/Core/portable/MPLAB/PIC32MX/port_asm.o
LOAD build/default/production/FreeRTOS/TCPIP/FreeRTOS_ARP.o
LOAD build/default/production/FreeRTOS/TCPIP/FreeRTOS_DHCP.o
LOAD build/default/production/FreeRTOS/TCPIP/FreeRTOS_DNS.o
LOAD build/default/production/FreeRTOS/TCPIP/FreeRTOS_IP.o
LOAD build/default/production/FreeRTOS/TCPIP/FreeRTOS_Sockets.o
LOAD build/default/production/FreeRTOS/TCPIP/FreeRTOS_Stream_Buffer.o
LOAD build/default/production/FreeRTOS/TCPIP/FreeRTOS_TCP_IP.o
LOAD build/default/production/FreeRTOS/TCPIP/FreeRTOS_TCP_WIN.o
LOAD build/default/production/FreeRTOS/TCPIP/FreeRTOS_UDP_IP.o
LOAD build/default/production/FreeRTOS/TCPIP/portable/BufferManagement/BufferAllocation_2.o
LOAD build/default/production/ConfigPerformance.o
LOAD build/default/production/LAN9250.o
LOAD build/default/production/NetworkInterface_LAN9250.o
LOAD build/default/production/SPI.o
LOAD build/default/production/UART.o
LOAD build/default/production/main.o
LOAD build/default/production/main_blinky.o
LOAD build/default/production/LED.o
LOAD build/default/production/FiberComms.o
LOAD build/default/production/min.o
                0x00000001                __MPLAB_BUILD = 0x1
LOAD C:\Users\Thorb\AppData\Local\Temp\cc2mhttQ.o
LOAD C:\Users\Thorb\AppData\Local\Temp\cc9BDmkU.o
LOAD C:\Users\Thorb\AppData\Local\Temp\ccdlerLZ.o
LOAD c:/program files/microchip/xc32/v2.50/bin/bin/../../lib/gcc/pic32mx/4.8.3/../../../../pic32mx/lib\pic32_software_reset.o
                0x00000400                PROVIDE (_min_stack_size, 0x400)
START GROUP
LOAD c:/program files/microchip/xc32/v2.50/bin/bin/../../lib/gcc/pic32mx/4.8.3/../../../../pic32mx/lib/./proc/32MX270F256B\processor.o
END GROUP
START GROUP
LOAD libmchp_peripheral.a
END GROUP
START GROUP
LOAD libmchp_peripheral_32MX270F256B.a
END GROUP
                0x00000001                PROVIDE (_vector_spacing, 0x1)
                0x9d03f000                PROVIDE (_ebase_address, 0x9d03f000)
                0xbfc00000                _RESET_ADDR = 0xbfc00000
                0xbfc00380                _BEV_EXCPT_ADDR = 0xbfc00380
                0xbfc00480                _DBG_EXCPT_ADDR = 0xbfc00480
                0x9fc00490                _DBG_CODE_ADDR = 0x9fc00490
                0x00000760                _DBG_CODE_SIZE = 0x760
                0x9d03f180                _GEN_EXCPT_ADDR = (_ebase_address + 0x180)

.config_BFC00BF0
                0xbfc00bf0        0x4
 *(.config_BFC00BF0)
 .config_BFC00BF0
                0xbfc00bf0        0x4 build/default/production/main.o

.config_BFC00BF4
                0xbfc00bf4        0x4
 *(.config_BFC00BF4)
 .config_BFC00BF4
                0xbfc00bf4        0x4 build/default/production/main.o

.config_BFC00BF8
                0xbfc00bf8        0x4
 *(.config_BFC00BF8)
 .config_BFC00BF8
                0xbfc00bf8        0x4 build/default/production/main.o

.config_BFC00BFC
                0xbfc00bfc        0x4
 *(.config_BFC00BFC)
 .config_BFC00BFC
                0xbfc00bfc        0x4 build/default/production/main.o
                0xbfc02000                PROVIDE (_DBG_CODE_ADDR, 0xbfc02000)
                0x00000ff0                PROVIDE (_DBG_CODE_SIZE, 0xff0)

.reset          0xbfc00000      0x178
 *(.reset)
 .reset         0xbfc00000        0x8 C:\Users\Thorb\AppData\Local\Temp\cc2mhttQ.o
                0xbfc00000                _reset
 *(.reset.startup)
 .reset.startup
                0xbfc00008      0x170 C:\Users\Thorb\AppData\Local\Temp\cc2mhttQ.o
                0xbfc00008                _startup

.bev_excpt      0xbfc00380       0x10
 *(.bev_handler)
 .bev_handler   0xbfc00380       0x10 C:\Users\Thorb\AppData\Local\Temp\cc2mhttQ.o

.dbg_excpt      0xbfc00480        0x0
                0xbfc00480                . = (. + DEFINED (_DEBUGGER)?0x8:0x0)

.dbg_code       0x9fc00490        0x0
                0x9fc00490                . = (. + DEFINED (_DEBUGGER)?_DBG_CODE_SIZE:0x0)

.app_excpt      0x9d03f180       0x10
 *(.gen_handler)
 .gen_handler   0x9d03f180       0x10 C:\Users\Thorb\AppData\Local\Temp\cc2mhttQ.o

.vector_0       0x9d03f200        0x8
 *(.vector_0)
 .vector_0      0x9d03f200        0x8 c:/program files/microchip/xc32/v2.50/bin/bin/../../lib/gcc/pic32mx/4.8.3/../../../../pic32mx/lib\libpic32.a(vector0.o)
                0x9d03f200                __vector_dispatch_0
                0x00000001                ASSERT (((_vector_spacing == 0x0) || (SIZEOF (.vector_0) <= (_vector_spacing << 0x5))), function at exception vector 0 too large)

.vector_1       0x9d03f220        0x8
 *(.vector_1)
 .vector_1      0x9d03f220        0x8 build/default/production/FreeRTOS/Core/portable/MPLAB/PIC32MX/port.o
                0x9d03f220                __vector_dispatch_1
                0x00000001                ASSERT (((_vector_spacing == 0x0) || (SIZEOF (.vector_1) <= (_vector_spacing << 0x5))), function at exception vector 1 too large)

.vector_2       0x9d03f240        0x8
 *(.vector_2)
 .vector_2      0x9d03f240        0x8 c:/program files/microchip/xc32/v2.50/bin/bin/../../lib/gcc/pic32mx/4.8.3/../../../../pic32mx/lib\libpic32.a(vector2.o)
                0x9d03f240                __vector_dispatch_2
                0x00000001                ASSERT (((_vector_spacing == 0x0) || (SIZEOF (.vector_2) <= (_vector_spacing << 0x5))), function at exception vector 2 too large)

.vector_3       0x9d03f260        0x8
 *(.vector_3)
 .vector_3      0x9d03f260        0x8 c:/program files/microchip/xc32/v2.50/bin/bin/../../lib/gcc/pic32mx/4.8.3/../../../../pic32mx/lib\libpic32.a(vector3.o)
                0x9d03f260                __vector_dispatch_3
                0x00000001                ASSERT (((_vector_spacing == 0x0) || (SIZEOF (.vector_3) <= (_vector_spacing << 0x5))), function at exception vector 3 too large)

.vector_4       0x9d03f280        0x8
 *(.vector_4)
 .vector_4      0x9d03f280        0x8 build/default/production/FreeRTOS/Core/portable/MPLAB/PIC32MX/port.o
                0x9d03f280                __vector_dispatch_4
                0x00000001                ASSERT (((_vector_spacing == 0x0) || (SIZEOF (.vector_4) <= (_vector_spacing << 0x5))), function at exception vector 4 too large)

.vector_5       0x9d03f2a0        0x8
 *(.vector_5)
 .vector_5      0x9d03f2a0        0x8 c:/program files/microchip/xc32/v2.50/bin/bin/../../lib/gcc/pic32mx/4.8.3/../../../../pic32mx/lib\libpic32.a(vector5.o)
                0x9d03f2a0                __vector_dispatch_5
                0x00000001                ASSERT (((_vector_spacing == 0x0) || (SIZEOF (.vector_5) <= (_vector_spacing << 0x5))), function at exception vector 5 too large)

.vector_6       0x9d03f2c0        0x8
 *(.vector_6)
 .vector_6      0x9d03f2c0        0x8 c:/program files/microchip/xc32/v2.50/bin/bin/../../lib/gcc/pic32mx/4.8.3/../../../../pic32mx/lib\libpic32.a(vector6.o)
                0x9d03f2c0                __vector_dispatch_6
                0x00000001                ASSERT (((_vector_spacing == 0x0) || (SIZEOF (.vector_6) <= (_vector_spacing << 0x5))), function at exception vector 6 too large)

.vector_7       0x9d03f2e0        0x8
 *(.vector_7)
 .vector_7      0x9d03f2e0        0x8 c:/program files/microchip/xc32/v2.50/bin/bin/../../lib/gcc/pic32mx/4.8.3/../../../../pic32mx/lib\libpic32.a(vector7.o)
                0x9d03f2e0                __vector_dispatch_7
                0x00000001                ASSERT (((_vector_spacing == 0x0) || (SIZEOF (.vector_7) <= (_vector_spacing << 0x5))), function at exception vector 7 too large)

.vector_8       0x9d03f300        0x8
 *(.vector_8)
 .vector_8      0x9d03f300        0x8 c:/program files/microchip/xc32/v2.50/bin/bin/../../lib/gcc/pic32mx/4.8.3/../../../../pic32mx/lib\libpic32.a(vector8.o)
                0x9d03f300                __vector_dispatch_8
                0x00000001                ASSERT (((_vector_spacing == 0x0) || (SIZEOF (.vector_8) <= (_vector_spacing << 0x5))), function at exception vector 8 too large)

.vector_9       0x9d03f320        0x8
 *(.vector_9)
 .vector_9      0x9d03f320        0x8 c:/program files/microchip/xc32/v2.50/bin/bin/../../lib/gcc/pic32mx/4.8.3/../../../../pic32mx/lib\libpic32.a(vector9.o)
                0x9d03f320                __vector_dispatch_9
                0x00000001                ASSERT (((_vector_spacing == 0x0) || (SIZEOF (.vector_9) <= (_vector_spacing << 0x5))), function at exception vector 9 too large)

.vector_10      0x9d03f340        0x8
 *(.vector_10)
 .vector_10     0x9d03f340        0x8 c:/program files/microchip/xc32/v2.50/bin/bin/../../lib/gcc/pic32mx/4.8.3/../../../../pic32mx/lib\libpic32.a(vector10.o)
                0x9d03f340                __vector_dispatch_10
                0x00000001                ASSERT (((_vector_spacing == 0x0) || (SIZEOF (.vector_10) <= (_vector_spacing << 0x5))), function at exception vector 10 too large)

.vector_11      0x9d03f360        0x8
 *(.vector_11)
 .vector_11     0x9d03f360        0x8 c:/program files/microchip/xc32/v2.50/bin/bin/../../lib/gcc/pic32mx/4.8.3/../../../../pic32mx/lib\libpic32.a(vector11.o)
                0x9d03f360                __vector_dispatch_11
                0x00000001                ASSERT (((_vector_spacing == 0x0) || (SIZEOF (.vector_11) <= (_vector_spacing << 0x5))), function at exception vector 11 too large)

.vector_12      0x9d03f380        0x8
 *(.vector_12)
 .vector_12     0x9d03f380        0x8 c:/program files/microchip/xc32/v2.50/bin/bin/../../lib/gcc/pic32mx/4.8.3/../../../../pic32mx/lib\libpic32.a(vector12.o)
                0x9d03f380                __vector_dispatch_12
                0x00000001                ASSERT (((_vector_spacing == 0x0) || (SIZEOF (.vector_12) <= (_vector_spacing << 0x5))), function at exception vector 12 too large)

.vector_13      0x9d03f3a0        0x8
 *(.vector_13)
 .vector_13     0x9d03f3a0        0x8 c:/program files/microchip/xc32/v2.50/bin/bin/../../lib/gcc/pic32mx/4.8.3/../../../../pic32mx/lib\libpic32.a(vector13.o)
                0x9d03f3a0                __vector_dispatch_13
                0x00000001                ASSERT (((_vector_spacing == 0x0) || (SIZEOF (.vector_13) <= (_vector_spacing << 0x5))), function at exception vector 13 too large)

.vector_14      0x9d03f3c0        0x8
 *(.vector_14)
 .vector_14     0x9d03f3c0        0x8 c:/program files/microchip/xc32/v2.50/bin/bin/../../lib/gcc/pic32mx/4.8.3/../../../../pic32mx/lib\libpic32.a(vector14.o)
                0x9d03f3c0                __vector_dispatch_14
                0x00000001                ASSERT (((_vector_spacing == 0x0) || (SIZEOF (.vector_14) <= (_vector_spacing << 0x5))), function at exception vector 14 too large)

.vector_15      0x9d03f3e0        0x8
 *(.vector_15)
 .vector_15     0x9d03f3e0        0x8 c:/program files/microchip/xc32/v2.50/bin/bin/../../lib/gcc/pic32mx/4.8.3/../../../../pic32mx/lib\libpic32.a(vector15.o)
                0x9d03f3e0                __vector_dispatch_15
                0x00000001                ASSERT (((_vector_spacing == 0x0) || (SIZEOF (.vector_15) <= (_vector_spacing << 0x5))), function at exception vector 15 too large)

.vector_16      0x9d03f400        0x8
 *(.vector_16)
 .vector_16     0x9d03f400        0x8 c:/program files/microchip/xc32/v2.50/bin/bin/../../lib/gcc/pic32mx/4.8.3/../../../../pic32mx/lib\libpic32.a(vector16.o)
                0x9d03f400                __vector_dispatch_16
                0x00000001                ASSERT (((_vector_spacing == 0x0) || (SIZEOF (.vector_16) <= (_vector_spacing << 0x5))), function at exception vector 16 too large)

.vector_17      0x9d03f420        0x8
 *(.vector_17)
 .vector_17     0x9d03f420        0x8 c:/program files/microchip/xc32/v2.50/bin/bin/../../lib/gcc/pic32mx/4.8.3/../../../../pic32mx/lib\libpic32.a(vector17.o)
                0x9d03f420                __vector_dispatch_17
                0x00000001                ASSERT (((_vector_spacing == 0x0) || (SIZEOF (.vector_17) <= (_vector_spacing << 0x5))), function at exception vector 17 too large)

.vector_18      0x9d03f440        0x8
 *(.vector_18)
 .vector_18     0x9d03f440        0x8 c:/program files/microchip/xc32/v2.50/bin/bin/../../lib/gcc/pic32mx/4.8.3/../../../../pic32mx/lib\libpic32.a(vector18.o)
                0x9d03f440                __vector_dispatch_18
                0x00000001                ASSERT (((_vector_spacing == 0x0) || (SIZEOF (.vector_18) <= (_vector_spacing << 0x5))), function at exception vector 18 too large)

.vector_19      0x9d03f460        0x8
 *(.vector_19)
 .vector_19     0x9d03f460        0x8 c:/program files/microchip/xc32/v2.50/bin/bin/../../lib/gcc/pic32mx/4.8.3/../../../../pic32mx/lib\libpic32.a(vector19.o)
                0x9d03f460                __vector_dispatch_19
                0x00000001                ASSERT (((_vector_spacing == 0x0) || (SIZEOF (.vector_19) <= (_vector_spacing << 0x5))), function at exception vector 19 too large)

.vector_20      0x9d03f480        0x8
 *(.vector_20)
 .vector_20     0x9d03f480        0x8 c:/program files/microchip/xc32/v2.50/bin/bin/../../lib/gcc/pic32mx/4.8.3/../../../../pic32mx/lib\libpic32.a(vector20.o)
                0x9d03f480                __vector_dispatch_20
                0x00000001                ASSERT (((_vector_spacing == 0x0) || (SIZEOF (.vector_20) <= (_vector_spacing << 0x5))), function at exception vector 20 too large)

.vector_21      0x9d03f4a0        0x8
 *(.vector_21)
 .vector_21     0x9d03f4a0        0x8 c:/program files/microchip/xc32/v2.50/bin/bin/../../lib/gcc/pic32mx/4.8.3/../../../../pic32mx/lib\libpic32.a(vector21.o)
                0x9d03f4a0                __vector_dispatch_21
                0x00000001                ASSERT (((_vector_spacing == 0x0) || (SIZEOF (.vector_21) <= (_vector_spacing << 0x5))), function at exception vector 21 too large)

.vector_22      0x9d03f4c0        0x8
 *(.vector_22)
 .vector_22     0x9d03f4c0        0x8 c:/program files/microchip/xc32/v2.50/bin/bin/../../lib/gcc/pic32mx/4.8.3/../../../../pic32mx/lib\libpic32.a(vector22.o)
                0x9d03f4c0                __vector_dispatch_22
                0x00000001                ASSERT (((_vector_spacing == 0x0) || (SIZEOF (.vector_22) <= (_vector_spacing << 0x5))), function at exception vector 22 too large)

.vector_23      0x9d03f4e0        0x8
 *(.vector_23)
 .vector_23     0x9d03f4e0        0x8 c:/program files/microchip/xc32/v2.50/bin/bin/../../lib/gcc/pic32mx/4.8.3/../../../../pic32mx/lib\libpic32.a(vector23.o)
                0x9d03f4e0                __vector_dispatch_23
                0x00000001                ASSERT (((_vector_spacing == 0x0) || (SIZEOF (.vector_23) <= (_vector_spacing << 0x5))), function at exception vector 23 too large)

.vector_24      0x9d03f500        0x8
 *(.vector_24)
 .vector_24     0x9d03f500        0x8 c:/program files/microchip/xc32/v2.50/bin/bin/../../lib/gcc/pic32mx/4.8.3/../../../../pic32mx/lib\libpic32.a(vector24.o)
                0x9d03f500                __vector_dispatch_24
                0x00000001                ASSERT (((_vector_spacing == 0x0) || (SIZEOF (.vector_24) <= (_vector_spacing << 0x5))), function at exception vector 24 too large)

.vector_25      0x9d03f520        0x8
 *(.vector_25)
 .vector_25     0x9d03f520        0x8 c:/program files/microchip/xc32/v2.50/bin/bin/../../lib/gcc/pic32mx/4.8.3/../../../../pic32mx/lib\libpic32.a(vector25.o)
                0x9d03f520                __vector_dispatch_25
                0x00000001                ASSERT (((_vector_spacing == 0x0) || (SIZEOF (.vector_25) <= (_vector_spacing << 0x5))), function at exception vector 25 too large)

.vector_26      0x9d03f540        0x8
 *(.vector_26)
 .vector_26     0x9d03f540        0x8 c:/program files/microchip/xc32/v2.50/bin/bin/../../lib/gcc/pic32mx/4.8.3/../../../../pic32mx/lib\libpic32.a(vector26.o)
                0x9d03f540                __vector_dispatch_26
                0x00000001                ASSERT (((_vector_spacing == 0x0) || (SIZEOF (.vector_26) <= (_vector_spacing << 0x5))), function at exception vector 26 too large)

.vector_27      0x9d03f560        0x8
 *(.vector_27)
 .vector_27     0x9d03f560        0x8 c:/program files/microchip/xc32/v2.50/bin/bin/../../lib/gcc/pic32mx/4.8.3/../../../../pic32mx/lib\libpic32.a(vector27.o)
                0x9d03f560                __vector_dispatch_27
                0x00000001                ASSERT (((_vector_spacing == 0x0) || (SIZEOF (.vector_27) <= (_vector_spacing << 0x5))), function at exception vector 27 too large)

.vector_28      0x9d03f580        0x8
 *(.vector_28)
 .vector_28     0x9d03f580        0x8 c:/program files/microchip/xc32/v2.50/bin/bin/../../lib/gcc/pic32mx/4.8.3/../../../../pic32mx/lib\libpic32.a(vector28.o)
                0x9d03f580                __vector_dispatch_28
                0x00000001                ASSERT (((_vector_spacing == 0x0) || (SIZEOF (.vector_28) <= (_vector_spacing << 0x5))), function at exception vector 28 too large)

.vector_29      0x9d03f5a0        0x8
 *(.vector_29)
 .vector_29     0x9d03f5a0        0x8 c:/program files/microchip/xc32/v2.50/bin/bin/../../lib/gcc/pic32mx/4.8.3/../../../../pic32mx/lib\libpic32.a(vector29.o)
                0x9d03f5a0                __vector_dispatch_29
                0x00000001                ASSERT (((_vector_spacing == 0x0) || (SIZEOF (.vector_29) <= (_vector_spacing << 0x5))), function at exception vector 29 too large)

.vector_30      0x9d03f5c0        0x8
 *(.vector_30)
 .vector_30     0x9d03f5c0        0x8 c:/program files/microchip/xc32/v2.50/bin/bin/../../lib/gcc/pic32mx/4.8.3/../../../../pic32mx/lib\libpic32.a(vector30.o)
                0x9d03f5c0                __vector_dispatch_30
                0x00000001                ASSERT (((_vector_spacing == 0x0) || (SIZEOF (.vector_30) <= (_vector_spacing << 0x5))), function at exception vector 30 too large)

.vector_31      0x9d03f5e0        0x8
 *(.vector_31)
 .vector_31     0x9d03f5e0        0x8 c:/program files/microchip/xc32/v2.50/bin/bin/../../lib/gcc/pic32mx/4.8.3/../../../../pic32mx/lib\libpic32.a(vector31.o)
                0x9d03f5e0                __vector_dispatch_31
                0x00000001                ASSERT (((_vector_spacing == 0x0) || (SIZEOF (.vector_31) <= (_vector_spacing << 0x5))), function at exception vector 31 too large)

.vector_32      0x9d03f600        0x8
 *(.vector_32)
 .vector_32     0x9d03f600        0x8 c:/program files/microchip/xc32/v2.50/bin/bin/../../lib/gcc/pic32mx/4.8.3/../../../../pic32mx/lib\libpic32.a(vector32.o)
                0x9d03f600                __vector_dispatch_32
                0x00000001                ASSERT (((_vector_spacing == 0x0) || (SIZEOF (.vector_32) <= (_vector_spacing << 0x5))), function at exception vector 32 too large)

.vector_33      0x9d03f620        0x8
 *(.vector_33)
 .vector_33     0x9d03f620        0x8 c:/program files/microchip/xc32/v2.50/bin/bin/../../lib/gcc/pic32mx/4.8.3/../../../../pic32mx/lib\libpic32.a(vector33.o)
                0x9d03f620                __vector_dispatch_33
                0x00000001                ASSERT (((_vector_spacing == 0x0) || (SIZEOF (.vector_33) <= (_vector_spacing << 0x5))), function at exception vector 33 too large)

.vector_34      0x9d03f640        0x8
 *(.vector_34)
 .vector_34     0x9d03f640        0x8 c:/program files/microchip/xc32/v2.50/bin/bin/../../lib/gcc/pic32mx/4.8.3/../../../../pic32mx/lib\libpic32.a(vector34.o)
                0x9d03f640                __vector_dispatch_34
                0x00000001                ASSERT (((_vector_spacing == 0x0) || (SIZEOF (.vector_34) <= (_vector_spacing << 0x5))), function at exception vector 34 too large)

.vector_35      0x9d03f660        0x8
 *(.vector_35)
 .vector_35     0x9d03f660        0x8 c:/program files/microchip/xc32/v2.50/bin/bin/../../lib/gcc/pic32mx/4.8.3/../../../../pic32mx/lib\libpic32.a(vector35.o)
                0x9d03f660                __vector_dispatch_35
                0x00000001                ASSERT (((_vector_spacing == 0x0) || (SIZEOF (.vector_35) <= (_vector_spacing << 0x5))), function at exception vector 35 too large)

.vector_36      0x9d03f680        0x8
 *(.vector_36)
 .vector_36     0x9d03f680        0x8 c:/program files/microchip/xc32/v2.50/bin/bin/../../lib/gcc/pic32mx/4.8.3/../../../../pic32mx/lib\libpic32.a(vector36.o)
                0x9d03f680                __vector_dispatch_36
                0x00000001                ASSERT (((_vector_spacing == 0x0) || (SIZEOF (.vector_36) <= (_vector_spacing << 0x5))), function at exception vector 36 too large)

.vector_37      0x9d03f6a0        0x8
 *(.vector_37)
 .vector_37     0x9d03f6a0        0x8 c:/program files/microchip/xc32/v2.50/bin/bin/../../lib/gcc/pic32mx/4.8.3/../../../../pic32mx/lib\libpic32.a(vector37.o)
                0x9d03f6a0                __vector_dispatch_37
                0x00000001                ASSERT (((_vector_spacing == 0x0) || (SIZEOF (.vector_37) <= (_vector_spacing << 0x5))), function at exception vector 37 too large)

.vector_38      0x9d03f6c0        0x8
 *(.vector_38)
 .vector_38     0x9d03f6c0        0x8 c:/program files/microchip/xc32/v2.50/bin/bin/../../lib/gcc/pic32mx/4.8.3/../../../../pic32mx/lib\libpic32.a(vector38.o)
                0x9d03f6c0                __vector_dispatch_38
                0x00000001                ASSERT (((_vector_spacing == 0x0) || (SIZEOF (.vector_38) <= (_vector_spacing << 0x5))), function at exception vector 38 too large)

.vector_39      0x9d03f6e0        0x8
 *(.vector_39)
 .vector_39     0x9d03f6e0        0x8 c:/program files/microchip/xc32/v2.50/bin/bin/../../lib/gcc/pic32mx/4.8.3/../../../../pic32mx/lib\libpic32.a(vector39.o)
                0x9d03f6e0                __vector_dispatch_39
                0x00000001                ASSERT (((_vector_spacing == 0x0) || (SIZEOF (.vector_39) <= (_vector_spacing << 0x5))), function at exception vector 39 too large)

.vector_40      0x9d03f700        0x8
 *(.vector_40)
 .vector_40     0x9d03f700        0x8 build/default/production/LAN9250.o
                0x9d03f700                __vector_dispatch_40
                0x00000001                ASSERT (((_vector_spacing == 0x0) || (SIZEOF (.vector_40) <= (_vector_spacing << 0x5))), function at exception vector 40 too large)

.vector_41      0x9d03f720        0x8
 *(.vector_41)
 .vector_41     0x9d03f720        0x8 build/default/production/LAN9250.o
                0x9d03f720                __vector_dispatch_41
                0x00000001                ASSERT (((_vector_spacing == 0x0) || (SIZEOF (.vector_41) <= (_vector_spacing << 0x5))), function at exception vector 41 too large)

.vector_42      0x9d03f740        0x8
 *(.vector_42)
 .vector_42     0x9d03f740        0x8 build/default/production/UART.o
                0x9d03f740                __vector_dispatch_42
                0x00000001                ASSERT (((_vector_spacing == 0x0) || (SIZEOF (.vector_42) <= (_vector_spacing << 0x5))), function at exception vector 42 too large)

.vector_43      0x9d03f760        0x8
 *(.vector_43)
 .vector_43     0x9d03f760        0x8 build/default/production/UART.o
                0x9d03f760                __vector_dispatch_43
                0x00000001                ASSERT (((_vector_spacing == 0x0) || (SIZEOF (.vector_43) <= (_vector_spacing << 0x5))), function at exception vector 43 too large)

.vector_44      0x9d03f780        0x0
 *(.vector_44)
                0x00000001                ASSERT (((_vector_spacing == 0x0) || (SIZEOF (.vector_44) <= (_vector_spacing << 0x5))), function at exception vector 44 too large)

.vector_45      0x9d03f7a0        0x0
 *(.vector_45)
                0x00000001                ASSERT (((_vector_spacing == 0x0) || (SIZEOF (.vector_45) <= (_vector_spacing << 0x5))), function at exception vector 45 too large)

.vector_46      0x9d03f7c0        0x0
 *(.vector_46)
                0x00000001                ASSERT (((_vector_spacing == 0x0) || (SIZEOF (.vector_46) <= (_vector_spacing << 0x5))), function at exception vector 46 too large)

.vector_47      0x9d03f7e0        0x0
 *(.vector_47)
                0x00000001                ASSERT (((_vector_spacing == 0x0) || (SIZEOF (.vector_47) <= (_vector_spacing << 0x5))), function at exception vector 47 too large)

.vector_48      0x9d03f800        0x0
 *(.vector_48)
                0x00000001                ASSERT (((_vector_spacing == 0x0) || (SIZEOF (.vector_48) <= (_vector_spacing << 0x5))), function at exception vector 48 too large)

.vector_49      0x9d03f820        0x0
 *(.vector_49)
                0x00000001                ASSERT (((_vector_spacing == 0x0) || (SIZEOF (.vector_49) <= (_vector_spacing << 0x5))), function at exception vector 49 too large)

.vector_50      0x9d03f840        0x0
 *(.vector_50)
                0x00000001                ASSERT (((_vector_spacing == 0x0) || (SIZEOF (.vector_50) <= (_vector_spacing << 0x5))), function at exception vector 50 too large)

.vector_51      0x9d03f860        0x0
 *(.vector_51)
                0x00000001                ASSERT (((_vector_spacing == 0x0) || (SIZEOF (.vector_51) <= (_vector_spacing << 0x5))), function at exception vector 51 too large)

.vector_52      0x9d03f880        0x0
 *(.vector_52)
                0x00000001                ASSERT (((_vector_spacing == 0x0) || (SIZEOF (.vector_52) <= (_vector_spacing << 0x5))), function at exception vector 52 too large)

.vector_53      0x9d03f8a0        0x0
 *(.vector_53)
                0x00000001                ASSERT (((_vector_spacing == 0x0) || (SIZEOF (.vector_53) <= (_vector_spacing << 0x5))), function at exception vector 53 too large)

.vector_54      0x9d03f8c0        0x0
 *(.vector_54)
                0x00000001                ASSERT (((_vector_spacing == 0x0) || (SIZEOF (.vector_54) <= (_vector_spacing << 0x5))), function at exception vector 54 too large)

.vector_55      0x9d03f8e0        0x0
 *(.vector_55)
                0x00000001                ASSERT (((_vector_spacing == 0x0) || (SIZEOF (.vector_55) <= (_vector_spacing << 0x5))), function at exception vector 55 too large)

.vector_56      0x9d03f900        0x0
 *(.vector_56)
                0x00000001                ASSERT (((_vector_spacing == 0x0) || (SIZEOF (.vector_56) <= (_vector_spacing << 0x5))), function at exception vector 56 too large)

.vector_57      0x9d03f920        0x0
 *(.vector_57)
                0x00000001                ASSERT (((_vector_spacing == 0x0) || (SIZEOF (.vector_57) <= (_vector_spacing << 0x5))), function at exception vector 57 too large)

.vector_58      0x9d03f940        0x0
 *(.vector_58)
                0x00000001                ASSERT (((_vector_spacing == 0x0) || (SIZEOF (.vector_58) <= (_vector_spacing << 0x5))), function at exception vector 58 too large)

.vector_59      0x9d03f960        0x0
 *(.vector_59)
                0x00000001                ASSERT (((_vector_spacing == 0x0) || (SIZEOF (.vector_59) <= (_vector_spacing << 0x5))), function at exception vector 59 too large)

.vector_60      0x9d03f980        0x0
 *(.vector_60)
                0x00000001                ASSERT (((_vector_spacing == 0x0) || (SIZEOF (.vector_60) <= (_vector_spacing << 0x5))), function at exception vector 60 too large)

.vector_61      0x9d03f9a0        0x0
 *(.vector_61)
                0x00000001                ASSERT (((_vector_spacing == 0x0) || (SIZEOF (.vector_61) <= (_vector_spacing << 0x5))), function at exception vector 61 too large)

.vector_62      0x9d03f9c0        0x0
 *(.vector_62)
                0x00000001                ASSERT (((_vector_spacing == 0x0) || (SIZEOF (.vector_62) <= (_vector_spacing << 0x5))), function at exception vector 62 too large)

.vector_63      0x9d03f9e0        0x0
 *(.vector_63)
                0x00000001                ASSERT (((_vector_spacing == 0x0) || (SIZEOF (.vector_63) <= (_vector_spacing << 0x5))), function at exception vector 63 too large)

.startup
 *(.startup)

.text           0x9d000000        0x0
 *(.stub .gnu.linkonce.t.*)
 *(.text.*personality*)
 *(.mips16.fn.*)
 *(.mips16.call.*)
 *(.gnu.warning)
                0x9d000000                . = ALIGN (0x4)

.init           0x9d000000        0x0
 *crti.o(.init)
 *crtbegin.o(.init)
 *(EXCLUDE_FILE(*crtn.o *crtend?.o *crtend.o) .init)
 *crtend.o(.init)
 *crtn.o(.init)
                0x9d000000                . = ALIGN (0x4)

.fini           0x9d000000        0x0
 *(.fini)
                0x9d000000                . = ALIGN (0x4)

.preinit_array  0x9d000000        0x0
                0x9d000000                PROVIDE (__preinit_array_start, .)
 *(.preinit_array)
                0x9d000000                PROVIDE (__preinit_array_end, .)
                0x9d000000                . = ALIGN (0x4)

.init_array     0x9d000000        0x0
                0x9d000000                PROVIDE (__init_array_start, .)
 *(SORT(.init_array.*))
 *(.init_array)
                0x9d000000                PROVIDE (__init_array_end, .)
                0x9d000000                . = ALIGN (0x4)

.fini_array     0x9d000000        0x0
                0x9d000000                PROVIDE (__fini_array_start, .)
 *(SORT(.fini_array.*))
 *(.fini_array)
                0x9d000000                PROVIDE (__fini_array_end, .)
                0x9d000000                . = ALIGN (0x4)

.ctors          0x9d000000        0x0
 *crtbegin.o(.ctors)
 *crtbegin?.o(.ctors)
 *(EXCLUDE_FILE(*crtend?.o *crtend.o) .ctors)
 *(SORT(.ctors.*))
 *(.ctors)
                0x9d000000                . = ALIGN (0x4)

.dtors          0x9d000000        0x0
 *crtbegin.o(.dtors)
 *crtbegin?.o(.dtors)
 *(EXCLUDE_FILE(*crtend?.o *crtend.o) .dtors)
 *(SORT(.dtors.*))
 *(.dtors)
                0x9d000000                . = ALIGN (0x4)

.rodata         0x9d000000        0x0
 *(.gnu.linkonce.r.*)
 *(.rodata1)
                0x9d000000                . = ALIGN (0x4)

.sdata2         0x9fc00490        0x0
 *(.sdata2 .sdata2.* .gnu.linkonce.s2.*)
                0x9fc00490                . = ALIGN (0x4)

.sbss2          0x9fc00490        0x0
 *(.sbss2 .sbss2.* .gnu.linkonce.sb2.*)
                0x9fc00490                . = ALIGN (0x4)

.eh_frame_hdr
 *(.eh_frame_hdr)
                0x9fc00490                . = ALIGN (0x4)

.eh_frame
 *(.eh_frame)
                0x9fc00490                . = ALIGN (0x4)

.gcc_except_table
 *(.gcc_except_table .gcc_except_table.*)
                0x9fc00490                . = ALIGN (0x4)

.dbg_data       0xa0000000        0x0
                0xa0000000                . = (. + DEFINED (_DEBUGGER)?0x200:0x0)

.jcr            0xa0000000        0x0
 *(.jcr)
                0xa0000000                . = ALIGN (0x4)

.eh_frame
 *(.eh_frame)
                0xa0000000                . = ALIGN (0x4)

.gcc_except_table
 *(.gcc_except_table .gcc_except_table.*)
                0xa0000000                . = ALIGN (0x4)

.persist        0xa0000000        0x0
                0xa0000000                _persist_begin = .
 *(.persist .persist.*)
 *(.pbss .pbss.*)
                0xa0000000                . = ALIGN (0x4)
                0xa0000000                _persist_end = .

.data           0xa0000000        0x0
 *(.gnu.linkonce.d.*)
 *(.data1)
                0xa0000000                . = ALIGN (0x4)
                0xa0000000                . = .
                0xa0007ff0                _gp = (ALIGN (0x10) + 0x7ff0)

.got            0xa0000000        0x0
 *(.got.plt)
 *(.got)
                0xa0000000                . = ALIGN (0x4)

.sdata          0xa0000000       0x18
                0xa0000000                _sdata_begin = .
 *(.sdata .sdata.* .gnu.linkonce.s.*)
 .sdata         0xa0000000        0x4 build/default/production/FreeRTOS/Core/portable/MPLAB/PIC32MX/port.o
                0xa0000000                uxInterruptNesting
 .sdata         0xa0000004        0x4 build/default/production/FreeRTOS/TCPIP/FreeRTOS_IP.o
 .sdata         0xa0000008        0x4 build/default/production/FreeRTOS/TCPIP/FreeRTOS_TCP_WIN.o
 .sdata         0xa000000c        0x4 build/default/production/LED.o
                0xa000000c                ethError
 .sdata         0xa0000010        0x4 c:/program files/microchip/xc32/v2.50/bin/bin/../../lib/gcc/pic32mx/4.8.3/../../../../pic32mx/lib\liblega-c.a(_iobdata.o)
                0xa0000010                _libc_data
 .sdata         0xa0000014        0x4 c:/program files/microchip/xc32/v2.50/bin/bin/../../lib/gcc/pic32mx/4.8.3/../../../../pic32mx/lib\libpic32.a(xc32_uart.o)
                0xa0000014                __XC_UART
                0xa0000018                . = ALIGN (0x4)
                0xa0000018                _sdata_end = .

.lit8
 *(.lit8)

.lit4
 *(.lit4)
                0xa0000018                . = ALIGN (0x4)
                0xa0000018                _data_end = .
                0xa0000018                _bss_begin = .

.sbss           0xa0000018      0x12c
                0xa0000018                _sbss_begin = .
 *(.dynsbss)
 *(.sbss .sbss.* .gnu.linkonce.sb.*)
 .sbss          0xa0000018       0x3c build/default/production/FreeRTOS/Core/tasks.o
                0xa0000018                pxCurrentTCB
 .sbss          0xa0000054       0x14 build/default/production/FreeRTOS/Core/timers.o
 .sbss          0xa0000068       0x20 build/default/production/FreeRTOS/Core/portable/MemMang/heap_4.o
 .sbss          0xa0000088        0x4 build/default/production/FreeRTOS/Core/portable/MPLAB/PIC32MX/port.o
                0xa0000088                uxSavedTaskStackPointer
 .sbss          0xa000008c        0x4 build/default/production/FreeRTOS/TCPIP/FreeRTOS_ARP.o
 .sbss          0xa0000090        0x4 build/default/production/FreeRTOS/TCPIP/FreeRTOS_DHCP.o
 .sbss          0xa0000094        0x4 build/default/production/FreeRTOS/TCPIP/FreeRTOS_DNS.o
 .sbss          0xa0000098       0x28 build/default/production/FreeRTOS/TCPIP/FreeRTOS_IP.o
                0xa0000098                xNetworkEventQueue
                0xa000009c                usPacketIdentifier
 .sbss          0xa00000c0        0x4 build/default/production/FreeRTOS/TCPIP/FreeRTOS_Sockets.o
 .sbss          0xa00000c4        0x8 build/default/production/FreeRTOS/TCPIP/FreeRTOS_TCP_WIN.o
                0xa00000c8                xTCPWindowLoggingLevel
 .sbss          0xa00000cc        0x8 build/default/production/FreeRTOS/TCPIP/portable/BufferManagement/BufferAllocation_2.o
 .sbss          0xa00000d4        0xc build/default/production/LAN9250.o
                0xa00000d8                packetCount
                0xa00000dc                linkState
 .sbss          0xa00000e0        0x4 build/default/production/NetworkInterface_LAN9250.o
 .sbss          0xa00000e4        0xc build/default/production/UART.o
                0xa00000e4                freeNextData
                0xa00000e8                lastScanPosition
                0xa00000ec                currPackageOffset
 .sbss          0xa00000f0        0x8 build/default/production/main_blinky.o
 .sbss          0xa00000f8       0x10 build/default/production/LED.o
                0xa00000f8                minLEDTime
                0xa00000fc                ethLEDTime
                0xa0000100                errLEDTime
                0xa0000104                ethReady
 .sbss          0xa0000108        0x4 c:/program files/microchip/xc32/v2.50/bin/bin/../../lib/gcc/pic32mx/4.8.3/../../../../pic32mx/lib\liblega-c.a(errno.o)
                0xa0000108                errno
 *(.scommon)
 .scommon       0xa000010c        0x8 build/default/production/LAN9250.o
                0xa000010c                ETH_commsSem
                0xa0000110                ETH_commsWaitSem
 .scommon       0xa0000114       0x10 build/default/production/UART.o
                0xa0000114                UART_rxDMAOverflow
                0xa0000118                UART_sendQueue
                0xa000011c                currBuff
                0xa0000120                UART_txDMA
 .scommon       0xa0000124        0xc build/default/production/main_blinky.o
                0xa0000124                xSocket
                0xa0000128                xBindAddress
 .scommon       0xa0000130       0x14 build/default/production/FiberComms.o
                0xa0000130                COMMS_UART
                0xa0000134                xListeningSocket
                0xa0000138                COMMS_UDP
                0xa000013c                lastClient
                0xa0000144                _sbss_end = .
                0xa0000144                . = ALIGN (0x4)

.bss            0xa0000144       0x14
 *(.dynbss)
 *(COMMON)
 COMMON         0xa0000144       0x14 build/default/production/FreeRTOS/TCPIP/FreeRTOS_Sockets.o
                0xa0000144                xBoundTCPSocketsList
                0xa0000158                . = ALIGN ((. != 0x0)?0x4:0x1)
                0xa0000158                . = ALIGN (0x4)
                0xa0000158                _end = .
                0xa0000158                _bss_end = .
                0x00010000                _bmxdudba_address = 0x10000
                0x00010000                _bmxdupba_address = 0x10000

/DISCARD/
 *(.pdr)
 *(.rel.dyn)
 *(.note.GNU-stack)
 *(.note.GNU-stack)
 *(.gnu_debuglink)
 *(.gnu.lto_*)
 *(.discard)

.gptab.sdata
 *(.gptab.data)
 *(.gptab.sdata)

.gptab.sbss
 *(.gptab.bss)
 *(.gptab.sbss)

.mdebug.abi32   0xa0000158        0x0
 *(.mdebug.abi32)
 .mdebug.abi32  0xa0000158        0x0 build/default/production/FreeRTOS/Core/event_groups.o
 .mdebug.abi32  0xa0000158        0x0 build/default/production/FreeRTOS/Core/list.o
 .mdebug.abi32  0xa0000158        0x0 build/default/production/FreeRTOS/Core/queue.o
 .mdebug.abi32  0xa0000158        0x0 build/default/production/FreeRTOS/Core/stream_buffer.o
 .mdebug.abi32  0xa0000158        0x0 build/default/production/FreeRTOS/Core/tasks.o
 .mdebug.abi32  0xa0000158        0x0 build/default/production/FreeRTOS/Core/timers.o
 .mdebug.abi32  0xa0000158        0x0 build/default/production/FreeRTOS/Core/portable/MemMang/heap_4.o
 .mdebug.abi32  0xa0000158        0x0 build/default/production/FreeRTOS/Core/portable/MPLAB/PIC32MX/port.o
 .mdebug.abi32  0xa0000158        0x0 build/default/production/FreeRTOS/TCPIP/FreeRTOS_ARP.o
 .mdebug.abi32  0xa0000158        0x0 build/default/production/FreeRTOS/TCPIP/FreeRTOS_DHCP.o
 .mdebug.abi32  0xa0000158        0x0 build/default/production/FreeRTOS/TCPIP/FreeRTOS_DNS.o
 .mdebug.abi32  0xa0000158        0x0 build/default/production/FreeRTOS/TCPIP/FreeRTOS_IP.o
 .mdebug.abi32  0xa0000158        0x0 build/default/production/FreeRTOS/TCPIP/FreeRTOS_Sockets.o
 .mdebug.abi32  0xa0000158        0x0 build/default/production/FreeRTOS/TCPIP/FreeRTOS_Stream_Buffer.o
 .mdebug.abi32  0xa0000158        0x0 build/default/production/FreeRTOS/TCPIP/FreeRTOS_TCP_IP.o
 .mdebug.abi32  0xa0000158        0x0 build/default/production/FreeRTOS/TCPIP/FreeRTOS_TCP_WIN.o
 .mdebug.abi32  0xa0000158        0x0 build/default/production/FreeRTOS/TCPIP/FreeRTOS_UDP_IP.o
 .mdebug.abi32  0xa0000158        0x0 build/default/production/FreeRTOS/TCPIP/portable/BufferManagement/BufferAllocation_2.o
 .mdebug.abi32  0xa0000158        0x0 build/default/production/ConfigPerformance.o
 .mdebug.abi32  0xa0000158        0x0 build/default/production/LAN9250.o
 .mdebug.abi32  0xa0000158        0x0 build/default/production/NetworkInterface_LAN9250.o
 .mdebug.abi32  0xa0000158        0x0 build/default/production/SPI.o
 .mdebug.abi32  0xa0000158        0x0 build/default/production/UART.o
 .mdebug.abi32  0xa0000158        0x0 build/default/production/main.o
 .mdebug.abi32  0xa0000158        0x0 build/default/production/main_blinky.o
 .mdebug.abi32  0xa0000158        0x0 build/default/production/LED.o
 .mdebug.abi32  0xa0000158        0x0 build/default/production/FiberComms.o
 .mdebug.abi32  0xa0000158        0x0 build/default/production/min.o
 .mdebug.abi32  0xa0000158        0x0 c:/program files/microchip/xc32/v2.50/bin/bin/../../lib/gcc/pic32mx/4.8.3\libgcc.a(_udivdi3.o)
 .mdebug.abi32  0xa0000158        0x0 c:/program files/microchip/xc32/v2.50/bin/bin/../../lib/gcc/pic32mx/4.8.3/../../../../pic32mx/lib\libpic32.a(default-bootstrap-exception-handler.o)
 .mdebug.abi32  0xa0000158        0x0 c:/program files/microchip/xc32/v2.50/bin/bin/../../lib/gcc/pic32mx/4.8.3/../../../../pic32mx/lib\libpic32.a(default-on-reset.o)
 .mdebug.abi32  0xa0000158        0x0 c:/program files/microchip/xc32/v2.50/bin/bin/../../lib/gcc/pic32mx/4.8.3/../../../../pic32mx/lib\libpic32.a(default-on-bootstrap.o)
 .mdebug.abi32  0xa0000158        0x0 c:/program files/microchip/xc32/v2.50/bin/bin/../../lib/gcc/pic32mx/4.8.3/../../../../pic32mx/lib\libpic32.a(defaultinterrupt.o)
 .mdebug.abi32  0xa0000158        0x0 c:/program files/microchip/xc32/v2.50/bin/bin/../../lib/gcc/pic32mx/4.8.3/../../../../pic32mx/lib\liblega-c.a(memmove.o)
 .mdebug.abi32  0xa0000158        0x0 c:/program files/microchip/xc32/v2.50/bin/bin/../../lib/gcc/pic32mx/4.8.3/../../../../pic32mx/lib\liblega-c.a(rand.o)
 .mdebug.abi32  0xa0000158        0x0 c:/program files/microchip/xc32/v2.50/bin/bin/../../lib/gcc/pic32mx/4.8.3/../../../../pic32mx/lib\liblega-c.a(snprintf_cdnopsuxX.eo)
 .mdebug.abi32  0xa0000158        0x0 c:/program files/microchip/xc32/v2.50/bin/bin/../../lib/gcc/pic32mx/4.8.3/../../../../pic32mx/lib\liblega-c.a(stubs.o)
 .mdebug.abi32  0xa0000158        0x0 c:/program files/microchip/xc32/v2.50/bin/bin/../../lib/gcc/pic32mx/4.8.3/../../../../pic32mx/lib\liblega-c.a(_doprnt_cdnopsuxX.eo)
 .mdebug.abi32  0xa0000158        0x0 c:/program files/microchip/xc32/v2.50/bin/bin/../../lib/gcc/pic32mx/4.8.3/../../../../pic32mx/lib\liblega-c.a(_iobdata.o)
 .mdebug.abi32  0xa0000158        0x0 c:/program files/microchip/xc32/v2.50/bin/bin/../../lib/gcc/pic32mx/4.8.3/../../../../pic32mx/lib\liblega-c.a(_iobfuncs.o)
 .mdebug.abi32  0xa0000158        0x0 c:/program files/microchip/xc32/v2.50/bin/bin/../../lib/gcc/pic32mx/4.8.3/../../../../pic32mx/lib\liblega-c.a(_iobstring.o)
 .mdebug.abi32  0xa0000158        0x0 c:/program files/microchip/xc32/v2.50/bin/bin/../../lib/gcc/pic32mx/4.8.3/../../../../pic32mx/lib\liblega-c.a(fputc.o)
 .mdebug.abi32  0xa0000158        0x0 c:/program files/microchip/xc32/v2.50/bin/bin/../../lib/gcc/pic32mx/4.8.3/../../../../pic32mx/lib\liblega-c.a(errno.o)
 .mdebug.abi32  0xa0000158        0x0 c:/program files/microchip/xc32/v2.50/bin/bin/../../lib/gcc/pic32mx/4.8.3\libgcc.a(_umoddi3.o)
 .mdebug.abi32  0xa0000158        0x0 c:/program files/microchip/xc32/v2.50/bin/bin/../../lib/gcc/pic32mx/4.8.3/../../../../pic32mx/lib\libpic32.a(_mon_getc.o)
 .mdebug.abi32  0xa0000158        0x0 c:/program files/microchip/xc32/v2.50/bin/bin/../../lib/gcc/pic32mx/4.8.3/../../../../pic32mx/lib\libpic32.a(_mon_write.o)
 .mdebug.abi32  0xa0000158        0x0 c:/program files/microchip/xc32/v2.50/bin/bin/../../lib/gcc/pic32mx/4.8.3/../../../../pic32mx/lib\libpic32.a(xc32_uart.o)
 .mdebug.abi32  0xa0000158        0x0 c:/program files/microchip/xc32/v2.50/bin/bin/../../lib/gcc/pic32mx/4.8.3/../../../../pic32mx/lib\libpic32.a(_mon_putc.o)

.mdebug.abiN32
 *(.mdebug.abiN32)

.mdebug.abi64
 *(.mdebug.abi64)

.mdebug.abiO64
 *(.mdebug.abiO64)

.mdebug.eabi32
 *(.mdebug.eabi32)

.mdebug.eabi64
 *(.mdebug.eabi64)

.gcc_compiled_long32
 *(.gcc_compiled_long32)

.gcc_compiled_long64
 *(.gcc_compiled_long64)

.stab
 *(.stab)

.stabstr
 *(.stabstr)

.stab.excl
 *(.stab.excl)

.stab.exclstr
 *(.stab.exclstr)

.stab.index
 *(.stab.index)

.stab.indexstr
 *(.stab.indexstr)

.comment        0x00000000      0x3e1
 *(.comment)
 .comment       0x00000000       0x3c build/default/production/FreeRTOS/Core/event_groups.o
                                 0x3d (size before relaxing)
 .comment       0x00000000       0x3d build/default/production/FreeRTOS/Core/list.o
 .comment       0x00000000       0x3d build/default/production/FreeRTOS/Core/queue.o
 .comment       0x00000000       0x3d build/default/production/FreeRTOS/Core/stream_buffer.o
 .comment       0x00000000       0x3d build/default/production/FreeRTOS/Core/tasks.o
 .comment       0x00000000       0x3d build/default/production/FreeRTOS/Core/timers.o
 .comment       0x00000000       0x3d build/default/production/FreeRTOS/Core/portable/MemMang/heap_4.o
 .comment       0x00000000       0x3d build/default/production/FreeRTOS/Core/portable/MPLAB/PIC32MX/port.o
 .comment       0x00000000       0x3d build/default/production/FreeRTOS/TCPIP/FreeRTOS_ARP.o
 .comment       0x00000000       0x3d build/default/production/FreeRTOS/TCPIP/FreeRTOS_DHCP.o
 .comment       0x00000000       0x3d build/default/production/FreeRTOS/TCPIP/FreeRTOS_DNS.o
 .comment       0x00000000       0x3d build/default/production/FreeRTOS/TCPIP/FreeRTOS_IP.o
 .comment       0x00000000       0x3d build/default/production/FreeRTOS/TCPIP/FreeRTOS_Sockets.o
 .comment       0x00000000       0x3d build/default/production/FreeRTOS/TCPIP/FreeRTOS_Stream_Buffer.o
 .comment       0x00000000       0x3d build/default/production/FreeRTOS/TCPIP/FreeRTOS_TCP_IP.o
 .comment       0x00000000       0x3d build/default/production/FreeRTOS/TCPIP/FreeRTOS_TCP_WIN.o
 .comment       0x00000000       0x3d build/default/production/FreeRTOS/TCPIP/FreeRTOS_UDP_IP.o
 .comment       0x00000000       0x3d build/default/production/FreeRTOS/TCPIP/portable/BufferManagement/BufferAllocation_2.o
 .comment       0x00000000       0x3d build/default/production/ConfigPerformance.o
 .comment       0x00000000       0x3d build/default/production/LAN9250.o
 .comment       0x00000000       0x3d build/default/production/NetworkInterface_LAN9250.o
 .comment       0x00000000       0x3d build/default/production/SPI.o
 .comment       0x00000000       0x3d build/default/production/UART.o
 .comment       0x00000000       0x3d build/default/production/main.o
 .comment       0x00000000       0x3d build/default/production/main_blinky.o
 .comment       0x00000000       0x3d build/default/production/LED.o
 .comment       0x00000000       0x3d build/default/production/FiberComms.o
 .comment       0x00000000       0x3d build/default/production/min.o
 .comment       0x00000000       0x3d c:/program files/microchip/xc32/v2.50/bin/bin/../../lib/gcc/pic32mx/4.8.3\libgcc.a(_udivdi3.o)
 .comment       0x0000003c       0x18 c:/program files/microchip/xc32/v2.50/bin/bin/../../lib/gcc/pic32mx/4.8.3/../../../../pic32mx/lib\libpic32.a(memcmp.o)
                                 0x19 (size before relaxing)
 .comment       0x00000054       0x18 c:/program files/microchip/xc32/v2.50/bin/bin/../../lib/gcc/pic32mx/4.8.3/../../../../pic32mx/lib\libpic32.a(memset.o)
                                 0x19 (size before relaxing)
 .comment       0x0000006c       0x19 c:/program files/microchip/xc32/v2.50/bin/bin/../../lib/gcc/pic32mx/4.8.3/../../../../pic32mx/lib\libpic32.a(strcmp.o)
                                 0x1a (size before relaxing)
 .comment       0x00000085       0x19 c:/program files/microchip/xc32/v2.50/bin/bin/../../lib/gcc/pic32mx/4.8.3/../../../../pic32mx/lib\libpic32.a(strcpy.o)
                                 0x1a (size before relaxing)
 .comment       0x0000009e       0x19 c:/program files/microchip/xc32/v2.50/bin/bin/../../lib/gcc/pic32mx/4.8.3/../../../../pic32mx/lib\libpic32.a(strlen.o)
                                 0x1a (size before relaxing)
 .comment       0x00000000       0x3d c:/program files/microchip/xc32/v2.50/bin/bin/../../lib/gcc/pic32mx/4.8.3/../../../../pic32mx/lib\libpic32.a(default-bootstrap-exception-handler.o)
 .comment       0x00000000       0x3d c:/program files/microchip/xc32/v2.50/bin/bin/../../lib/gcc/pic32mx/4.8.3/../../../../pic32mx/lib\libpic32.a(default-on-reset.o)
 .comment       0x00000000       0x3d c:/program files/microchip/xc32/v2.50/bin/bin/../../lib/gcc/pic32mx/4.8.3/../../../../pic32mx/lib\libpic32.a(default-on-bootstrap.o)
 .comment       0x00000000       0x3d c:/program files/microchip/xc32/v2.50/bin/bin/../../lib/gcc/pic32mx/4.8.3/../../../../pic32mx/lib\libpic32.a(defaultinterrupt.o)
 .comment       0x000000b7       0x50 c:/program files/microchip/xc32/v2.50/bin/bin/../../lib/gcc/pic32mx/4.8.3/../../../../pic32mx/lib\liblega-c.a(memmove.o)
                                 0x8d (size before relaxing)
 .comment       0x00000107       0x4d c:/program files/microchip/xc32/v2.50/bin/bin/../../lib/gcc/pic32mx/4.8.3/../../../../pic32mx/lib\liblega-c.a(rand.o)
                                 0x8a (size before relaxing)
 .comment       0x00000154       0x53 c:/program files/microchip/xc32/v2.50/bin/bin/../../lib/gcc/pic32mx/4.8.3/../../../../pic32mx/lib\liblega-c.a(snprintf_cdnopsuxX.eo)
                                 0x90 (size before relaxing)
 .comment       0x000001a7       0x4e c:/program files/microchip/xc32/v2.50/bin/bin/../../lib/gcc/pic32mx/4.8.3/../../../../pic32mx/lib\liblega-c.a(stubs.o)
                                 0x8b (size before relaxing)
 .comment       0x000001f5       0x52 c:/program files/microchip/xc32/v2.50/bin/bin/../../lib/gcc/pic32mx/4.8.3/../../../../pic32mx/lib\liblega-c.a(_doprnt_cdnopsuxX.eo)
                                 0x8f (size before relaxing)
 .comment       0x00000247       0x53 c:/program files/microchip/xc32/v2.50/bin/bin/../../lib/gcc/pic32mx/4.8.3/../../../../pic32mx/lib\liblega-c.a(_iobdata.o)
                                 0x90 (size before relaxing)
 .comment       0x0000029a       0x54 c:/program files/microchip/xc32/v2.50/bin/bin/../../lib/gcc/pic32mx/4.8.3/../../../../pic32mx/lib\liblega-c.a(_iobfuncs.o)
                                 0x91 (size before relaxing)
 .comment       0x000002ee       0x55 c:/program files/microchip/xc32/v2.50/bin/bin/../../lib/gcc/pic32mx/4.8.3/../../../../pic32mx/lib\liblega-c.a(_iobstring.o)
                                 0x92 (size before relaxing)
 .comment       0x00000343       0x50 c:/program files/microchip/xc32/v2.50/bin/bin/../../lib/gcc/pic32mx/4.8.3/../../../../pic32mx/lib\liblega-c.a(fputc.o)
                                 0x8d (size before relaxing)
 .comment       0x00000393       0x4e c:/program files/microchip/xc32/v2.50/bin/bin/../../lib/gcc/pic32mx/4.8.3/../../../../pic32mx/lib\liblega-c.a(errno.o)
                                 0x8b (size before relaxing)
 .comment       0x00000000       0x3d c:/program files/microchip/xc32/v2.50/bin/bin/../../lib/gcc/pic32mx/4.8.3\libgcc.a(_umoddi3.o)
 .comment       0x00000000       0x3d c:/program files/microchip/xc32/v2.50/bin/bin/../../lib/gcc/pic32mx/4.8.3/../../../../pic32mx/lib\libpic32.a(_mon_getc.o)
 .comment       0x00000000       0x3d c:/program files/microchip/xc32/v2.50/bin/bin/../../lib/gcc/pic32mx/4.8.3/../../../../pic32mx/lib\libpic32.a(_mon_write.o)
 .comment       0x00000000       0x3d c:/program files/microchip/xc32/v2.50/bin/bin/../../lib/gcc/pic32mx/4.8.3/../../../../pic32mx/lib\libpic32.a(xc32_uart.o)
 .comment       0x00000000       0x3d c:/program files/microchip/xc32/v2.50/bin/bin/../../lib/gcc/pic32mx/4.8.3/../../../../pic32mx/lib\libpic32.a(_mon_putc.o)

.debug
 *(.debug)

.line
 *(.line)

.debug_srcinfo
 *(.debug_srcinfo)

.debug_sfnames
 *(.debug_sfnames)

.debug_aranges  0x00000000      0x4c0
 *(.debug_aranges)
 .debug_aranges
                0x00000000       0x20 build/default/production/FreeRTOS/Core/event_groups.o
 .debug_aranges
                0x00000020       0x20 build/default/production/FreeRTOS/Core/list.o
 .debug_aranges
                0x00000040       0x20 build/default/production/FreeRTOS/Core/queue.o
 .debug_aranges
                0x00000060       0x20 build/default/production/FreeRTOS/Core/stream_buffer.o
 .debug_aranges
                0x00000080       0x20 build/default/production/FreeRTOS/Core/tasks.o
 .debug_aranges
                0x000000a0       0x20 build/default/production/FreeRTOS/Core/timers.o
 .debug_aranges
                0x000000c0       0x20 build/default/production/FreeRTOS/Core/portable/MemMang/heap_4.o
 .debug_aranges
                0x000000e0       0x20 build/default/production/FreeRTOS/Core/portable/MPLAB/PIC32MX/port.o
 .debug_aranges
                0x00000100       0x20 build/default/production/FreeRTOS/Core/portable/MPLAB/PIC32MX/port_asm.o
 .debug_aranges
                0x00000120       0x20 build/default/production/FreeRTOS/TCPIP/FreeRTOS_ARP.o
 .debug_aranges
                0x00000140       0x20 build/default/production/FreeRTOS/TCPIP/FreeRTOS_DHCP.o
 .debug_aranges
                0x00000160       0x20 build/default/production/FreeRTOS/TCPIP/FreeRTOS_DNS.o
 .debug_aranges
                0x00000180       0x20 build/default/production/FreeRTOS/TCPIP/FreeRTOS_IP.o
 .debug_aranges
                0x000001a0       0x20 build/default/production/FreeRTOS/TCPIP/FreeRTOS_Sockets.o
 .debug_aranges
                0x000001c0       0x20 build/default/production/FreeRTOS/TCPIP/FreeRTOS_Stream_Buffer.o
 .debug_aranges
                0x000001e0       0x20 build/default/production/FreeRTOS/TCPIP/FreeRTOS_TCP_IP.o
 .debug_aranges
                0x00000200       0x20 build/default/production/FreeRTOS/TCPIP/FreeRTOS_TCP_WIN.o
 .debug_aranges
                0x00000220       0x20 build/default/production/FreeRTOS/TCPIP/FreeRTOS_UDP_IP.o
 .debug_aranges
                0x00000240       0x20 build/default/production/FreeRTOS/TCPIP/portable/BufferManagement/BufferAllocation_2.o
 .debug_aranges
                0x00000260       0x20 build/default/production/ConfigPerformance.o
 .debug_aranges
                0x00000280       0x20 build/default/production/LAN9250.o
 .debug_aranges
                0x000002a0       0x20 build/default/production/NetworkInterface_LAN9250.o
 .debug_aranges
                0x000002c0       0x20 build/default/production/SPI.o
 .debug_aranges
                0x000002e0       0x20 build/default/production/UART.o
 .debug_aranges
                0x00000300       0x20 build/default/production/main.o
 .debug_aranges
                0x00000320       0x20 build/default/production/main_blinky.o
 .debug_aranges
                0x00000340       0x20 build/default/production/LED.o
 .debug_aranges
                0x00000360       0x20 build/default/production/FiberComms.o
 .debug_aranges
                0x00000380       0x20 build/default/production/min.o
 .debug_aranges
                0x000003a0       0x20 c:/program files/microchip/xc32/v2.50/bin/bin/../../lib/gcc/pic32mx/4.8.3\libgcc.a(_udivdi3.o)
 .debug_aranges
                0x000003c0       0x20 c:/program files/microchip/xc32/v2.50/bin/bin/../../lib/gcc/pic32mx/4.8.3/../../../../pic32mx/lib\libpic32.a(default-bootstrap-exception-handler.o)
 .debug_aranges
                0x000003e0       0x20 c:/program files/microchip/xc32/v2.50/bin/bin/../../lib/gcc/pic32mx/4.8.3/../../../../pic32mx/lib\libpic32.a(default-on-reset.o)
 .debug_aranges
                0x00000400       0x20 c:/program files/microchip/xc32/v2.50/bin/bin/../../lib/gcc/pic32mx/4.8.3/../../../../pic32mx/lib\libpic32.a(default-on-bootstrap.o)
 .debug_aranges
                0x00000420       0x20 c:/program files/microchip/xc32/v2.50/bin/bin/../../lib/gcc/pic32mx/4.8.3/../../../../pic32mx/lib\libpic32.a(defaultinterrupt.o)
 .debug_aranges
                0x00000440       0x20 c:/program files/microchip/xc32/v2.50/bin/bin/../../lib/gcc/pic32mx/4.8.3\libgcc.a(_umoddi3.o)
 .debug_aranges
                0x00000460       0x20 c:/program files/microchip/xc32/v2.50/bin/bin/../../lib/gcc/pic32mx/4.8.3/../../../../pic32mx/lib\libpic32.a(_mon_getc.o)
 .debug_aranges
                0x00000480       0x20 c:/program files/microchip/xc32/v2.50/bin/bin/../../lib/gcc/pic32mx/4.8.3/../../../../pic32mx/lib\libpic32.a(_mon_write.o)
 .debug_aranges
                0x000004a0       0x20 c:/program files/microchip/xc32/v2.50/bin/bin/../../lib/gcc/pic32mx/4.8.3/../../../../pic32mx/lib\libpic32.a(_mon_putc.o)

.debug_pubnames
 *(.debug_pubnames)

.debug_info     0x00000000    0x2487d
 *(.debug_info .gnu.linkonce.wi.*)
 .debug_info    0x00000000      0x92a build/default/production/FreeRTOS/Core/event_groups.o
 .debug_info    0x0000092a      0x43f build/default/production/FreeRTOS/Core/list.o
 .debug_info    0x00000d69     0x14bb build/default/production/FreeRTOS/Core/queue.o
 .debug_info    0x00002224      0xf71 build/default/production/FreeRTOS/Core/stream_buffer.o
 .debug_info    0x00003195     0x22d1 build/default/production/FreeRTOS/Core/tasks.o
 .debug_info    0x00005466      0xec4 build/default/production/FreeRTOS/Core/timers.o
 .debug_info    0x0000632a      0x6e3 build/default/production/FreeRTOS/Core/portable/MemMang/heap_4.o
 .debug_info    0x00006a0d      0xe1c build/default/production/FreeRTOS/Core/portable/MPLAB/PIC32MX/port.o
 .debug_info    0x00007829       0x83 build/default/production/FreeRTOS/Core/portable/MPLAB/PIC32MX/port_asm.o
 .debug_info    0x000078ac     0x121c build/default/production/FreeRTOS/TCPIP/FreeRTOS_ARP.o
 .debug_info    0x00008ac8     0x1dcd build/default/production/FreeRTOS/TCPIP/FreeRTOS_DHCP.o
 .debug_info    0x0000a895     0x2958 build/default/production/FreeRTOS/TCPIP/FreeRTOS_DNS.o
 .debug_info    0x0000d1ed     0x399b build/default/production/FreeRTOS/TCPIP/FreeRTOS_IP.o
 .debug_info    0x00010b88     0x3fdd build/default/production/FreeRTOS/TCPIP/FreeRTOS_Sockets.o
 .debug_info    0x00014b65      0x624 build/default/production/FreeRTOS/TCPIP/FreeRTOS_Stream_Buffer.o
 .debug_info    0x00015189     0x3dda build/default/production/FreeRTOS/TCPIP/FreeRTOS_TCP_IP.o
 .debug_info    0x00018f63     0x1a39 build/default/production/FreeRTOS/TCPIP/FreeRTOS_TCP_WIN.o
 .debug_info    0x0001a99c     0x19e5 build/default/production/FreeRTOS/TCPIP/FreeRTOS_UDP_IP.o
 .debug_info    0x0001c381      0x7fe build/default/production/FreeRTOS/TCPIP/portable/BufferManagement/BufferAllocation_2.o
 .debug_info    0x0001cb7f      0x7e9 build/default/production/ConfigPerformance.o
 .debug_info    0x0001d368     0x21eb build/default/production/LAN9250.o
 .debug_info    0x0001f553      0x841 build/default/production/NetworkInterface_LAN9250.o
 .debug_info    0x0001fd94      0x6f7 build/default/production/SPI.o
 .debug_info    0x0002048b     0x1081 build/default/production/UART.o
 .debug_info    0x0002150c      0x546 build/default/production/main.o
 .debug_info    0x00021a52      0x587 build/default/production/main_blinky.o
 .debug_info    0x00021fd9      0x3dc build/default/production/LED.o
 .debug_info    0x000223b5      0x7be build/default/production/FiberComms.o
 .debug_info    0x00022b73      0x863 build/default/production/min.o
 .debug_info    0x000233d6      0x74b c:/program files/microchip/xc32/v2.50/bin/bin/../../lib/gcc/pic32mx/4.8.3\libgcc.a(_udivdi3.o)
 .debug_info    0x00023b21       0xf4 c:/program files/microchip/xc32/v2.50/bin/bin/../../lib/gcc/pic32mx/4.8.3/../../../../pic32mx/lib\libpic32.a(default-bootstrap-exception-handler.o)
 .debug_info    0x00023c15       0xcd c:/program files/microchip/xc32/v2.50/bin/bin/../../lib/gcc/pic32mx/4.8.3/../../../../pic32mx/lib\libpic32.a(default-on-reset.o)
 .debug_info    0x00023ce2       0xd5 c:/program files/microchip/xc32/v2.50/bin/bin/../../lib/gcc/pic32mx/4.8.3/../../../../pic32mx/lib\libpic32.a(default-on-bootstrap.o)
 .debug_info    0x00023db7       0xe7 c:/program files/microchip/xc32/v2.50/bin/bin/../../lib/gcc/pic32mx/4.8.3/../../../../pic32mx/lib\libpic32.a(defaultinterrupt.o)
 .debug_info    0x00023e9e      0x788 c:/program files/microchip/xc32/v2.50/bin/bin/../../lib/gcc/pic32mx/4.8.3\libgcc.a(_umoddi3.o)
 .debug_info    0x00024626       0xc7 c:/program files/microchip/xc32/v2.50/bin/bin/../../lib/gcc/pic32mx/4.8.3/../../../../pic32mx/lib\libpic32.a(_mon_getc.o)
 .debug_info    0x000246ed       0xc9 c:/program files/microchip/xc32/v2.50/bin/bin/../../lib/gcc/pic32mx/4.8.3/../../../../pic32mx/lib\libpic32.a(_mon_write.o)
 .debug_info    0x000247b6       0xc7 c:/program files/microchip/xc32/v2.50/bin/bin/../../lib/gcc/pic32mx/4.8.3/../../../../pic32mx/lib\libpic32.a(_mon_putc.o)

.debug_abbrev   0x00000000     0x3c06
 *(.debug_abbrev)
 .debug_abbrev  0x00000000      0x15e build/default/production/FreeRTOS/Core/event_groups.o
 .debug_abbrev  0x0000015e       0xe7 build/default/production/FreeRTOS/Core/list.o
 .debug_abbrev  0x00000245      0x196 build/default/production/FreeRTOS/Core/queue.o
 .debug_abbrev  0x000003db      0x1ba build/default/production/FreeRTOS/Core/stream_buffer.o
 .debug_abbrev  0x00000595      0x24c build/default/production/FreeRTOS/Core/tasks.o
 .debug_abbrev  0x000007e1      0x1db build/default/production/FreeRTOS/Core/timers.o
 .debug_abbrev  0x000009bc      0x167 build/default/production/FreeRTOS/Core/portable/MemMang/heap_4.o
 .debug_abbrev  0x00000b23      0x2aa build/default/production/FreeRTOS/Core/portable/MPLAB/PIC32MX/port.o
 .debug_abbrev  0x00000dcd       0x14 build/default/production/FreeRTOS/Core/portable/MPLAB/PIC32MX/port_asm.o
 .debug_abbrev  0x00000de1      0x277 build/default/production/FreeRTOS/TCPIP/FreeRTOS_ARP.o
 .debug_abbrev  0x00001058      0x2b7 build/default/production/FreeRTOS/TCPIP/FreeRTOS_DHCP.o
 .debug_abbrev  0x0000130f      0x2cc build/default/production/FreeRTOS/TCPIP/FreeRTOS_DNS.o
 .debug_abbrev  0x000015db      0x363 build/default/production/FreeRTOS/TCPIP/FreeRTOS_IP.o
 .debug_abbrev  0x0000193e      0x392 build/default/production/FreeRTOS/TCPIP/FreeRTOS_Sockets.o
 .debug_abbrev  0x00001cd0      0x128 build/default/production/FreeRTOS/TCPIP/FreeRTOS_Stream_Buffer.o
 .debug_abbrev  0x00001df8      0x363 build/default/production/FreeRTOS/TCPIP/FreeRTOS_TCP_IP.o
 .debug_abbrev  0x0000215b      0x26b build/default/production/FreeRTOS/TCPIP/FreeRTOS_TCP_WIN.o
 .debug_abbrev  0x000023c6      0x279 build/default/production/FreeRTOS/TCPIP/FreeRTOS_UDP_IP.o
 .debug_abbrev  0x0000263f      0x192 build/default/production/FreeRTOS/TCPIP/portable/BufferManagement/BufferAllocation_2.o
 .debug_abbrev  0x000027d1      0x147 build/default/production/ConfigPerformance.o
 .debug_abbrev  0x00002918      0x311 build/default/production/LAN9250.o
 .debug_abbrev  0x00002c29      0x1cf build/default/production/NetworkInterface_LAN9250.o
 .debug_abbrev  0x00002df8      0x133 build/default/production/SPI.o
 .debug_abbrev  0x00002f2b      0x269 build/default/production/UART.o
 .debug_abbrev  0x00003194      0x15b build/default/production/main.o
 .debug_abbrev  0x000032ef      0x140 build/default/production/main_blinky.o
 .debug_abbrev  0x0000342f       0xfb build/default/production/LED.o
 .debug_abbrev  0x0000352a      0x18c build/default/production/FiberComms.o
 .debug_abbrev  0x000036b6      0x1b9 build/default/production/min.o
 .debug_abbrev  0x0000386f      0x138 c:/program files/microchip/xc32/v2.50/bin/bin/../../lib/gcc/pic32mx/4.8.3\libgcc.a(_udivdi3.o)
 .debug_abbrev  0x000039a7       0x28 c:/program files/microchip/xc32/v2.50/bin/bin/../../lib/gcc/pic32mx/4.8.3/../../../../pic32mx/lib\libpic32.a(default-bootstrap-exception-handler.o)
 .debug_abbrev  0x000039cf       0x28 c:/program files/microchip/xc32/v2.50/bin/bin/../../lib/gcc/pic32mx/4.8.3/../../../../pic32mx/lib\libpic32.a(default-on-reset.o)
 .debug_abbrev  0x000039f7       0x28 c:/program files/microchip/xc32/v2.50/bin/bin/../../lib/gcc/pic32mx/4.8.3/../../../../pic32mx/lib\libpic32.a(default-on-bootstrap.o)
 .debug_abbrev  0x00003a1f       0x28 c:/program files/microchip/xc32/v2.50/bin/bin/../../lib/gcc/pic32mx/4.8.3/../../../../pic32mx/lib\libpic32.a(defaultinterrupt.o)
 .debug_abbrev  0x00003a47      0x147 c:/program files/microchip/xc32/v2.50/bin/bin/../../lib/gcc/pic32mx/4.8.3\libgcc.a(_umoddi3.o)
 .debug_abbrev  0x00003b8e       0x28 c:/program files/microchip/xc32/v2.50/bin/bin/../../lib/gcc/pic32mx/4.8.3/../../../../pic32mx/lib\libpic32.a(_mon_getc.o)
 .debug_abbrev  0x00003bb6       0x28 c:/program files/microchip/xc32/v2.50/bin/bin/../../lib/gcc/pic32mx/4.8.3/../../../../pic32mx/lib\libpic32.a(_mon_write.o)
 .debug_abbrev  0x00003bde       0x28 c:/program files/microchip/xc32/v2.50/bin/bin/../../lib/gcc/pic32mx/4.8.3/../../../../pic32mx/lib\libpic32.a(_mon_putc.o)

.debug_line     0x00000000     0x7290
 *(.debug_line)
 .debug_line    0x00000000      0x280 build/default/production/FreeRTOS/Core/event_groups.o
 .debug_line    0x00000280      0x1a7 build/default/production/FreeRTOS/Core/list.o
 .debug_line    0x00000427      0x507 build/default/production/FreeRTOS/Core/queue.o
 .debug_line    0x0000092e      0x3c4 build/default/production/FreeRTOS/Core/stream_buffer.o
 .debug_line    0x00000cf2      0x72d build/default/production/FreeRTOS/Core/tasks.o
 .debug_line    0x0000141f      0x31c build/default/production/FreeRTOS/Core/timers.o
 .debug_line    0x0000173b      0x285 build/default/production/FreeRTOS/Core/portable/MemMang/heap_4.o
 .debug_line    0x000019c0      0x239 build/default/production/FreeRTOS/Core/portable/MPLAB/PIC32MX/port.o
 .debug_line    0x00001bf9       0xe2 build/default/production/FreeRTOS/Core/portable/MPLAB/PIC32MX/port_asm.o
 .debug_line    0x00001cdb      0x3c3 build/default/production/FreeRTOS/TCPIP/FreeRTOS_ARP.o
 .debug_line    0x0000209e      0x41c build/default/production/FreeRTOS/TCPIP/FreeRTOS_DHCP.o
 .debug_line    0x000024ba      0x5b2 build/default/production/FreeRTOS/TCPIP/FreeRTOS_DNS.o
 .debug_line    0x00002a6c      0x719 build/default/production/FreeRTOS/TCPIP/FreeRTOS_IP.o
 .debug_line    0x00003185      0xa6a build/default/production/FreeRTOS/TCPIP/FreeRTOS_Sockets.o
 .debug_line    0x00003bef      0x28b build/default/production/FreeRTOS/TCPIP/FreeRTOS_Stream_Buffer.o
 .debug_line    0x00003e7a      0xa23 build/default/production/FreeRTOS/TCPIP/FreeRTOS_TCP_IP.o
 .debug_line    0x0000489d      0x56e build/default/production/FreeRTOS/TCPIP/FreeRTOS_TCP_WIN.o
 .debug_line    0x00004e0b      0x333 build/default/production/FreeRTOS/TCPIP/FreeRTOS_UDP_IP.o
 .debug_line    0x0000513e      0x2d8 build/default/production/FreeRTOS/TCPIP/portable/BufferManagement/BufferAllocation_2.o
 .debug_line    0x00005416      0x160 build/default/production/ConfigPerformance.o
 .debug_line    0x00005576      0x616 build/default/production/LAN9250.o
 .debug_line    0x00005b8c      0x251 build/default/production/NetworkInterface_LAN9250.o
 .debug_line    0x00005ddd      0x169 build/default/production/SPI.o
 .debug_line    0x00005f46      0x3bc build/default/production/UART.o
 .debug_line    0x00006302      0x1f6 build/default/production/main.o
 .debug_line    0x000064f8      0x219 build/default/production/main_blinky.o
 .debug_line    0x00006711      0x15f build/default/production/LED.o
 .debug_line    0x00006870      0x1fd build/default/production/FiberComms.o
 .debug_line    0x00006a6d      0x209 build/default/production/min.o
 .debug_line    0x00006c76       0xf7 c:/program files/microchip/xc32/v2.50/bin/bin/../../lib/gcc/pic32mx/4.8.3\libgcc.a(_udivdi3.o)
 .debug_line    0x00006d6d       0xa6 c:/program files/microchip/xc32/v2.50/bin/bin/../../lib/gcc/pic32mx/4.8.3/../../../../pic32mx/lib\libpic32.a(default-bootstrap-exception-handler.o)
 .debug_line    0x00006e13       0x93 c:/program files/microchip/xc32/v2.50/bin/bin/../../lib/gcc/pic32mx/4.8.3/../../../../pic32mx/lib\libpic32.a(default-on-reset.o)
 .debug_line    0x00006ea6       0x97 c:/program files/microchip/xc32/v2.50/bin/bin/../../lib/gcc/pic32mx/4.8.3/../../../../pic32mx/lib\libpic32.a(default-on-bootstrap.o)
 .debug_line    0x00006f3d       0xa5 c:/program files/microchip/xc32/v2.50/bin/bin/../../lib/gcc/pic32mx/4.8.3/../../../../pic32mx/lib\libpic32.a(defaultinterrupt.o)
 .debug_line    0x00006fe2      0x109 c:/program files/microchip/xc32/v2.50/bin/bin/../../lib/gcc/pic32mx/4.8.3\libgcc.a(_umoddi3.o)
 .debug_line    0x000070eb       0x8c c:/program files/microchip/xc32/v2.50/bin/bin/../../lib/gcc/pic32mx/4.8.3/../../../../pic32mx/lib\libpic32.a(_mon_getc.o)
 .debug_line    0x00007177       0x8d c:/program files/microchip/xc32/v2.50/bin/bin/../../lib/gcc/pic32mx/4.8.3/../../../../pic32mx/lib\libpic32.a(_mon_write.o)
 .debug_line    0x00007204        0x0 c:/program files/microchip/xc32/v2.50/bin/bin/../../lib/gcc/pic32mx/4.8.3/../../../../pic32mx/lib\libpic32.a(xc32_uart.o)
 .debug_line    0x00007204       0x8c c:/program files/microchip/xc32/v2.50/bin/bin/../../lib/gcc/pic32mx/4.8.3/../../../../pic32mx/lib\libpic32.a(_mon_putc.o)

.debug_frame    0x00000000     0x5268
 *(.debug_frame)
 .debug_frame   0x00000000      0x174 build/default/production/FreeRTOS/Core/event_groups.o
 .debug_frame   0x00000174       0xb0 build/default/production/FreeRTOS/Core/list.o
 .debug_frame   0x00000224      0x420 build/default/production/FreeRTOS/Core/queue.o
 .debug_frame   0x00000644      0x300 build/default/production/FreeRTOS/Core/stream_buffer.o
 .debug_frame   0x00000944      0x800 build/default/production/FreeRTOS/Core/tasks.o
 .debug_frame   0x00001144      0x31c build/default/production/FreeRTOS/Core/timers.o
 .debug_frame   0x00001460      0x120 build/default/production/FreeRTOS/Core/portable/MemMang/heap_4.o
 .debug_frame   0x00001580      0x124 build/default/production/FreeRTOS/Core/portable/MPLAB/PIC32MX/port.o
 .debug_frame   0x000016a4      0x1d8 build/default/production/FreeRTOS/TCPIP/FreeRTOS_ARP.o
 .debug_frame   0x0000187c      0x190 build/default/production/FreeRTOS/TCPIP/FreeRTOS_DHCP.o
 .debug_frame   0x00001a0c      0x34c build/default/production/FreeRTOS/TCPIP/FreeRTOS_DNS.o
 .debug_frame   0x00001d58      0x7c0 build/default/production/FreeRTOS/TCPIP/FreeRTOS_IP.o
 .debug_frame   0x00002518      0xa40 build/default/production/FreeRTOS/TCPIP/FreeRTOS_Sockets.o
 .debug_frame   0x00002f58      0x120 build/default/production/FreeRTOS/TCPIP/FreeRTOS_Stream_Buffer.o
 .debug_frame   0x00003078      0x75c build/default/production/FreeRTOS/TCPIP/FreeRTOS_TCP_IP.o
 .debug_frame   0x000037d4      0x4b0 build/default/production/FreeRTOS/TCPIP/FreeRTOS_TCP_WIN.o
 .debug_frame   0x00003c84       0x98 build/default/production/FreeRTOS/TCPIP/FreeRTOS_UDP_IP.o
 .debug_frame   0x00003d1c      0x128 build/default/production/FreeRTOS/TCPIP/portable/BufferManagement/BufferAllocation_2.o
 .debug_frame   0x00003e44       0xb8 build/default/production/ConfigPerformance.o
 .debug_frame   0x00003efc      0x6d8 build/default/production/LAN9250.o
 .debug_frame   0x000045d4      0x14c build/default/production/NetworkInterface_LAN9250.o
 .debug_frame   0x00004720       0xfc build/default/production/SPI.o
 .debug_frame   0x0000481c      0x364 build/default/production/UART.o
 .debug_frame   0x00004b80      0x10c build/default/production/main.o
 .debug_frame   0x00004c8c       0xd0 build/default/production/main_blinky.o
 .debug_frame   0x00004d5c       0xf0 build/default/production/LED.o
 .debug_frame   0x00004e4c      0x160 build/default/production/FiberComms.o
 .debug_frame   0x00004fac      0x168 build/default/production/min.o
 .debug_frame   0x00005114       0x20 c:/program files/microchip/xc32/v2.50/bin/bin/../../lib/gcc/pic32mx/4.8.3\libgcc.a(_udivdi3.o)
 .debug_frame   0x00005134       0x2c c:/program files/microchip/xc32/v2.50/bin/bin/../../lib/gcc/pic32mx/4.8.3/../../../../pic32mx/lib\libpic32.a(default-bootstrap-exception-handler.o)
 .debug_frame   0x00005160       0x20 c:/program files/microchip/xc32/v2.50/bin/bin/../../lib/gcc/pic32mx/4.8.3/../../../../pic32mx/lib\libpic32.a(default-on-reset.o)
 .debug_frame   0x00005180       0x20 c:/program files/microchip/xc32/v2.50/bin/bin/../../lib/gcc/pic32mx/4.8.3/../../../../pic32mx/lib\libpic32.a(default-on-bootstrap.o)
 .debug_frame   0x000051a0       0x20 c:/program files/microchip/xc32/v2.50/bin/bin/../../lib/gcc/pic32mx/4.8.3/../../../../pic32mx/lib\libpic32.a(defaultinterrupt.o)
 .debug_frame   0x000051c0       0x20 c:/program files/microchip/xc32/v2.50/bin/bin/../../lib/gcc/pic32mx/4.8.3\libgcc.a(_umoddi3.o)
 .debug_frame   0x000051e0       0x2c c:/program files/microchip/xc32/v2.50/bin/bin/../../lib/gcc/pic32mx/4.8.3/../../../../pic32mx/lib\libpic32.a(_mon_getc.o)
 .debug_frame   0x0000520c       0x30 c:/program files/microchip/xc32/v2.50/bin/bin/../../lib/gcc/pic32mx/4.8.3/../../../../pic32mx/lib\libpic32.a(_mon_write.o)
 .debug_frame   0x0000523c       0x2c c:/program files/microchip/xc32/v2.50/bin/bin/../../lib/gcc/pic32mx/4.8.3/../../../../pic32mx/lib\libpic32.a(_mon_putc.o)

.debug_str      0x00000000     0x129a
 *(.debug_str)
 .debug_str     0x00000000       0xe6 build/default/production/FreeRTOS/Core/event_groups.o
 .debug_str     0x000000e6       0x2b build/default/production/FreeRTOS/Core/list.o
 .debug_str     0x00000111      0x13b build/default/production/FreeRTOS/Core/queue.o
 .debug_str     0x0000024c      0x142 build/default/production/FreeRTOS/Core/stream_buffer.o
 .debug_str     0x0000038e      0x1d2 build/default/production/FreeRTOS/Core/tasks.o
 .debug_str     0x00000560       0xd2 build/default/production/FreeRTOS/Core/timers.o
 .debug_str     0x00000632       0x57 build/default/production/FreeRTOS/Core/portable/MemMang/heap_4.o
 .debug_str     0x00000689       0x23 build/default/production/FreeRTOS/Core/portable/MPLAB/PIC32MX/port.o
 .debug_str     0x000006ac       0x97 build/default/production/FreeRTOS/TCPIP/FreeRTOS_ARP.o
 .debug_str     0x00000743       0x6f build/default/production/FreeRTOS/TCPIP/FreeRTOS_DHCP.o
 .debug_str     0x000007b2      0x13c build/default/production/FreeRTOS/TCPIP/FreeRTOS_DNS.o
 .debug_str     0x000008ee      0x1e2 build/default/production/FreeRTOS/TCPIP/FreeRTOS_IP.o
 .debug_str     0x00000ad0      0x250 build/default/production/FreeRTOS/TCPIP/FreeRTOS_Sockets.o
 .debug_str     0x00000d20       0x28 build/default/production/FreeRTOS/TCPIP/FreeRTOS_Stream_Buffer.o
 .debug_str     0x00000d48      0x214 build/default/production/FreeRTOS/TCPIP/FreeRTOS_TCP_IP.o
 .debug_str     0x00000f5c      0x109 build/default/production/FreeRTOS/TCPIP/FreeRTOS_TCP_WIN.o
 .debug_str     0x00001065       0x6d build/default/production/FreeRTOS/TCPIP/FreeRTOS_UDP_IP.o
 .debug_str     0x000010d2       0x38 build/default/production/FreeRTOS/TCPIP/portable/BufferManagement/BufferAllocation_2.o
 .debug_str     0x0000110a       0x18 build/default/production/ConfigPerformance.o
 .debug_str     0x00001122       0x95 build/default/production/LAN9250.o
 .debug_str     0x000011b7       0x48 build/default/production/NetworkInterface_LAN9250.o
 .debug_str     0x000011ff        0x0 build/default/production/SPI.o
 .debug_str     0x000011ff       0x3f build/default/production/UART.o
 .debug_str     0x0000123e        0x9 build/default/production/main.o
 .debug_str     0x00001247       0x21 build/default/production/main_blinky.o
 .debug_str     0x00001268        0x9 build/default/production/LED.o
 .debug_str     0x00001271        0x5 build/default/production/FiberComms.o
 .debug_str     0x00001276       0x24 build/default/production/min.o
 .debug_str     0x0000129a        0x0 c:/program files/microchip/xc32/v2.50/bin/bin/../../lib/gcc/pic32mx/4.8.3\libgcc.a(_udivdi3.o)
 .debug_str     0x0000129a        0x0 c:/program files/microchip/xc32/v2.50/bin/bin/../../lib/gcc/pic32mx/4.8.3/../../../../pic32mx/lib\libpic32.a(default-bootstrap-exception-handler.o)
 .debug_str     0x0000129a        0x0 c:/program files/microchip/xc32/v2.50/bin/bin/../../lib/gcc/pic32mx/4.8.3/../../../../pic32mx/lib\libpic32.a(default-on-reset.o)
 .debug_str     0x0000129a        0x0 c:/program files/microchip/xc32/v2.50/bin/bin/../../lib/gcc/pic32mx/4.8.3/../../../../pic32mx/lib\libpic32.a(default-on-bootstrap.o)
 .debug_str     0x0000129a        0x0 c:/program files/microchip/xc32/v2.50/bin/bin/../../lib/gcc/pic32mx/4.8.3/../../../../pic32mx/lib\libpic32.a(defaultinterrupt.o)
 .debug_str     0x0000129a        0x0 c:/program files/microchip/xc32/v2.50/bin/bin/../../lib/gcc/pic32mx/4.8.3\libgcc.a(_umoddi3.o)
 .debug_str     0x0000129a        0x0 c:/program files/microchip/xc32/v2.50/bin/bin/../../lib/gcc/pic32mx/4.8.3/../../../../pic32mx/lib\libpic32.a(_mon_getc.o)
 .debug_str     0x0000129a        0x0 c:/program files/microchip/xc32/v2.50/bin/bin/../../lib/gcc/pic32mx/4.8.3/../../../../pic32mx/lib\libpic32.a(_mon_write.o)
 .debug_str     0x0000129a        0x0 c:/program files/microchip/xc32/v2.50/bin/bin/../../lib/gcc/pic32mx/4.8.3/../../../../pic32mx/lib\libpic32.a(xc32_uart.o)
 .debug_str     0x0000129a        0x0 c:/program files/microchip/xc32/v2.50/bin/bin/../../lib/gcc/pic32mx/4.8.3/../../../../pic32mx/lib\libpic32.a(_mon_putc.o)

.debug_loc      0x00000000     0x153f
 *(.debug_loc)
 .debug_loc     0x00000000      0xa6a c:/program files/microchip/xc32/v2.50/bin/bin/../../lib/gcc/pic32mx/4.8.3\libgcc.a(_udivdi3.o)
 .debug_loc     0x00000a6a       0x2c c:/program files/microchip/xc32/v2.50/bin/bin/../../lib/gcc/pic32mx/4.8.3/../../../../pic32mx/lib\libpic32.a(default-bootstrap-exception-handler.o)
 .debug_loc     0x00000a96      0xa3d c:/program files/microchip/xc32/v2.50/bin/bin/../../lib/gcc/pic32mx/4.8.3\libgcc.a(_umoddi3.o)
 .debug_loc     0x000014d3       0x20 c:/program files/microchip/xc32/v2.50/bin/bin/../../lib/gcc/pic32mx/4.8.3/../../../../pic32mx/lib\libpic32.a(_mon_getc.o)
 .debug_loc     0x000014f3       0x2c c:/program files/microchip/xc32/v2.50/bin/bin/../../lib/gcc/pic32mx/4.8.3/../../../../pic32mx/lib\libpic32.a(_mon_write.o)
 .debug_loc     0x0000151f       0x20 c:/program files/microchip/xc32/v2.50/bin/bin/../../lib/gcc/pic32mx/4.8.3/../../../../pic32mx/lib\libpic32.a(_mon_putc.o)

.debug_macinfo
 *(.debug_macinfo)

.debug_weaknames
 *(.debug_weaknames)

.debug_funcnames
 *(.debug_funcnames)

.debug_typenames
 *(.debug_typenames)

.debug_varnames
 *(.debug_varnames)

.debug_pubtypes
 *(.debug_pubtypes)

.debug_ranges   0x00000000      0x210
 *(.debug_ranges)
 .debug_ranges  0x00000000       0x18 build/default/production/FreeRTOS/TCPIP/FreeRTOS_DNS.o
 .debug_ranges  0x00000018       0x18 build/default/production/LAN9250.o
 .debug_ranges  0x00000030       0x98 c:/program files/microchip/xc32/v2.50/bin/bin/../../lib/gcc/pic32mx/4.8.3\libgcc.a(_udivdi3.o)
 .debug_ranges  0x000000c8       0x10 c:/program files/microchip/xc32/v2.50/bin/bin/../../lib/gcc/pic32mx/4.8.3/../../../../pic32mx/lib\libpic32.a(default-bootstrap-exception-handler.o)
 .debug_ranges  0x000000d8       0x10 c:/program files/microchip/xc32/v2.50/bin/bin/../../lib/gcc/pic32mx/4.8.3/../../../../pic32mx/lib\libpic32.a(default-on-reset.o)
 .debug_ranges  0x000000e8       0x10 c:/program files/microchip/xc32/v2.50/bin/bin/../../lib/gcc/pic32mx/4.8.3/../../../../pic32mx/lib\libpic32.a(default-on-bootstrap.o)
 .debug_ranges  0x000000f8       0x10 c:/program files/microchip/xc32/v2.50/bin/bin/../../lib/gcc/pic32mx/4.8.3/../../../../pic32mx/lib\libpic32.a(defaultinterrupt.o)
 .debug_ranges  0x00000108       0xd8 c:/program files/microchip/xc32/v2.50/bin/bin/../../lib/gcc/pic32mx/4.8.3\libgcc.a(_umoddi3.o)
 .debug_ranges  0x000001e0       0x10 c:/program files/microchip/xc32/v2.50/bin/bin/../../lib/gcc/pic32mx/4.8.3/../../../../pic32mx/lib\libpic32.a(_mon_getc.o)
 .debug_ranges  0x000001f0       0x10 c:/program files/microchip/xc32/v2.50/bin/bin/../../lib/gcc/pic32mx/4.8.3/../../../../pic32mx/lib\libpic32.a(_mon_write.o)
 .debug_ranges  0x00000200       0x10 c:/program files/microchip/xc32/v2.50/bin/bin/../../lib/gcc/pic32mx/4.8.3/../../../../pic32mx/lib\libpic32.a(_mon_putc.o)

.gnu.attributes
                0x00000000       0x10
 *(.gnu.attributes)
 .gnu.attributes
                0x00000000       0x10 build/default/production/FreeRTOS/Core/event_groups.o
 .gnu.attributes
                0x00000010       0x10 build/default/production/FreeRTOS/Core/list.o
 .gnu.attributes
                0x00000020       0x10 build/default/production/FreeRTOS/Core/queue.o
 .gnu.attributes
                0x00000030       0x10 build/default/production/FreeRTOS/Core/stream_buffer.o
 .gnu.attributes
                0x00000040       0x10 build/default/production/FreeRTOS/Core/tasks.o
 .gnu.attributes
                0x00000050       0x10 build/default/production/FreeRTOS/Core/timers.o
 .gnu.attributes
                0x00000060       0x10 build/default/production/FreeRTOS/Core/portable/MemMang/heap_4.o
 .gnu.attributes
                0x00000070       0x10 build/default/production/FreeRTOS/Core/portable/MPLAB/PIC32MX/port.o
 .gnu.attributes
                0x00000080       0x10 build/default/production/FreeRTOS/TCPIP/FreeRTOS_ARP.o
 .gnu.attributes
                0x00000090       0x10 build/default/production/FreeRTOS/TCPIP/FreeRTOS_DHCP.o
 .gnu.attributes
                0x000000a0       0x10 build/default/production/FreeRTOS/TCPIP/FreeRTOS_DNS.o
 .gnu.attributes
                0x000000b0       0x10 build/default/production/FreeRTOS/TCPIP/FreeRTOS_IP.o
 .gnu.attributes
                0x000000c0       0x10 build/default/production/FreeRTOS/TCPIP/FreeRTOS_Sockets.o
 .gnu.attributes
                0x000000d0       0x10 build/default/production/FreeRTOS/TCPIP/FreeRTOS_Stream_Buffer.o
 .gnu.attributes
                0x000000e0       0x10 build/default/production/FreeRTOS/TCPIP/FreeRTOS_TCP_IP.o
 .gnu.attributes
                0x000000f0       0x10 build/default/production/FreeRTOS/TCPIP/FreeRTOS_TCP_WIN.o
 .gnu.attributes
                0x00000100       0x10 build/default/production/FreeRTOS/TCPIP/FreeRTOS_UDP_IP.o
 .gnu.attributes
                0x00000110       0x10 build/default/production/FreeRTOS/TCPIP/portable/BufferManagement/BufferAllocation_2.o
 .gnu.attributes
                0x00000120       0x10 build/default/production/ConfigPerformance.o
 .gnu.attributes
                0x00000130       0x10 build/default/production/LAN9250.o
 .gnu.attributes
                0x00000140       0x10 build/default/production/NetworkInterface_LAN9250.o
 .gnu.attributes
                0x00000150       0x10 build/default/production/SPI.o
 .gnu.attributes
                0x00000160       0x10 build/default/production/UART.o
 .gnu.attributes
                0x00000170       0x10 build/default/production/main.o
 .gnu.attributes
                0x00000180       0x10 build/default/production/main_blinky.o
 .gnu.attributes
                0x00000190       0x10 build/default/production/LED.o
 .gnu.attributes
                0x000001a0       0x10 build/default/production/FiberComms.o
 .gnu.attributes
                0x000001b0       0x10 build/default/production/min.o
 .gnu.attributes
                0x000001c0       0x10 c:/program files/microchip/xc32/v2.50/bin/bin/../../lib/gcc/pic32mx/4.8.3\libgcc.a(_udivdi3.o)
 .gnu.attributes
                0x000001d0       0x10 c:/program files/microchip/xc32/v2.50/bin/bin/../../lib/gcc/pic32mx/4.8.3/../../../../pic32mx/lib\libpic32.a(default-bootstrap-exception-handler.o)
 .gnu.attributes
                0x000001e0       0x10 c:/program files/microchip/xc32/v2.50/bin/bin/../../lib/gcc/pic32mx/4.8.3/../../../../pic32mx/lib\libpic32.a(default-on-reset.o)
 .gnu.attributes
                0x000001f0       0x10 c:/program files/microchip/xc32/v2.50/bin/bin/../../lib/gcc/pic32mx/4.8.3/../../../../pic32mx/lib\libpic32.a(default-on-bootstrap.o)
 .gnu.attributes
                0x00000200       0x10 c:/program files/microchip/xc32/v2.50/bin/bin/../../lib/gcc/pic32mx/4.8.3/../../../../pic32mx/lib\libpic32.a(defaultinterrupt.o)
 .gnu.attributes
                0x00000210       0x10 c:/program files/microchip/xc32/v2.50/bin/bin/../../lib/gcc/pic32mx/4.8.3/../../../../pic32mx/lib\liblega-c.a(memmove.o)
 .gnu.attributes
                0x00000220       0x10 c:/program files/microchip/xc32/v2.50/bin/bin/../../lib/gcc/pic32mx/4.8.3/../../../../pic32mx/lib\liblega-c.a(rand.o)
 .gnu.attributes
                0x00000230       0x10 c:/program files/microchip/xc32/v2.50/bin/bin/../../lib/gcc/pic32mx/4.8.3/../../../../pic32mx/lib\liblega-c.a(snprintf_cdnopsuxX.eo)
 .gnu.attributes
                0x00000240       0x10 c:/program files/microchip/xc32/v2.50/bin/bin/../../lib/gcc/pic32mx/4.8.3/../../../../pic32mx/lib\liblega-c.a(stubs.o)
 .gnu.attributes
                0x00000250       0x10 c:/program files/microchip/xc32/v2.50/bin/bin/../../lib/gcc/pic32mx/4.8.3/../../../../pic32mx/lib\liblega-c.a(_doprnt_cdnopsuxX.eo)
 .gnu.attributes
                0x00000260       0x10 c:/program files/microchip/xc32/v2.50/bin/bin/../../lib/gcc/pic32mx/4.8.3/../../../../pic32mx/lib\liblega-c.a(_iobdata.o)
 .gnu.attributes
                0x00000270       0x10 c:/program files/microchip/xc32/v2.50/bin/bin/../../lib/gcc/pic32mx/4.8.3/../../../../pic32mx/lib\liblega-c.a(_iobfuncs.o)
 .gnu.attributes
                0x00000280       0x10 c:/program files/microchip/xc32/v2.50/bin/bin/../../lib/gcc/pic32mx/4.8.3/../../../../pic32mx/lib\liblega-c.a(_iobstring.o)
 .gnu.attributes
                0x00000290       0x10 c:/program files/microchip/xc32/v2.50/bin/bin/../../lib/gcc/pic32mx/4.8.3/../../../../pic32mx/lib\liblega-c.a(fputc.o)
 .gnu.attributes
                0x000002a0       0x10 c:/program files/microchip/xc32/v2.50/bin/bin/../../lib/gcc/pic32mx/4.8.3/../../../../pic32mx/lib\liblega-c.a(errno.o)
 .gnu.attributes
                0x000002b0       0x10 c:/program files/microchip/xc32/v2.50/bin/bin/../../lib/gcc/pic32mx/4.8.3\libgcc.a(_umoddi3.o)
 .gnu.attributes
                0x000002c0       0x10 c:/program files/microchip/xc32/v2.50/bin/bin/../../lib/gcc/pic32mx/4.8.3/../../../../pic32mx/lib\libpic32.a(_mon_getc.o)
 .gnu.attributes
                0x000002d0       0x10 c:/program files/microchip/xc32/v2.50/bin/bin/../../lib/gcc/pic32mx/4.8.3/../../../../pic32mx/lib\libpic32.a(_mon_write.o)
 .gnu.attributes
                0x000002e0       0x10 c:/program files/microchip/xc32/v2.50/bin/bin/../../lib/gcc/pic32mx/4.8.3/../../../../pic32mx/lib\libpic32.a(xc32_uart.o)
 .gnu.attributes
                0x000002f0       0x10 c:/program files/microchip/xc32/v2.50/bin/bin/../../lib/gcc/pic32mx/4.8.3/../../../../pic32mx/lib\libpic32.a(_mon_putc.o)
LOAD c:/program files/microchip/xc32/v2.50/bin/bin/../../lib/gcc/pic32mx/4.8.3\libgcc.a
START GROUP
LOAD c:/program files/microchip/xc32/v2.50/bin/bin/../../lib/gcc/pic32mx/4.8.3/../../../../pic32mx/lib\libpic32.a
LOAD c:/program files/microchip/xc32/v2.50/bin/bin/../../lib/gcc/pic32mx/4.8.3/../../../../pic32mx/lib\libdebug.a
LOAD c:/program files/microchip/xc32/v2.50/bin/bin/../../lib/gcc/pic32mx/4.8.3/../../../../pic32mx/lib\libpic32.a
LOAD c:/program files/microchip/xc32/v2.50/bin/bin/../../lib/gcc/pic32mx/4.8.3/../../../../pic32mx/lib\liblega-c.a
LOAD c:/program files/microchip/xc32/v2.50/bin/bin/../../lib/gcc/pic32mx/4.8.3/../../../../pic32mx/lib\libm.a
LOAD c:/program files/microchip/xc32/v2.50/bin/bin/../../lib/gcc/pic32mx/4.8.3/../../../../pic32mx/lib\libe.a
LOAD c:/program files/microchip/xc32/v2.50/bin/bin/../../lib/gcc/pic32mx/4.8.3/../../../../pic32mx/lib\libdsp.a
LOAD c:/program files/microchip/xc32/v2.50/bin/bin/../../lib/gcc/pic32mx/4.8.3\libgcc.a
LOAD c:/program files/microchip/xc32/v2.50/bin/bin/../../lib/gcc/pic32mx/4.8.3/../../../../pic32mx/lib\libpic32.a
END GROUP
LOAD c:/program files/microchip/xc32/v2.50/bin/bin/../../lib/gcc/pic32mx/4.8.3\libgcc.a
OUTPUT(dist/default/production/UD3_Fibernet.X.production.elf elf32-tradlittlemips)
LOAD stack
LOAD data_init

.reginfo        0x00000000       0x18
 .reginfo       0x00000000       0x18 c:/program files/microchip/xc32/v2.50/bin/bin/../../lib/gcc/pic32mx/4.8.3/../../../../pic32mx/lib\debug-exception-return.o

.stack          0xa000e8d0      0x400
 .stack         0xa000e8d0      0x400 stack

.bss            0xa0000158     0xdf5c
 .bss           0xa0000158     0xd6d8 build/default/production/FreeRTOS/Core/portable/MemMang/heap_4.o
 .bss           0xa000d830      0x884 build/default/production/FreeRTOS/TCPIP/portable/BufferManagement/BufferAllocation_2.o

.bss            0xa000e0b8      0x3e8
 .bss           0xa000e0b8      0x3e8 build/default/production/FreeRTOS/Core/portable/MPLAB/PIC32MX/port.o
                0xa000e0b8                xISRStack

.data           0xa000e4a0       0xd4
 .data          0xa000e4a0       0xd4 c:/program files/microchip/xc32/v2.50/bin/bin/../../lib/gcc/pic32mx/4.8.3/../../../../pic32mx/lib\liblega-c.a(_iobdata.o)

.bss            0xa000e574      0x150
 .bss           0xa000e574       0xc8 build/default/production/FreeRTOS/Core/tasks.o
 .bss           0xa000e63c       0x88 c:/program files/microchip/xc32/v2.50/bin/bin/../../lib/gcc/pic32mx/4.8.3/../../../../pic32mx/lib\liblega-c.a(_iobdata.o)

.bss            0xa000e6c4       0xd4
 .bss           0xa000e6c4       0x70 build/default/production/FreeRTOS/TCPIP/FreeRTOS_DNS.o
 .bss           0xa000e734       0x64 build/default/production/FreeRTOS/TCPIP/FreeRTOS_IP.o
                0xa000e734                xNetworkAddressing
                0xa000e748                xDefaultAddressing

.bss            0xa000e798       0x48
 .bss           0xa000e798       0x48 build/default/production/FreeRTOS/TCPIP/FreeRTOS_ARP.o

.data           0xa000e7e0       0x30
 .data          0xa000e7e0       0x30 c:/program files/microchip/xc32/v2.50/bin/bin/../../lib/gcc/pic32mx/4.8.3/../../../../pic32mx/lib\liblega-c.a(rand.o)

.bss            0xa000e810       0x48
 .bss           0xa000e810       0x28 build/default/production/FreeRTOS/Core/timers.o
 .bss           0xa000e838       0x20 build/default/production/FreeRTOS/TCPIP/FreeRTOS_DHCP.o

.data           0xa000e858       0x18
 .data          0xa000e858       0x18 build/default/production/FreeRTOS/TCPIP/FreeRTOS_UDP_IP.o
                0xa000e858                xDefaultPartUDPPacketHeader

.bss            0xa000e870       0x28
 .bss           0xa000e870       0x14 build/default/production/FreeRTOS/TCPIP/FreeRTOS_Sockets.o
 .bss           0xa000e884       0x14 build/default/production/FreeRTOS/TCPIP/FreeRTOS_TCP_WIN.o

.bss            0xa000e898        0xc
 .bss           0xa000e898        0xc build/default/production/FreeRTOS/TCPIP/FreeRTOS_TCP_IP.o

.bss            0xa000e0b4        0x4
 .bss           0xa000e0b4        0x4 c:/program files/microchip/xc32/v2.50/bin/bin/../../lib/gcc/pic32mx/4.8.3/../../../../pic32mx/lib\liblega-c.a(stubs.o)
                0xa000e0b4                __isthreaded

.bss%z1         0x00000000        0x0
 .bss           0x00000000        0x0 c:/program files/microchip/xc32/v2.50/bin/bin/../../lib/gcc/pic32mx/4.8.3/../../../../pic32mx/lib\libpic32.a(_mon_putc.o)

.data%z2        0x00000000        0x0
 .data          0x00000000        0x0 c:/program files/microchip/xc32/v2.50/bin/bin/../../lib/gcc/pic32mx/4.8.3/../../../../pic32mx/lib\libpic32.a(_mon_putc.o)

.bss%z3         0x00000000        0x0
 .bss           0x00000000        0x0 c:/program files/microchip/xc32/v2.50/bin/bin/../../lib/gcc/pic32mx/4.8.3/../../../../pic32mx/lib\libpic32.a(xc32_uart.o)

.data%z4        0x00000000        0x0
 .data          0x00000000        0x0 c:/program files/microchip/xc32/v2.50/bin/bin/../../lib/gcc/pic32mx/4.8.3/../../../../pic32mx/lib\libpic32.a(xc32_uart.o)

.bss%z5         0x00000000        0x0
 .bss           0x00000000        0x0 c:/program files/microchip/xc32/v2.50/bin/bin/../../lib/gcc/pic32mx/4.8.3/../../../../pic32mx/lib\libpic32.a(_mon_write.o)

.data%z6        0x00000000        0x0
 .data          0x00000000        0x0 c:/program files/microchip/xc32/v2.50/bin/bin/../../lib/gcc/pic32mx/4.8.3/../../../../pic32mx/lib\libpic32.a(_mon_write.o)

.bss%z7         0x00000000        0x0
 .bss           0x00000000        0x0 c:/program files/microchip/xc32/v2.50/bin/bin/../../lib/gcc/pic32mx/4.8.3/../../../../pic32mx/lib\libpic32.a(_mon_getc.o)

.data%z8        0x00000000        0x0
 .data          0x00000000        0x0 c:/program files/microchip/xc32/v2.50/bin/bin/../../lib/gcc/pic32mx/4.8.3/../../../../pic32mx/lib\libpic32.a(_mon_getc.o)

.bss%z9         0x00000000        0x0
 .bss           0x00000000        0x0 c:/program files/microchip/xc32/v2.50/bin/bin/../../lib/gcc/pic32mx/4.8.3\libgcc.a(_umoddi3.o)

.data%z10       0x00000000        0x0
 .data          0x00000000        0x0 c:/program files/microchip/xc32/v2.50/bin/bin/../../lib/gcc/pic32mx/4.8.3\libgcc.a(_umoddi3.o)

.bss%z11        0x00000000        0x0
 .bss           0x00000000        0x0 c:/program files/microchip/xc32/v2.50/bin/bin/../../lib/gcc/pic32mx/4.8.3/../../../../pic32mx/lib\liblega-c.a(errno.o)

.data%z12       0x00000000        0x0
 .data          0x00000000        0x0 c:/program files/microchip/xc32/v2.50/bin/bin/../../lib/gcc/pic32mx/4.8.3/../../../../pic32mx/lib\liblega-c.a(errno.o)

.bss%z13        0x00000000        0x0
 .bss           0x00000000        0x0 c:/program files/microchip/xc32/v2.50/bin/bin/../../lib/gcc/pic32mx/4.8.3/../../../../pic32mx/lib\liblega-c.a(fputc.o)

.data%z14       0x00000000        0x0
 .data          0x00000000        0x0 c:/program files/microchip/xc32/v2.50/bin/bin/../../lib/gcc/pic32mx/4.8.3/../../../../pic32mx/lib\liblega-c.a(fputc.o)

.bss%z15        0x00000000        0x0
 .bss           0x00000000        0x0 c:/program files/microchip/xc32/v2.50/bin/bin/../../lib/gcc/pic32mx/4.8.3/../../../../pic32mx/lib\liblega-c.a(_iobstring.o)

.data%z16       0x00000000        0x0
 .data          0x00000000        0x0 c:/program files/microchip/xc32/v2.50/bin/bin/../../lib/gcc/pic32mx/4.8.3/../../../../pic32mx/lib\liblega-c.a(_iobstring.o)

.bss%z17        0x00000000        0x0
 .bss           0x00000000        0x0 c:/program files/microchip/xc32/v2.50/bin/bin/../../lib/gcc/pic32mx/4.8.3/../../../../pic32mx/lib\liblega-c.a(_iobfuncs.o)

.data%z18       0x00000000        0x0
 .data          0x00000000        0x0 c:/program files/microchip/xc32/v2.50/bin/bin/../../lib/gcc/pic32mx/4.8.3/../../../../pic32mx/lib\liblega-c.a(_iobfuncs.o)

.bss%z19        0x00000000        0x0